Component: ARM Compiler 5.06 update 6 (build 750) Tool: armlink [4d35ed]

==============================================================================

Section Cross References

    startup_stm32f103xb.o(RESET) refers to startup_stm32f103xb.o(STACK) for __initial_sp
    startup_stm32f103xb.o(RESET) refers to startup_stm32f103xb.o(.text) for Reset_Handler
    startup_stm32f103xb.o(RESET) refers to stm32f1xx_it.o(i.NMI_Handler) for NMI_Handler
    startup_stm32f103xb.o(RESET) refers to stm32f1xx_it.o(i.HardFault_Handler) for HardFault_Handler
    startup_stm32f103xb.o(RESET) refers to stm32f1xx_it.o(i.MemManage_Handler) for MemManage_Handler
    startup_stm32f103xb.o(RESET) refers to stm32f1xx_it.o(i.BusFault_Handler) for BusFault_Handler
    startup_stm32f103xb.o(RESET) refers to stm32f1xx_it.o(i.UsageFault_Handler) for UsageFault_Handler
    startup_stm32f103xb.o(RESET) refers to stm32f1xx_it.o(i.SVC_Handler) for SVC_Handler
    startup_stm32f103xb.o(RESET) refers to stm32f1xx_it.o(i.DebugMon_Handler) for DebugMon_Handler
    startup_stm32f103xb.o(RESET) refers to stm32f1xx_it.o(i.PendSV_Handler) for PendSV_Handler
    startup_stm32f103xb.o(RESET) refers to stm32f1xx_it.o(i.SysTick_Handler) for SysTick_Handler
    startup_stm32f103xb.o(RESET) refers to global.o(i.TIM4_IRQHandler) for TIM4_IRQHandler
    startup_stm32f103xb.o(RESET) refers to stm32f1xx_it.o(i.USART1_IRQHandler) for USART1_IRQHandler
    startup_stm32f103xb.o(.text) refers to system_stm32f1xx.o(i.SystemInit) for SystemInit
    startup_stm32f103xb.o(.text) refers to entry.o(.ARM.Collect$$$$00000000) for __main
    main.o(i.Grbl_loop) refers to system.o(i.System_Clear) for System_Clear
    main.o(i.Grbl_loop) refers to probe.o(i.Probe_Reset) for Probe_Reset
    main.o(i.Grbl_loop) refers to gcode.o(i.GC_Init) for GC_Init
    main.o(i.Grbl_loop) refers to planner.o(i.Planner_Init) for Planner_Init
    main.o(i.Grbl_loop) refers to coolantcontrol.o(i.Coolant_Init) for Coolant_Init
    main.o(i.Grbl_loop) refers to limits.o(i.Limits_Init) for Limits_Init
    main.o(i.Grbl_loop) refers to probe.o(i.Probe_Init) for Probe_Init
    main.o(i.Grbl_loop) refers to spindlecontrol.o(i.Spindle_Init) for Spindle_Init
    main.o(i.Grbl_loop) refers to stepper.o(i.Stepper_Reset) for Stepper_Reset
    main.o(i.Grbl_loop) refers to planner.o(i.Planner_SyncPosition) for Planner_SyncPosition
    main.o(i.Grbl_loop) refers to gcode.o(i.GC_SyncPosition) for GC_SyncPosition
    main.o(i.Grbl_loop) refers to report.o(i.Report_InitMessage) for Report_InitMessage
    main.o(i.Grbl_loop) refers to protocol.o(i.Protocol_MainLoop) for Protocol_MainLoop
    main.o(i.Grbl_loop) refers to main.o(.bss) for .bss
    main.o(i.Grbl_loop) refers to main.o(.data) for .data
    main.o(i.Grbl_setup) refers to print.o(i.Print_Init) for Print_Init
    main.o(i.Grbl_setup) refers to system.o(i.System_Init) for System_Init
    main.o(i.Grbl_setup) refers to stepper.o(i.Stepper_Init) for Stepper_Init
    main.o(i.Grbl_setup) refers to settings.o(i.Settings_Init) for Settings_Init
    main.o(i.Grbl_setup) refers to system.o(i.System_ResetPosition) for System_ResetPosition
    main.o(i.Grbl_setup) refers to settings.o(.bss) for settings
    main.o(i.Grbl_setup) refers to main.o(.bss) for .bss
    main.o(i.SystemClock_Config) refers to stm32f1xx_hal_rcc.o(i.HAL_RCC_OscConfig) for HAL_RCC_OscConfig
    main.o(i.SystemClock_Config) refers to stm32f1xx_hal_rcc.o(i.HAL_RCC_ClockConfig) for HAL_RCC_ClockConfig
    main.o(i.SystemClock_Config) refers to stm32f1xx_hal_rcc.o(i.HAL_RCC_GetHCLKFreq) for HAL_RCC_GetHCLKFreq
    main.o(i.SystemClock_Config) refers to stm32f1xx_hal_cortex.o(i.HAL_SYSTICK_Config) for HAL_SYSTICK_Config
    main.o(i.SystemClock_Config) refers to stm32f1xx_hal_cortex.o(i.HAL_SYSTICK_CLKSourceConfig) for HAL_SYSTICK_CLKSourceConfig
    main.o(i.SystemClock_Config) refers to stm32f1xx_hal_cortex.o(i.HAL_NVIC_SetPriority) for HAL_NVIC_SetPriority
    main.o(i.main) refers to stm32f1xx_hal.o(i.HAL_Init) for HAL_Init
    main.o(i.main) refers to main.o(i.SystemClock_Config) for SystemClock_Config
    main.o(i.main) refers to gpio.o(i.MX_GPIO_Init) for MX_GPIO_Init
    main.o(i.main) refers to usart.o(i.MX_USART1_UART_Init) for MX_USART1_UART_Init
    main.o(i.main) refers to tim.o(i.MX_TIM3_Init) for MX_TIM3_Init
    main.o(i.main) refers to tim.o(i.MX_TIM4_Init) for MX_TIM4_Init
    main.o(i.main) refers to motor_setting.o(i.Motor_Setting_init) for Motor_Setting_init
    main.o(i.main) refers to main.o(i.Grbl_setup) for Grbl_setup
    main.o(i.main) refers to main.o(i.Grbl_loop) for Grbl_loop
    gpio.o(i.MX_GPIO_Init) refers to stm32f1xx_hal_gpio.o(i.HAL_GPIO_WritePin) for HAL_GPIO_WritePin
    gpio.o(i.MX_GPIO_Init) refers to stm32f1xx_hal_gpio.o(i.HAL_GPIO_Init) for HAL_GPIO_Init
    tim.o(i.HAL_TIM_Base_MspDeInit) refers to stm32f1xx_hal_cortex.o(i.HAL_NVIC_DisableIRQ) for HAL_NVIC_DisableIRQ
[...]
    probe_invert_mask                        0x2000001c   Data           1  probe.o(.data)
    .data                                    0x20000020   Section        4  spindlecontrol.o(.data)
    pwm_gradient                             0x20000020   Data           4  spindlecontrol.o(.data)
    .data                                    0x20000024   Section       16  stepper.o(.data)
    segment_buffer_tail                      0x20000024   Data           1  stepper.o(.data)
    segment_buffer_head                      0x20000025   Data           1  stepper.o(.data)
    segment_next_head                        0x20000026   Data           1  stepper.o(.data)
    step_port_invert_mask                    0x20000027   Data           1  stepper.o(.data)
    dir_port_invert_mask                     0x20000028   Data           1  stepper.o(.data)
    pl_block                                 0x2000002c   Data           4  stepper.o(.data)
    st_prep_block                            0x20000030   Data           4  stepper.o(.data)
    .data                                    0x20000034   Section       12  fifo_usart.o(.data)
    QueueIn                                  0x20000034   Data           6  fifo_usart.o(.data)
    QueueOut                                 0x2000003a   Data           6  fifo_usart.o(.data)
    .data                                    0x20000040   Section        2  hw_usart.o(.data)
    FifoInit                                 0x20000040   Data           1  hw_usart.o(.data)
    .data                                    0x20000042   Section        2  global.o(.data)
    .data                                    0x20000044   Section        4  errno.o(.data)
    _errno                                   0x20000044   Data           4  errno.o(.data)
    .bss                                     0x20000048   Section       20  main.o(.bss)
    .bss                                     0x2000005c   Section       12  main.o(.bss)
    .bss                                     0x20000068   Section       12  main.o(.bss)
    .bss                                     0x20000074   Section      128  tim.o(.bss)
    .bss                                     0x200000f4   Section       64  usart.o(.bss)
    .bss                                     0x20000138   Section       32  stm32f1xx_hal_flash.o(.bss)
    .bss                                     0x20000158   Section      132  gcode.o(.bss)
    .bss                                     0x200001dc   Section     3612  planner.o(.bss)
    planner                                  0x200001dc   Data          28  planner.o(.bss)
    block_buffer                             0x200001f8   Data        3584  planner.o(.bss)
    .bss                                     0x20000ff8   Section      200  protocol.o(.bss)
    line                                     0x20000ff8   Data         200  protocol.o(.bss)
    .bss                                     0x200010c0   Section       92  settings.o(.bss)
    .bss                                     0x2000111c   Section      972  stepper.o(.bss)
    st_block_buffer                          0x2000111c   Data         620  stepper.o(.bss)
    segment_buffer                           0x20001388   Data         256  stepper.o(.bss)
    st                                       0x20001488   Data          40  stepper.o(.bss)
    prep                                     0x200014b0   Data          56  stepper.o(.bss)
    .bss                                     0x200014e8   Section     1024  eeprom.o(.bss)
    EepromData                               0x200014e8   Data        1024  eeprom.o(.bss)
    .bss                                     0x200018e8   Section     1938  fifo_usart.o(.bss)
    Count                                    0x200018e8   Data          12  fifo_usart.o(.bss)
    FifoQueue                                0x200018f4   Data        1926  fifo_usart.o(.bss)
    STACK                                    0x20002080   Section     1024  startup_stm32f103xb.o(STACK)

    Global Symbols

    Symbol Name                              Value     Ov Type        Size  Object(Section)

    BuildAttributes$$THM_ISAv4$P$D$K$B$S$PE$A:L22UL41UL21$X:L11$S22US41US21$IEEE1$IW$USESV6$~STKCKD$USESV7$~SHL$OTIME$ROPI$IEEEX$EBA8$MICROLIB$REQ8$PRES8$EABIv2 0x00000000   Number         0  anon$$obj.o ABSOLUTE
    __ARM_use_no_argv                        0x00000000   Number         0  main.o ABSOLUTE
    __use_no_errno                           0x00000000   Number         0  useno.o ABSOLUTE
    __use_no_exception_handling              0x00000000   Number         0  useno.o ABSOLUTE
    __use_no_fp                              0x00000000   Number         0  useno.o ABSOLUTE
    __use_no_heap                            0x00000000   Number         0  useno.o ABSOLUTE
    __use_no_heap_region                     0x00000000   Number         0  useno.o ABSOLUTE
    __use_no_semihosting                     0x00000000   Number         0  useno.o ABSOLUTE
    __use_no_semihosting_swi                 0x00000000   Number         0  useno.o ABSOLUTE
    __use_no_signal_handling                 0x00000000   Number         0  useno.o ABSOLUTE
    __cpp_initialize__aeabi_                  - Undefined Weak Reference
    __cxa_finalize                            - Undefined Weak Reference
    __decompress                              - Undefined Weak Reference
    _clock_init                               - Undefined Weak Reference
    _microlib_exit                            - Undefined Weak Reference
    __Vectors_Size                           0x000000ec   Number         0  startup_stm32f103xb.o ABSOLUTE
    __Vectors                                0x08000000   Data           4  startup_stm32f103xb.o(RESET)
    __Vectors_End                            0x080000ec   Data           0  startup_stm32f103xb.o(RESET)
    __main                                   0x080000ed   Thumb Code     0  entry.o(.ARM.Collect$$$$00000000)
    _main_stk                                0x080000ed   Thumb Code     0  entry2.o(.ARM.Collect$$$$00000001)
    _main_scatterload                        0x080000f1   Thumb Code     0  entry5.o(.ARM.Collect$$$$00000004)
    __main_after_scatterload                 0x080000f5   Thumb Code     0  entry5.o(.ARM.Collect$$$$00000004)
    _main_clock                              0x080000f5   Thumb Code     0  entry7b.o(.ARM.Collect$$$$00000008)
    _main_cpp_init                           0x080000f5   Thumb Code     0  entry8b.o(.ARM.Collect$$$$0000000A)
    _main_init                               0x080000f5   Thumb Code     0  entry9a.o(.ARM.Collect$$$$0000000B)
    __rt_final_cpp                           0x080000fd   Thumb Code     0  entry10a.o(.ARM.Collect$$$$0000000D)
    __rt_final_exit                          0x080000fd   Thumb Code     0  entry11a.o(.ARM.Collect$$$$0000000F)
    Reset_Handler                            0x08000101   Thumb Code     8  startup_stm32f103xb.o(.text)
    ADC1_2_IRQHandler                        0x0800011b   Thumb Code     0  startup_stm32f103xb.o(.text)
    CAN1_RX1_IRQHandler                      0x0800011b   Thumb Code     0  startup_stm32f103xb.o(.text)
    CAN1_SCE_IRQHandler                      0x0800011b   Thumb Code     0  startup_stm32f103xb.o(.text)
    DMA1_Channel1_IRQHandler                 0x0800011b   Thumb Code     0  startup_stm32f103xb.o(.text)
    DMA1_Channel2_IRQHandler                 0x0800011b   Thumb Code     0  startup_stm32f103xb.o(.text)
    DMA1_Channel3_IRQHandler                 0x0800011b   Thumb Code     0  startup_stm32f103xb.o(.text)
    DMA1_Channel4_IRQHandler                 0x0800011b   Thumb Code     0  startup_stm32f103xb.o(.text)
    DMA1_Channel5_IRQHandler                 0x0800011b   Thumb Code     0  startup_stm32f103xb.o(.text)
    DMA1_Channel6_IRQHandler                 0x0800011b   Thumb Code     0  startup_stm32f103xb.o(.text)
    DMA1_Channel7_IRQHandler                 0x0800011b   Thumb Code     0  startup_stm32f103xb.o(.text)
    EXTI0_IRQHandler                         0x0800011b   Thumb Code     0  startup_stm32f103xb.o(.text)
    EXTI15_10_IRQHandler                     0x0800011b   Thumb Code     0  startup_stm32f103xb.o(.text)
    EXTI1_IRQHandler                         0x0800011b   Thumb Code     0  startup_stm32f103xb.o(.text)
    EXTI2_IRQHandler                         0x0800011b   Thumb Code     0  startup_stm32f103xb.o(.text)
    EXTI3_IRQHandler                         0x0800011b   Thumb Code     0  startup_stm32f103xb.o(.text)
    EXTI4_IRQHandler                         0x0800011b   Thumb Code     0  startup_stm32f103xb.o(.text)
    EXTI9_5_IRQHandler                       0x0800011b   Thumb Code     0  startup_stm32f103xb.o(.text)
    FLASH_IRQHandler                         0x0800011b   Thumb Code     0  startup_stm32f103xb.o(.text)
    I2C1_ER_IRQHandler                       0x0800011b   Thumb Code     0  startup_stm32f103xb.o(.text)
    I2C1_EV_IRQHandler                       0x0800011b   Thumb Code     0  startup_stm32f103xb.o(.text)
    I2C2_ER_IRQHandler                       0x0800011b   Thumb Code     0  startup_stm32f103xb.o(.text)
    I2C2_EV_IRQHandler                       0x0800011b   Thumb Code     0  startup_stm32f103xb.o(.text)
    PVD_IRQHandler                           0x0800011b   Thumb Code     0  startup_stm32f103xb.o(.text)
    RCC_IRQHandler                           0x0800011b   Thumb Code     0  startup_stm32f103xb.o(.text)
    RTC_Alarm_IRQHandler                     0x0800011b   Thumb Code     0  startup_stm32f103xb.o(.text)
    RTC_IRQHandler                           0x0800011b   Thumb Code     0  startup_stm32f103xb.o(.text)
    SPI1_IRQHandler                          0x0800011b   Thumb Code     0  startup_stm32f103xb.o(.text)
    SPI2_IRQHandler                          0x0800011b   Thumb Code     0  startup_stm32f103xb.o(.text)
    TAMPER_IRQHandler                        0x0800011b   Thumb Code     0  startup_stm32f103xb.o(.text)
    TIM1_BRK_IRQHandler                      0x0800011b   Thumb Code     0  startup_stm32f103xb.o(.text)
    TIM1_CC_IRQHandler                       0x0800011b   Thumb Code     0  startup_stm32f103xb.o(.text)
    TIM1_TRG_COM_IRQHandler                  0x0800011b   Thumb Code     0  startup_stm32f103xb.o(.text)
    TIM1_UP_IRQHandler                       0x0800011b   Thumb Code     0  startup_stm32f103xb.o(.text)
    TIM2_IRQHandler                          0x0800011b   Thumb Code     0  startup_stm32f103xb.o(.text)
    TIM3_IRQHandler                          0x0800011b   Thumb Code     0  startup_stm32f103xb.o(.text)
    USART2_IRQHandler                        0x0800011b   Thumb Code     0  startup_stm32f103xb.o(.text)
    USART3_IRQHandler                        0x0800011b   Thumb Code     0  startup_stm32f103xb.o(.text)
    USBWakeUp_IRQHandler                     0x0800011b   Thumb Code     0  startup_stm32f103xb.o(.text)
    USB_HP_CAN1_TX_IRQHandler                0x0800011b   Thumb Code     0  startup_stm32f103xb.o(.text)
    USB_LP_CAN1_RX0_IRQHandler               0x0800011b   Thumb Code     0  startup_stm32f103xb.o(.text)
    WWDG_IRQHandler                          0x0800011b   Thumb Code     0  startup_stm32f103xb.o(.text)
    __aeabi_llsr                             0x08000125   Thumb Code    32  llushr.o(.text)
    _ll_ushift_r                             0x08000125   Thumb Code     0  llushr.o(.text)
    __aeabi_memcpy                           0x08000145   Thumb Code    36  memcpya.o(.text)
    __aeabi_memcpy4                          0x08000145   Thumb Code     0  memcpya.o(.text)
    __aeabi_memcpy8                          0x08000145   Thumb Code     0  memcpya.o(.text)
    __aeabi_memset                           0x08000169   Thumb Code    14  memseta.o(.text)
    __aeabi_memset4                          0x08000169   Thumb Code     0  memseta.o(.text)
    __aeabi_memset8                          0x08000169   Thumb Code     0  memseta.o(.text)
    __aeabi_memclr                           0x08000177   Thumb Code     4  memseta.o(.text)
    __aeabi_memclr4                          0x08000177   Thumb Code     0  memseta.o(.text)
    __aeabi_memclr8                          0x08000177   Thumb Code     0  memseta.o(.text)
    _memset$wrapper                          0x0800017b   Thumb Code    18  memseta.o(.text)
    memcmp                                   0x0800018d   Thumb Code    26  memcmp.o(.text)
    __aeabi_fadd                             0x080001a7   Thumb Code   164  fadd.o(.text)
    __aeabi_fsub                             0x0800024b   Thumb Code     6  fadd.o(.text)
    __aeabi_frsub                            0x08000251   Thumb Code     6  fadd.o(.text)
    __aeabi_fmul                             0x08000257   Thumb Code   100  fmul.o(.text)
    __aeabi_fdiv                             0x080002bb   Thumb Code   124  fdiv.o(.text)
    __ARM_scalbnf                            0x08000337   Thumb Code    24  fscalb.o(.text)
    scalbnf                                  0x08000337   Thumb Code     0  fscalb.o(.text)
    __aeabi_dadd                             0x0800034f   Thumb Code   322  dadd.o(.text)
    __aeabi_dsub                             0x08000491   Thumb Code     6  dadd.o(.text)
    __aeabi_drsub                            0x08000497   Thumb Code     6  dadd.o(.text)
    __aeabi_dmul                             0x0800049d   Thumb Code   228  dmul.o(.text)
    __aeabi_ddiv                             0x08000581   Thumb Code   222  ddiv.o(.text)
    __ARM_scalbn                             0x0800065f   Thumb Code    46  dscalb.o(.text)
    scalbn                                   0x0800065f   Thumb Code     0  dscalb.o(.text)
    __aeabi_i2f                              0x0800068d   Thumb Code    18  fflti.o(.text)
    __aeabi_ui2f                             0x0800069f   Thumb Code    10  ffltui.o(.text)
    __aeabi_ui2d                             0x080006a9   Thumb Code    26  dfltui.o(.text)
    __aeabi_f2iz                             0x080006c3   Thumb Code    50  ffixi.o(.text)
    __aeabi_f2uiz                            0x080006f5   Thumb Code    40  ffixui.o(.text)
    __aeabi_d2iz                             0x0800071d   Thumb Code    62  dfixi.o(.text)
    __aeabi_d2uiz                            0x0800075b   Thumb Code    50  dfixui.o(.text)
    __aeabi_f2d                              0x0800078d   Thumb Code    38  f2d.o(.text)
    __aeabi_cdcmpeq                          0x080007b5   Thumb Code     0  cdcmple.o(.text)
    __aeabi_cdcmple                          0x080007b5   Thumb Code    48  cdcmple.o(.text)
    __aeabi_cdrcmple                         0x080007e5   Thumb Code    48  cdrcmple.o(.text)
    __aeabi_d2f                              0x08000815   Thumb Code    56  d2f.o(.text)
    __aeabi_cfcmpeq                          0x0800084d   Thumb Code     0  cfcmple.o(.text)
    __aeabi_cfcmple                          0x0800084d   Thumb Code    20  cfcmple.o(.text)
    __aeabi_cfrcmple                         0x08000861   Thumb Code    20  cfrcmple.o(.text)
    __aeabi_uidiv                            0x08000875   Thumb Code     0  uidiv.o(.text)
    __aeabi_uidivmod                         0x08000875   Thumb Code    44  uidiv.o(.text)
    __aeabi_uldivmod                         0x080008a1   Thumb Code    98  uldiv.o(.text)
    __aeabi_llsl                             0x08000903   Thumb Code    30  llshl.o(.text)
    _ll_shift_l                              0x08000903   Thumb Code     0  llshl.o(.text)
    __aeabi_lasr                             0x08000921   Thumb Code    36  llsshr.o(.text)
    _ll_sshift_r                             0x08000921   Thumb Code     0  llsshr.o(.text)
    __I$use$fp                               0x08000945   Thumb Code     0  iusefp.o(.text)
    _float_round                             0x08000945   Thumb Code    18  fepilogue.o(.text)
    _float_epilogue                          0x08000957   Thumb Code    92  fepilogue.o(.text)
    _double_round                            0x080009b3   Thumb Code    30  depilogue.o(.text)
    _double_epilogue                         0x080009d1   Thumb Code   156  depilogue.o(.text)
    _dsqrt                                   0x08000a6d   Thumb Code   162  dsqrt.o(.text)
    _drnd                                    0x08000b11   Thumb Code   132  drnd.o(.text)
    __aeabi_d2ulz                            0x08000b99   Thumb Code    48  dfixul.o(.text)
    _dfix_r                                  0x08000bc9   Thumb Code   168  dfixir.o(.text)
    __scatterload                            0x08000c71   Thumb Code    28  init.o(.text)
    __scatterload_rt2                        0x08000c71   Thumb Code     0  init.o(.text)
    __aeabi_i2d                              0x08000c95   Thumb Code    34  dflti.o(.text)
    BusFault_Handler                         0x08000cb7   Thumb Code     2  stm32f1xx_it.o(i.BusFault_Handler)
    Coolant_GetState                         0x08000cb9   Thumb Code    22  coolantcontrol.o(i.Coolant_GetState)
    Coolant_Init                             0x08000cd5   Thumb Code    16  coolantcontrol.o(i.Coolant_Init)
    Coolant_SetState                         0x08000ce5   Thumb Code    36  coolantcontrol.o(i.Coolant_SetState)
    Coolant_Stop                             0x08000d11   Thumb Code    12  coolantcontrol.o(i.Coolant_Stop)
    Coolant_Sync                             0x08000d21   Thumb Code    28  coolantcontrol.o(i.Coolant_Sync)
    DebugMon_Handler                         0x08000d41   Thumb Code     2  stm32f1xx_it.o(i.DebugMon_Handler)
    Delay_ms                                 0x08000d43   Thumb Code    24  system32.o(i.Delay_ms)
    Delay_sec                                0x08000d5d   Thumb Code    66  util.o(i.Delay_sec)
    Delay_us                                 0x08000da9   Thumb Code    12  system32.o(i.Delay_us)
    EE_Erase                                 0x08000db5   Thumb Code    38  eeprom.o(i.EE_Erase)
    EE_Init                                  0x08000de1   Thumb Code    12  eeprom.o(i.EE_Init)
    EE_Program                               0x08000df5   Thumb Code    54  eeprom.o(i.EE_Program)
    EE_ReadByte                              0x08000e35   Thumb Code     6  eeprom.o(i.EE_ReadByte)
    EE_ReadByteArray                         0x08000e41   Thumb Code    56  eeprom.o(i.EE_ReadByteArray)
    EE_WriteByte                             0x08000e7d   Thumb Code     6  eeprom.o(i.EE_WriteByte)
    EE_WriteByteArray                        0x08000e89   Thumb Code    46  eeprom.o(i.EE_WriteByteArray)
    FLASH_PageErase                          0x08000ee1   Thumb Code    28  stm32f1xx_hal_flash_ex.o(i.FLASH_PageErase)
    FLASH_WaitForLastOperation               0x08000f7d   Thumb Code    80  stm32f1xx_hal_flash.o(i.FLASH_WaitForLastOperation)
    FifoUsart_Available                      0x08000fd1   Thumb Code    22  fifo_usart.o(i.FifoUsart_Available)
    FifoUsart_Get                            0x08000fed   Thumb Code   104  fifo_usart.o(i.FifoUsart_Get)
    FifoUsart_Init                           0x0800105d   Thumb Code    24  fifo_usart.o(i.FifoUsart_Init)
    FifoUsart_Insert                         0x0800107d   Thumb Code   112  fifo_usart.o(i.FifoUsart_Insert)
    GC_ExecuteLine                           0x080010f5   Thumb Code  3602  gcode.o(i.GC_ExecuteLine)
    GC_Init                                  0x08001f11   Thumb Code    38  gcode.o(i.GC_Init)
    GC_SyncPosition                          0x08001f3d   Thumb Code     8  gcode.o(i.GC_SyncPosition)
    GPIO_InitGPIO                            0x08001f4d   Thumb Code     2  hw_gpio.o(i.GPIO_InitGPIO)
    Getc                                     0x08001f4f   Thumb Code    22  print.o(i.Getc)
    Grbl_loop                                0x08001f65   Thumb Code    78  main.o(i.Grbl_loop)
    Grbl_setup                               0x08001fbd   Thumb Code    44  main.o(i.Grbl_setup)
    HAL_DMA_Abort_IT                         0x08001ff1   Thumb Code   148  stm32f1xx_hal_dma.o(i.HAL_DMA_Abort_IT)
    HAL_Delay                                0x08002089   Thumb Code    32  stm32f1xx_hal.o(i.HAL_Delay)
    HAL_FLASHEx_Erase                        0x080020ad   Thumb Code   160  stm32f1xx_hal_flash_ex.o(i.HAL_FLASHEx_Erase)
    HAL_FLASH_Lock                           0x08002155   Thumb Code    14  stm32f1xx_hal_flash.o(i.HAL_FLASH_Lock)
    HAL_FLASH_Program                        0x08002169   Thumb Code   120  stm32f1xx_hal_flash.o(i.HAL_FLASH_Program)
    HAL_FLASH_Unlock                         0x080021e9   Thumb Code    28  stm32f1xx_hal_flash.o(i.HAL_FLASH_Unlock)
    HAL_GPIO_Init                            0x08002211   Thumb Code   408  stm32f1xx_hal_gpio.o(i.HAL_GPIO_Init)
    HAL_GPIO_ReadPin                         0x080023cd   Thumb Code    10  stm32f1xx_hal_gpio.o(i.HAL_GPIO_ReadPin)
    HAL_GPIO_TogglePin                       0x080023d7   Thumb Code     8  stm32f1xx_hal_gpio.o(i.HAL_GPIO_TogglePin)
    HAL_GPIO_WritePin                        0x080023df   Thumb Code    10  stm32f1xx_hal_gpio.o(i.HAL_GPIO_WritePin)
    HAL_GetTick                              0x080023e9   Thumb Code     6  stm32f1xx_hal.o(i.HAL_GetTick)
    HAL_IncTick                              0x080023f5   Thumb Code    12  stm32f1xx_hal.o(i.HAL_IncTick)
    HAL_Init                                 0x08002405   Thumb Code    32  stm32f1xx_hal.o(i.HAL_Init)
    HAL_InitTick                             0x08002429   Thumb Code    54  stm32f1xx_hal.o(i.HAL_InitTick)
    HAL_MspInit                              0x08002469   Thumb Code   134  stm32f1xx_hal_msp.o(i.HAL_MspInit)
    HAL_NVIC_EnableIRQ                       0x080024f9   Thumb Code    22  stm32f1xx_hal_cortex.o(i.HAL_NVIC_EnableIRQ)
    HAL_NVIC_SetPriority                     0x08002511   Thumb Code    60  stm32f1xx_hal_cortex.o(i.HAL_NVIC_SetPriority)
    HAL_NVIC_SetPriorityGrouping             0x08002551   Thumb Code    26  stm32f1xx_hal_cortex.o(i.HAL_NVIC_SetPriorityGrouping)
    HAL_RCC_ClockConfig                      0x08002575   Thumb Code   322  stm32f1xx_hal_rcc.o(i.HAL_RCC_ClockConfig)
    HAL_RCC_GetHCLKFreq                      0x080026c9   Thumb Code     6  stm32f1xx_hal_rcc.o(i.HAL_RCC_GetHCLKFreq)
    HAL_RCC_GetPCLK1Freq                     0x080026d5   Thumb Code    20  stm32f1xx_hal_rcc.o(i.HAL_RCC_GetPCLK1Freq)
    HAL_RCC_GetPCLK2Freq                     0x080026f5   Thumb Code    20  stm32f1xx_hal_rcc.o(i.HAL_RCC_GetPCLK2Freq)
    HAL_RCC_GetSysClockFreq                  0x08002715   Thumb Code    74  stm32f1xx_hal_rcc.o(i.HAL_RCC_GetSysClockFreq)
    HAL_RCC_OscConfig                        0x08002781   Thumb Code   750  stm32f1xx_hal_rcc.o(i.HAL_RCC_OscConfig)
    HAL_SYSTICK_CLKSourceConfig              0x08002a85   Thumb Code    24  stm32f1xx_hal_cortex.o(i.HAL_SYSTICK_CLKSourceConfig)
    HAL_SYSTICK_Callback                     0x08002a9d   Thumb Code    88  global.o(i.HAL_SYSTICK_Callback)
    HAL_SYSTICK_Config                       0x08002afd   Thumb Code    40  stm32f1xx_hal_cortex.o(i.HAL_SYSTICK_Config)
    HAL_SYSTICK_IRQHandler                   0x08002b25   Thumb Code     8  stm32f1xx_hal_cortex.o(i.HAL_SYSTICK_IRQHandler)
    HAL_TIMEx_MasterConfigSynchronization    0x08002b2d   Thumb Code    80  stm32f1xx_hal_tim_ex.o(i.HAL_TIMEx_MasterConfigSynchronization)
    HAL_TIM_Base_Init                        0x08002b7d   Thumb Code    54  stm32f1xx_hal_tim.o(i.HAL_TIM_Base_Init)
    HAL_TIM_Base_MspInit                     0x08002bb5   Thumb Code    72  tim.o(i.HAL_TIM_Base_MspInit)
    HAL_TIM_ConfigClockSource                0x08002c09   Thumb Code   242  stm32f1xx_hal_tim.o(i.HAL_TIM_ConfigClockSource)
    HAL_TIM_MspPostInit                      0x08002cfd   Thumb Code    28  tim.o(i.HAL_TIM_MspPostInit)
    HAL_TIM_OC_ConfigChannel                 0x08002d21   Thumb Code    86  stm32f1xx_hal_tim.o(i.HAL_TIM_OC_ConfigChannel)
    HAL_TIM_OC_Init                          0x08002d77   Thumb Code    54  stm32f1xx_hal_tim.o(i.HAL_TIM_OC_Init)
    HAL_TIM_OC_MspInit                       0x08002dad   Thumb Code     2  stm32f1xx_hal_tim.o(i.HAL_TIM_OC_MspInit)
    HAL_TIM_OC_Start_IT                      0x08002db1   Thumb Code    92  stm32f1xx_hal_tim.o(i.HAL_TIM_OC_Start_IT)
    HAL_TIM_PWM_ConfigChannel                0x08002e11   Thumb Code   208  stm32f1xx_hal_tim.o(i.HAL_TIM_PWM_ConfigChannel)
    HAL_TIM_PWM_Init                         0x08002ee1   Thumb Code    54  stm32f1xx_hal_tim.o(i.HAL_TIM_PWM_Init)
    HAL_TIM_PWM_MspInit                      0x08002f17   Thumb Code     2  stm32f1xx_hal_tim.o(i.HAL_TIM_PWM_MspInit)
    HAL_UART_ErrorCallback                   0x08002f19   Thumb Code     2  stm32f1xx_hal_uart.o(i.HAL_UART_ErrorCallback)
    HAL_UART_IRQHandler                      0x08002f1d   Thumb Code   266  stm32f1xx_hal_uart.o(i.HAL_UART_IRQHandler)
    HAL_UART_Init                            0x0800302d   Thumb Code    98  stm32f1xx_hal_uart.o(i.HAL_UART_Init)
    HAL_UART_MspInit                         0x08003091   Thumb Code    92  usart.o(i.HAL_UART_MspInit)
    HAL_UART_Receive_IT                      0x080030f9   Thumb Code    82  stm32f1xx_hal_uart.o(i.HAL_UART_Receive_IT)
    HAL_UART_RxCpltCallback                  0x0800314d   Thumb Code   202  global.o(i.HAL_UART_RxCpltCallback)
    HAL_UART_TxCpltCallback                  0x08003225   Thumb Code     2  global.o(i.HAL_UART_TxCpltCallback)
    HardFault_Handler                        0x08003227   Thumb Code     2  stm32f1xx_it.o(i.HardFault_Handler)
    Jog_Execute                              0x08003229   Thumb Code    82  jog.o(i.Jog_Execute)
    Limit_PinChangeISR                       0x08003285   Thumb Code    52  limits.o(i.Limit_PinChangeISR)
    Limits_Disable                           0x080032c5   Thumb Code    14  limits.o(i.Limits_Disable)
    Limits_GetState                          0x080032d9   Thumb Code    58  limits.o(i.Limits_GetState)
    Limits_GoHome                            0x0800331d   Thumb Code   590  limits.o(i.Limits_GoHome)
    Limits_Init                              0x08003589   Thumb Code    38  limits.o(i.Limits_Init)
    Limits_SoftCheck                         0x080035b5   Thumb Code    64  limits.o(i.Limits_SoftCheck)
    MC_Arc                                   0x080035f9   Thumb Code   756  motioncontrol.o(i.MC_Arc)
    MC_Dwell                                 0x08003911   Thumb Code    30  motioncontrol.o(i.MC_Dwell)
    MC_HomigCycle                            0x08003935   Thumb Code    48  motioncontrol.o(i.MC_HomigCycle)
    MC_Line                                  0x08003969   Thumb Code   102  motioncontrol.o(i.MC_Line)
    MC_ProbeCycle                            0x080039d9   Thumb Code   190  motioncontrol.o(i.MC_ProbeCycle)
    MC_Reset                                 0x08003aa9   Thumb Code    72  motioncontrol.o(i.MC_Reset)
    MX_GPIO_Init                             0x08003afd   Thumb Code   326  gpio.o(i.MX_GPIO_Init)
    MX_TIM3_Init                             0x08003c55   Thumb Code   142  tim.o(i.MX_TIM3_Init)
    MX_TIM4_Init                             0x08003cfd   Thumb Code   144  tim.o(i.MX_TIM4_Init)
    MX_USART1_UART_Init                      0x08003da5   Thumb Code    52  usart.o(i.MX_USART1_UART_Init)
    MemManage_Handler                        0x08003df1   Thumb Code     2  stm32f1xx_it.o(i.MemManage_Handler)
    Motor_Setting_init                       0x08003df3   Thumb Code    22  motor_setting.o(i.Motor_Setting_init)
    NMI_Handler                              0x08003e5d   Thumb Code     2  stm32f1xx_it.o(i.NMI_Handler)
    PendSV_Handler                           0x08003e7f   Thumb Code     2  stm32f1xx_it.o(i.PendSV_Handler)
    Planner_BufferLine                       0x08003e81   Thumb Code   582  planner.o(i.Planner_BufferLine)
    Planner_CheckBufferFull                  0x080040e9   Thumb Code    18  planner.o(i.Planner_CheckBufferFull)
    Planner_ComputeProfileNominalSpeed       0x08004101   Thumb Code   128  planner.o(i.Planner_ComputeProfileNominalSpeed)
    Planner_CycleReinitialize                0x080041bd   Thumb Code    20  planner.o(i.Planner_CycleReinitialize)
    Planner_DiscardCurrentBlock              0x080041d5   Thumb Code    30  planner.o(i.Planner_DiscardCurrentBlock)
    Planner_GetBlockBufferAvailable          0x080041f9   Thumb Code    26  planner.o(i.Planner_GetBlockBufferAvailable)
    Planner_GetCurrentBlock                  0x08004219   Thumb Code    26  planner.o(i.Planner_GetCurrentBlock)
    Planner_GetExecBlockExitSpeedSqr         0x0800423d   Thumb Code    34  planner.o(i.Planner_GetExecBlockExitSpeedSqr)
    Planner_GetSystemMotionBlock             0x08004269   Thumb Code    16  planner.o(i.Planner_GetSystemMotionBlock)
    Planner_Init                             0x08004281   Thumb Code     4  planner.o(i.Planner_Init)
    Planner_NextBlockIndex                   0x08004285   Thumb Code    12  planner.o(i.Planner_NextBlockIndex)
    Planner_Reset                            0x080043c5   Thumb Code    18  planner.o(i.Planner_Reset)
    Planner_ResetBuffer                      0x080043dd   Thumb Code    16  planner.o(i.Planner_ResetBuffer)
    Planner_SyncPosition                     0x080043f1   Thumb Code    26  planner.o(i.Planner_SyncPosition)
    Planner_UpdateVelocityProfileParams      0x08004415   Thumb Code    68  planner.o(i.Planner_UpdateVelocityProfileParams)
    PrintFloat                               0x08004465   Thumb Code   160  print.o(i.PrintFloat)
    PrintFloat_CoordValue                    0x0800450d   Thumb Code    42  print.o(i.PrintFloat_CoordValue)
    PrintFloat_RateValue                     0x08004545   Thumb Code    38  print.o(i.PrintFloat_RateValue)
    Print_Init                               0x08004579   Thumb Code    10  print.o(i.Print_Init)
    Printf_MSG                               0x08004589   Thumb Code    56  print.o(i.Printf_MSG)
    Probe_ConfigureInvertMask                0x080045c1   Thumb Code    34  probe.o(i.Probe_ConfigureInvertMask)
    Probe_GetState                           0x080045ed   Thumb Code    18  probe.o(i.Probe_GetState)
    Probe_Init                               0x08004609   Thumb Code    18  probe.o(i.Probe_Init)
    Probe_Reset                              0x0800461d   Thumb Code    12  probe.o(i.Probe_Reset)
    Probe_StateMonitor                       0x0800462d   Thumb Code    38  probe.o(i.Probe_StateMonitor)
    Protocol_AutoCycleStart                  0x08004665   Thumb Code    22  protocol.o(i.Protocol_AutoCycleStart)
    Protocol_BufferSynchronize               0x0800467d   Thumb Code    34  protocol.o(i.Protocol_BufferSynchronize)
    Protocol_ExecRtSystem                    0x0800484d   Thumb Code   782  protocol.o(i.Protocol_ExecRtSystem)
    Protocol_ExecuteRealtime                 0x08004b75   Thumb Code    24  protocol.o(i.Protocol_ExecuteRealtime)
    Protocol_MainLoop                        0x08004b91   Thumb Code   290  protocol.o(i.Protocol_MainLoop)
    Putc                                     0x08004cc9   Thumb Code    16  print.o(i.Putc)
    ReadGlobalSettings                       0x08004cdd   Thumb Code    34  settings.o(i.ReadGlobalSettings)
    Read_Float                               0x08004d05   Thumb Code   222  util.o(i.Read_Float)
    Report_AlarmMessage                      0x08004df9   Thumb Code    34  report.o(i.Report_AlarmMessage)
    Report_BuildInfo                         0x08004e4d   Thumb Code    74  report.o(i.Report_BuildInfo)
    Report_FeedbackMessage                   0x08004ec9   Thumb Code    84  report.o(i.Report_FeedbackMessage)
    Report_GCodeModes                        0x08004fcd   Thumb Code   262  report.o(i.Report_GCodeModes)
    Report_GrblHelp                          0x080050fd   Thumb Code     6  report.o(i.Report_GrblHelp)
    Report_GrblSettings                      0x08005109   Thumb Code   332  report.o(i.Report_GrblSettings)
    Report_InitMessage                       0x0800525d   Thumb Code     6  report.o(i.Report_InitMessage)
    Report_NgcParams                         0x08005299   Thumb Code   124  report.o(i.Report_NgcParams)
    Report_ProbeParams                       0x08005339   Thumb Code    44  report.o(i.Report_ProbeParams)
    Report_RealtimeStatus                    0x08005379   Thumb Code   686  report.o(i.Report_RealtimeStatus)
    Report_StatusMessage                     0x080056e1   Thumb Code    38  report.o(i.Report_StatusMessage)
    SVC_Handler                              0x0800571d   Thumb Code     2  stm32f1xx_it.o(i.SVC_Handler)
    Settings_GetDirectionPinMask             0x0800571f   Thumb Code    18  settings.o(i.Settings_GetDirectionPinMask)
    Settings_GetStepPinMask                  0x08005731   Thumb Code    18  settings.o(i.Settings_GetStepPinMask)
    Settings_Init                            0x08005743   Thumb Code    36  settings.o(i.Settings_Init)
    Settings_ReadBuildInfo                   0x08005767   Thumb Code    34  settings.o(i.Settings_ReadBuildInfo)
    Settings_ReadCoordData                   0x08005789   Thumb Code    44  settings.o(i.Settings_ReadCoordData)
    Settings_Restore                         0x080057b5   Thumb Code   188  settings.o(i.Settings_Restore)
    Settings_StoreBuildInfo                  0x08005895   Thumb Code    22  settings.o(i.Settings_StoreBuildInfo)
    Settings_StoreGlobalSetting              0x080058ad   Thumb Code   466  settings.o(i.Settings_StoreGlobalSetting)
    Settings_WriteCoordData                  0x08005a8d   Thumb Code    38  settings.o(i.Settings_WriteCoordData)
    Spindle_ComputePwmValue                  0x08005ab5   Thumb Code   148  spindlecontrol.o(i.Spindle_ComputePwmValue)
    Spindle_GetState                         0x08005b61   Thumb Code    16  spindlecontrol.o(i.Spindle_GetState)
    Spindle_Init                             0x08005b75   Thumb Code    42  spindlecontrol.o(i.Spindle_Init)
    Spindle_SetSpeed                         0x08005bad   Thumb Code    50  spindlecontrol.o(i.Spindle_SetSpeed)
    Spindle_SetState                         0x08005be5   Thumb Code    80  spindlecontrol.o(i.Spindle_SetState)
    Spindle_Stop                             0x08005c41   Thumb Code    18  spindlecontrol.o(i.Spindle_Stop)
    Spindle_Sync                             0x08005c5d   Thumb Code    32  spindlecontrol.o(i.Spindle_Sync)
    Spindle_Timer_init                       0x08005c81   Thumb Code     2  hw_tim.o(i.Spindle_Timer_init)
    Stepper_Disable                          0x08005c85   Thumb Code   114  stepper.o(i.Stepper_Disable)
    Stepper_GenerateStepDirInvertMasks       0x08005d0d   Thumb Code    76  stepper.o(i.Stepper_GenerateStepDirInvertMasks)
    Stepper_GetRealtimeRate                  0x08005d61   Thumb Code    16  stepper.o(i.Stepper_GetRealtimeRate)
    Stepper_Init                             0x08005d79   Thumb Code    16  stepper.o(i.Stepper_Init)
    Stepper_MainISR                          0x08005d89   Thumb Code   536  stepper.o(i.Stepper_MainISR)
    Stepper_PortResetISR                     0x08005fcd   Thumb Code    74  stepper.o(i.Stepper_PortResetISR)
    Stepper_PrepareBuffer                    0x08006025   Thumb Code  1902  stepper.o(i.Stepper_PrepareBuffer)
    Stepper_Reset                            0x080067a1   Thumb Code   126  stepper.o(i.Stepper_Reset)
    Stepper_Timer_init                       0x08006831   Thumb Code    52  hw_tim.o(i.Stepper_Timer_init)
    Stepper_UpdatePlannerBlockParams         0x08006869   Thumb Code    36  stepper.o(i.Stepper_UpdatePlannerBlockParams)
    Stepper_WakeUp                           0x08006895   Thumb Code    46  stepper.o(i.Stepper_WakeUp)
    SysTick_Handler                          0x080068d5   Thumb Code    14  stm32f1xx_it.o(i.SysTick_Handler)
    SystemClock_Config                       0x080068e3   Thumb Code   104  main.o(i.SystemClock_Config)
    SystemInit                               0x0800694d   Thumb Code    56  system_stm32f1xx.o(i.SystemInit)
    System_CheckSafetyDoorAjar               0x08006995   Thumb Code    12  system.o(i.System_CheckSafetyDoorAjar)
    System_CheckTravelLimits                 0x080069a1   Thumb Code    54  system.o(i.System_CheckTravelLimits)
    System_Clear                             0x080069dd   Thumb Code    22  system.o(i.System_Clear)
    System_ClearExecAccessoryOverrides       0x080069f9   Thumb Code    18  system.o(i.System_ClearExecAccessoryOverrides)
    System_ClearExecAlarm                    0x08006a11   Thumb Code    18  system.o(i.System_ClearExecAlarm)
    System_ClearExecMotionOverride           0x08006a29   Thumb Code    18  system.o(i.System_ClearExecMotionOverride)
    System_ClearExecStateFlag                0x08006a41   Thumb Code    20  system.o(i.System_ClearExecStateFlag)
    System_ConvertArraySteps2Mpos            0x08006a59   Thumb Code    30  system.o(i.System_ConvertArraySteps2Mpos)
    System_ConvertAxisSteps2Mpos             0x08006a79   Thumb Code    26  system.o(i.System_ConvertAxisSteps2Mpos)
    System_ExecuteLine                       0x08006a99   Thumb Code   500  system.o(i.System_ExecuteLine)
    System_ExecuteStartup                    0x08006c99   Thumb Code     2  system.o(i.System_ExecuteStartup)
    System_FlagWcoChange                     0x08006c9d   Thumb Code    14  system.o(i.System_FlagWcoChange)
    System_GetControlState                   0x08006cb1   Thumb Code    98  system.o(i.System_GetControlState)
    System_Init                              0x08006d1d   Thumb Code     6  system.o(i.System_Init)
    System_PinChangeISR                      0x08006d25   Thumb Code    62  system.o(i.System_PinChangeISR)
    System_ResetPosition                     0x08006d69   Thumb Code    12  system.o(i.System_ResetPosition)
    System_SetExecAccessoryOverrideFlag      0x08006d79   Thumb Code    20  system.o(i.System_SetExecAccessoryOverrideFlag)
    System_SetExecAlarm                      0x08006d91   Thumb Code    16  system.o(i.System_SetExecAlarm)
    System_SetExecMotionOverrideFlag         0x08006da5   Thumb Code    20  system.o(i.System_SetExecMotionOverrideFlag)
    System_SetExecStateFlag                  0x08006dbd   Thumb Code    20  system.o(i.System_SetExecStateFlag)
    TIM4_IRQHandler                          0x08006dd5   Thumb Code    66  global.o(i.TIM4_IRQHandler)
    TIM_Base_SetConfig                       0x08006e1d   Thumb Code    94  stm32f1xx_hal_tim.o(i.TIM_Base_SetConfig)
    TIM_CCxChannelCmd                        0x08006e89   Thumb Code    22  stm32f1xx_hal_tim.o(i.TIM_CCxChannelCmd)
    TIM_OC2_SetConfig                        0x08006f15   Thumb Code    84  stm32f1xx_hal_tim.o(i.TIM_OC2_SetConfig)
    USART1_IRQHandler                        0x080072e5   Thumb Code     6  stm32f1xx_it.o(i.USART1_IRQHandler)
    UsageFault_Handler                       0x080072f1   Thumb Code     2  stm32f1xx_it.o(i.UsageFault_Handler)
    Usart_Init                               0x080072f5   Thumb Code    34  hw_usart.o(i.Usart_Init)
    WriteGlobalSettings                      0x0800731d   Thumb Code    28  settings.o(i.WriteGlobalSettings)
    _Error_Handler                           0x0800733d   Thumb Code     2  main.o(i._Error_Handler)
    __0vsnprintf                             0x08007341   Thumb Code    40  printfa.o(i.__0vsnprintf)
    __1vsnprintf                             0x08007341   Thumb Code     0  printfa.o(i.__0vsnprintf)
    __2vsnprintf                             0x08007341   Thumb Code     0  printfa.o(i.__0vsnprintf)
    __c89vsnprintf                           0x08007341   Thumb Code     0  printfa.o(i.__0vsnprintf)
    vsnprintf                                0x08007341   Thumb Code     0  printfa.o(i.__0vsnprintf)
    __ARM_fpclassify                         0x0800736d   Thumb Code    40  fpclassify.o(i.__ARM_fpclassify)
    __ieee754_rem_pio2                       0x08007395   Thumb Code   828  rred.o(i.__ieee754_rem_pio2)
    __kernel_cos                             0x0800771d   Thumb Code   230  cos_i.o(i.__kernel_cos)
    __kernel_poly                            0x08007819   Thumb Code   170  poly.o(i.__kernel_poly)
    __kernel_sin                             0x080078c5   Thumb Code   224  sin_i.o(i.__kernel_sin)
    __mathlib_dbl_infnan                     0x080079b1   Thumb Code     6  dunder.o(i.__mathlib_dbl_infnan)
    __mathlib_dbl_infnan2                    0x080079b7   Thumb Code     4  dunder.o(i.__mathlib_dbl_infnan2)
    __mathlib_dbl_invalid                    0x080079bb   Thumb Code    12  dunder.o(i.__mathlib_dbl_invalid)
    __mathlib_dbl_underflow                  0x080079c9   Thumb Code    10  dunder.o(i.__mathlib_dbl_underflow)
    __scatterload_copy                       0x080079d9   Thumb Code    14  handlers.o(i.__scatterload_copy)
    __scatterload_null                       0x080079e7   Thumb Code     2  handlers.o(i.__scatterload_null)
    __scatterload_zeroinit                   0x080079e9   Thumb Code    14  handlers.o(i.__scatterload_zeroinit)
    __set_errno                              0x080079f9   Thumb Code     6  errno.o(i.__set_errno)
    atan                                     0x080082cd   Thumb Code   474  atan.o(i.atan)
    atan2                                    0x080084ed   Thumb Code   346  atan2.o(i.atan2)
    ceil                                     0x0800866d   Thumb Code   204  ceil.o(i.ceil)
    convert_delta_vector_to_unit_vector      0x08008749   Thumb Code   104  util.o(i.convert_delta_vector_to_unit_vector)
    cos                                      0x080087b1   Thumb Code   148  cos.o(i.cos)
    floor                                    0x0800884d   Thumb Code   204  floor.o(i.floor)
    hypot_f                                  0x08008929   Thumb Code    42  util.o(i.hypot_f)
    limit_value_by_axis_maximum              0x08008955   Thumb Code    86  util.o(i.limit_value_by_axis_maximum)
    lround                                   0x080089b1   Thumb Code   170  lround.o(i.lround)
    main                                     0x08008a75   Thumb Code    38  main.o(i.main)
    round                                    0x08008ae1   Thumb Code   136  round.o(i.round)
    sin                                      0x08008b75   Thumb Code   150  sin.o(i.sin)
    sqrt                                     0x08008c15   Thumb Code    76  sqrt.o(i.sqrt)
    trunc                                    0x08008c61   Thumb Code    96  trunc.o(i.trunc)
    AHBPrescTable                            0x08008cc4   Data          16  system_stm32f1xx.o(.constdata)
    APBPrescTable                            0x08008cd4   Data           8  system_stm32f1xx.o(.constdata)
    __mathlib_zero                           0x08008da8   Data           8  qnan.o(.constdata)
    Region$$Table$$Base                      0x08008eec   Number         0  anon$$obj.o(Region$$Table)
    Region$$Table$$Limit                     0x08008f0c   Number         0  anon$$obj.o(Region$$Table)
    sys_probe_state                          0x20000000   Data           1  main.o(.data)
    sys_rt_exec_state                        0x20000001   Data           1  main.o(.data)
    sys_rt_exec_alarm                        0x20000002   Data           1  main.o(.data)
    sys_rt_exec_motion_override              0x20000003   Data           1  main.o(.data)
    sys_rt_exec_accessory_override           0x20000004   Data           1  main.o(.data)
    uwTickFreq                               0x20000008   Data           1  stm32f1xx_hal.o(.data)
    uwTickPrio                               0x2000000c   Data           4  stm32f1xx_hal.o(.data)
    uwTick                                   0x20000010   Data           4  stm32f1xx_hal.o(.data)
    SystemCoreClock                          0x20000014   Data           4  system_stm32f1xx.o(.data)
    Uart_data_rsv                            0x20000041   Data           1  hw_usart.o(.data)
    DebounceCounterControl                   0x20000042   Data           1  global.o(.data)
    DebounceCounterLimits                    0x20000043   Data           1  global.o(.data)
    sys                                      0x20000048   Data          20  main.o(.bss)
    sys_position                             0x2000005c   Data          12  main.o(.bss)
    sys_probe_position                       0x20000068   Data          12  main.o(.bss)
    htim3                                    0x20000074   Data          64  tim.o(.bss)
    htim4                                    0x200000b4   Data          64  tim.o(.bss)
    huart1                                   0x200000f4   Data          64  usart.o(.bss)
    pFlash                                   0x20000138   Data          32  stm32f1xx_hal_flash.o(.bss)
    gc_state                                 0x20000158   Data          68  gcode.o(.bss)
    gc_block                                 0x2000019c   Data          64  gcode.o(.bss)
    settings                                 0x200010c0   Data          92  settings.o(.bss)
    __initial_sp                             0x20002480   Data           0  startup_stm32f103xb.o(STACK)



==============================================================================

Memory Map of the image

  Image Entry point : 0x080000ed

  Load Region LR_IROM1 (Base: 0x08000000, Size: 0x00008f54, Max: 0x00010000, ABSOLUTE)

    Execution Region ER_IROM1 (Exec base: 0x08000000, Load base: 0x08000000, Size: 0x00008f0c, Max: 0x00010000, ABSOLUTE)

    Exec Addr    Load Addr    Size         Type   Attr      Idx    E Section Name        Object

    0x08000000   0x08000000   0x000000ec   Data   RO            3    RESET               startup_stm32f103xb.o
    0x080000ec   0x080000ec   0x00000000   Code   RO         4085  * .ARM.Collect$$$$00000000  mc_w.l(entry.o)
    0x080000ec   0x080000ec   0x00000004   Code   RO         4207    .ARM.Collect$$$$00000001  mc_w.l(entry2.o)
    0x080000f0   0x080000f0   0x00000004   Code   RO         4210    .ARM.Collect$$$$00000004  mc_w.l(entry5.o)
    0x080000f4   0x080000f4   0x00000000   Code   RO         4212    .ARM.Collect$$$$00000008  mc_w.l(entry7b.o)
    0x080000f4   0x080000f4   0x00000000   Code   RO         4214    .ARM.Collect$$$$0000000A  mc_w.l(entry8b.o)
    0x080000f4   0x080000f4   0x00000008   Code   RO         4215    .ARM.Collect$$$$0000000B  mc_w.l(entry9a.o)
    0x080000fc   0x080000fc   0x00000000   Code   RO         4217    .ARM.Collect$$$$0000000D  mc_w.l(entry10a.o)
    0x080000fc   0x080000fc   0x00000000   Code   RO         4219    .ARM.Collect$$$$0000000F  mc_w.l(entry11a.o)
    0x080000fc   0x080000fc   0x00000004   Code   RO         4208    .ARM.Collect$$$$00002712  mc_w.l(entry2.o)
    0x08000100   0x08000100   0x00000024   Code   RO            4    .text               startup_stm32f103xb.o
    0x08000124   0x08000124   0x00000020   Code   RO         4088    .text               mc_w.l(llushr.o)
    0x08000144   0x08000144   0x00000024   Code   RO         4090    .text               mc_w.l(memcpya.o)
    0x08000168   0x08000168   0x00000024   Code   RO         4092    .text               mc_w.l(memseta.o)
    0x0800018c   0x0800018c   0x0000001a   Code   RO         4094    .text               mc_w.l(memcmp.o)
    0x080001a6   0x080001a6   0x000000b0   Code   RO         4126    .text               mf_w.l(fadd.o)
    0x08000256   0x08000256   0x00000064   Code   RO         4128    .text               mf_w.l(fmul.o)
    0x080002ba   0x080002ba   0x0000007c   Code   RO         4130    .text               mf_w.l(fdiv.o)
    0x08000336   0x08000336   0x00000018   Code   RO         4132    .text               mf_w.l(fscalb.o)
    0x0800034e   0x0800034e   0x0000014e   Code   RO         4134    .text               mf_w.l(dadd.o)
    0x0800049c   0x0800049c   0x000000e4   Code   RO         4136    .text               mf_w.l(dmul.o)
    0x08000580   0x08000580   0x000000de   Code   RO         4138    .text               mf_w.l(ddiv.o)
    0x0800065e   0x0800065e   0x0000002e   Code   RO         4140    .text               mf_w.l(dscalb.o)
    0x0800068c   0x0800068c   0x00000012   Code   RO         4142    .text               mf_w.l(fflti.o)
    0x0800069e   0x0800069e   0x0000000a   Code   RO         4144    .text               mf_w.l(ffltui.o)
    0x080006a8   0x080006a8   0x0000001a   Code   RO         4146    .text               mf_w.l(dfltui.o)
    0x080006c2   0x080006c2   0x00000032   Code   RO         4148    .text               mf_w.l(ffixi.o)
    0x080006f4   0x080006f4   0x00000028   Code   RO         4150    .text               mf_w.l(ffixui.o)
    0x0800071c   0x0800071c   0x0000003e   Code   RO         4152    .text               mf_w.l(dfixi.o)
    0x0800075a   0x0800075a   0x00000032   Code   RO         4154    .text               mf_w.l(dfixui.o)
    0x0800078c   0x0800078c   0x00000026   Code   RO         4156    .text               mf_w.l(f2d.o)
    0x080007b2   0x080007b2   0x00000002   PAD
    0x080007b4   0x080007b4   0x00000030   Code   RO         4158    .text               mf_w.l(cdcmple.o)
    0x080007e4   0x080007e4   0x00000030   Code   RO         4160    .text               mf_w.l(cdrcmple.o)
    0x08000814   0x08000814   0x00000038   Code   RO         4162    .text               mf_w.l(d2f.o)
    0x0800084c   0x0800084c   0x00000014   Code   RO         4164    .text               mf_w.l(cfcmple.o)
    0x08000860   0x08000860   0x00000014   Code   RO         4166    .text               mf_w.l(cfrcmple.o)
    0x08000874   0x08000874   0x0000002c   Code   RO         4221    .text               mc_w.l(uidiv.o)
    0x080008a0   0x080008a0   0x00000062   Code   RO         4223    .text               mc_w.l(uldiv.o)
    0x08000902   0x08000902   0x0000001e   Code   RO         4225    .text               mc_w.l(llshl.o)
    0x08000920   0x08000920   0x00000024   Code   RO         4227    .text               mc_w.l(llsshr.o)
    0x08000944   0x08000944   0x00000000   Code   RO         4236    .text               mc_w.l(iusefp.o)
    0x08000944   0x08000944   0x0000006e   Code   RO         4237    .text               mf_w.l(fepilogue.o)
    0x080009b2   0x080009b2   0x000000ba   Code   RO         4239    .text               mf_w.l(depilogue.o)
    0x08000a6c   0x08000a6c   0x000000a2   Code   RO         4241    .text               mf_w.l(dsqrt.o)
    0x08000b0e   0x08000b0e   0x00000002   PAD
    0x08000b10   0x08000b10   0x00000088   Code   RO         4243    .text               mf_w.l(drnd.o)
    0x08000b98   0x08000b98   0x00000030   Code   RO         4245    .text               mf_w.l(dfixul.o)
    0x08000bc8   0x08000bc8   0x000000a8   Code   RO         4247    .text               mf_w.l(dfixir.o)
    0x08000c70   0x08000c70   0x00000024   Code   RO         4253    .text               mc_w.l(init.o)
    0x08000c94   0x08000c94   0x00000022   Code   RO         4255    .text               mf_w.l(dflti.o)
    0x08000cb6   0x08000cb6   0x00000002   Code   RO          366    i.BusFault_Handler  stm32f1xx_it.o
    0x08000cb8   0x08000cb8   0x0000001c   Code   RO         2624    i.Coolant_GetState  coolantcontrol.o
    0x08000cd4   0x08000cd4   0x00000010   Code   RO         2625    i.Coolant_Init      coolantcontrol.o
    0x08000ce4   0x08000ce4   0x0000002c   Code   RO         2626    i.Coolant_SetState  coolantcontrol.o
    0x08000d10   0x08000d10   0x00000010   Code   RO         2627    i.Coolant_Stop      coolantcontrol.o
    0x08000d20   0x08000d20   0x00000020   Code   RO         2628    i.Coolant_Sync      coolantcontrol.o
    0x08000d40   0x08000d40   0x00000002   Code   RO          367    i.DebugMon_Handler  stm32f1xx_it.o
    0x08000d42   0x08000d42   0x00000018   Code   RO         3866    i.Delay_ms          system32.o
    0x08000d5a   0x08000d5a   0x00000002   PAD
    0x08000d5c   0x08000d5c   0x0000004c   Code   RO         3589    i.Delay_sec         util.o
    0x08000da8   0x08000da8   0x0000000c   Code   RO         3867    i.Delay_us          system32.o
    0x08000db4   0x08000db4   0x0000002c   Code   RO         3643    i.EE_Erase          eeprom.o
    0x08000de0   0x08000de0   0x00000014   Code   RO         3644    i.EE_Init           eeprom.o
    0x08000df4   0x08000df4   0x00000040   Code   RO         3645    i.EE_Program        eeprom.o
    0x08000e34   0x08000e34   0x0000000c   Code   RO         3646    i.EE_ReadByte       eeprom.o
    0x08000e40   0x08000e40   0x0000003c   Code   RO         3647    i.EE_ReadByteArray  eeprom.o
    0x08000e7c   0x08000e7c   0x0000000c   Code   RO         3648    i.EE_WriteByte      eeprom.o
    0x08000e88   0x08000e88   0x00000034   Code   RO         3649    i.EE_WriteByteArray  eeprom.o
    0x08000ebc   0x08000ebc   0x00000024   Code   RO         2501    i.FLASH_MassErase   stm32f1xx_hal_flash_ex.o
    0x08000ee0   0x08000ee0   0x00000024   Code   RO         2506    i.FLASH_PageErase   stm32f1xx_hal_flash_ex.o
    0x08000f04   0x08000f04   0x0000001c   Code   RO         2398    i.FLASH_Program_HalfWord  stm32f1xx_hal_flash.o
    0x08000f20   0x08000f20   0x0000005c   Code   RO         2399    i.FLASH_SetErrorCode  stm32f1xx_hal_flash.o
    0x08000f7c   0x08000f7c   0x00000054   Code   RO         2400    i.FLASH_WaitForLastOperation  stm32f1xx_hal_flash.o
    0x08000fd0   0x08000fd0   0x0000001c   Code   RO         3703    i.FifoUsart_Available  fifo_usart.o
    0x08000fec   0x08000fec   0x00000070   Code   RO         3704    i.FifoUsart_Get     fifo_usart.o
    0x0800105c   0x0800105c   0x00000020   Code   RO         3705    i.FifoUsart_Init    fifo_usart.o
    0x0800107c   0x0800107c   0x00000078   Code   RO         3706    i.FifoUsart_Insert  fifo_usart.o
    0x080010f4   0x080010f4   0x00000e1c   Code   RO         2676    i.GC_ExecuteLine    gcode.o
    0x08001f10   0x08001f10   0x0000002c   Code   RO         2677    i.GC_Init           gcode.o
    0x08001f3c   0x08001f3c   0x00000010   Code   RO         2678    i.GC_SyncPosition   gcode.o
    0x08001f4c   0x08001f4c   0x00000002   Code   RO         3896    i.GPIO_InitGPIO     hw_gpio.o
    0x08001f4e   0x08001f4e   0x00000016   Code   RO         3748    i.Getc              print.o
    0x08001f64   0x08001f64   0x00000058   Code   RO           13    i.Grbl_loop         main.o
    0x08001fbc   0x08001fbc   0x00000034   Code   RO           14    i.Grbl_setup        main.o
    0x08001ff0   0x08001ff0   0x00000098   Code   RO         2063    i.HAL_DMA_Abort_IT  stm32f1xx_hal_dma.o
    0x08002088   0x08002088   0x00000024   Code   RO         1705    i.HAL_Delay         stm32f1xx_hal.o
    0x080020ac   0x080020ac   0x000000a8   Code   RO         2507    i.HAL_FLASHEx_Erase  stm32f1xx_hal_flash_ex.o
    0x08002154   0x08002154   0x00000014   Code   RO         2404    i.HAL_FLASH_Lock    stm32f1xx_hal_flash.o
    0x08002168   0x08002168   0x00000080   Code   RO         2409    i.HAL_FLASH_Program  stm32f1xx_hal_flash.o
    0x080021e8   0x080021e8   0x00000028   Code   RO         2411    i.HAL_FLASH_Unlock  stm32f1xx_hal_flash.o
    0x08002210   0x08002210   0x000001bc   Code   RO         1998    i.HAL_GPIO_Init     stm32f1xx_hal_gpio.o
    0x080023cc   0x080023cc   0x0000000a   Code   RO         2000    i.HAL_GPIO_ReadPin  stm32f1xx_hal_gpio.o
    0x080023d6   0x080023d6   0x00000008   Code   RO         2001    i.HAL_GPIO_TogglePin  stm32f1xx_hal_gpio.o
    0x080023de   0x080023de   0x0000000a   Code   RO         2002    i.HAL_GPIO_WritePin  stm32f1xx_hal_gpio.o
    0x080023e8   0x080023e8   0x0000000c   Code   RO         1709    i.HAL_GetTick       stm32f1xx_hal.o
    0x080023f4   0x080023f4   0x00000010   Code   RO         1713    i.HAL_IncTick       stm32f1xx_hal.o
    0x08002404   0x08002404   0x00000024   Code   RO         1714    i.HAL_Init          stm32f1xx_hal.o
    0x08002428   0x08002428   0x00000040   Code   RO         1715    i.HAL_InitTick      stm32f1xx_hal.o
    0x08002468   0x08002468   0x00000090   Code   RO          448    i.HAL_MspInit       stm32f1xx_hal_msp.o
    0x080024f8   0x080024f8   0x00000016   Code   RO         2158    i.HAL_NVIC_EnableIRQ  stm32f1xx_hal_cortex.o
    0x0800250e   0x0800250e   0x00000002   PAD
    0x08002510   0x08002510   0x00000040   Code   RO         2164    i.HAL_NVIC_SetPriority  stm32f1xx_hal_cortex.o
    0x08002550   0x08002550   0x00000024   Code   RO         2165    i.HAL_NVIC_SetPriorityGrouping  stm32f1xx_hal_cortex.o
    0x08002574   0x08002574   0x00000154   Code   RO         1858    i.HAL_RCC_ClockConfig  stm32f1xx_hal_rcc.o
    0x080026c8   0x080026c8   0x0000000c   Code   RO         1863    i.HAL_RCC_GetHCLKFreq  stm32f1xx_hal_rcc.o
    0x080026d4   0x080026d4   0x00000020   Code   RO         1865    i.HAL_RCC_GetPCLK1Freq  stm32f1xx_hal_rcc.o
    0x080026f4   0x080026f4   0x00000020   Code   RO         1866    i.HAL_RCC_GetPCLK2Freq  stm32f1xx_hal_rcc.o
    0x08002714   0x08002714   0x0000006c   Code   RO         1867    i.HAL_RCC_GetSysClockFreq  stm32f1xx_hal_rcc.o
    0x08002780   0x08002780   0x00000304   Code   RO         1870    i.HAL_RCC_OscConfig  stm32f1xx_hal_rcc.o
    0x08002a84   0x08002a84   0x00000018   Code   RO         2167    i.HAL_SYSTICK_CLKSourceConfig  stm32f1xx_hal_cortex.o
    0x08002a9c   0x08002a9c   0x00000060   Code   RO         3962    i.HAL_SYSTICK_Callback  global.o
    0x08002afc   0x08002afc   0x00000028   Code   RO         2169    i.HAL_SYSTICK_Config  stm32f1xx_hal_cortex.o
    0x08002b24   0x08002b24   0x00000008   Code   RO         2170    i.HAL_SYSTICK_IRQHandler  stm32f1xx_hal_cortex.o
    0x08002b2c   0x08002b2c   0x00000050   Code   RO         1156    i.HAL_TIMEx_MasterConfigSynchronization  stm32f1xx_hal_tim_ex.o
    0x08002b7c   0x08002b7c   0x00000036   Code   RO          510    i.HAL_TIM_Base_Init  stm32f1xx_hal_tim.o
    0x08002bb2   0x08002bb2   0x00000002   PAD
    0x08002bb4   0x08002bb4   0x00000054   Code   RO          254    i.HAL_TIM_Base_MspInit  tim.o
    0x08002c08   0x08002c08   0x000000f2   Code   RO          519    i.HAL_TIM_ConfigClockSource  stm32f1xx_hal_tim.o
    0x08002cfa   0x08002cfa   0x00000002   PAD
    0x08002cfc   0x08002cfc   0x00000024   Code   RO          255    i.HAL_TIM_MspPostInit  tim.o
    0x08002d20   0x08002d20   0x00000056   Code   RO          553    i.HAL_TIM_OC_ConfigChannel  stm32f1xx_hal_tim.o
    0x08002d76   0x08002d76   0x00000036   Code   RO          557    i.HAL_TIM_OC_Init   stm32f1xx_hal_tim.o
    0x08002dac   0x08002dac   0x00000002   Code   RO          559    i.HAL_TIM_OC_MspInit  stm32f1xx_hal_tim.o
    0x08002dae   0x08002dae   0x00000002   PAD
    0x08002db0   0x08002db0   0x00000060   Code   RO          562    i.HAL_TIM_OC_Start_IT  stm32f1xx_hal_tim.o
    0x08002e10   0x08002e10   0x000000d0   Code   RO          576    i.HAL_TIM_PWM_ConfigChannel  stm32f1xx_hal_tim.o
    0x08002ee0   0x08002ee0   0x00000036   Code   RO          579    i.HAL_TIM_PWM_Init  stm32f1xx_hal_tim.o
    0x08002f16   0x08002f16   0x00000002   Code   RO          581    i.HAL_TIM_PWM_MspInit  stm32f1xx_hal_tim.o
    0x08002f18   0x08002f18   0x00000002   Code   RO         1393    i.HAL_UART_ErrorCallback  stm32f1xx_hal_uart.o
    0x08002f1a   0x08002f1a   0x00000002   PAD
    0x08002f1c   0x08002f1c   0x00000110   Code   RO         1396    i.HAL_UART_IRQHandler  stm32f1xx_hal_uart.o
    0x0800302c   0x0800302c   0x00000062   Code   RO         1397    i.HAL_UART_Init     stm32f1xx_hal_uart.o
    0x0800308e   0x0800308e   0x00000002   PAD
    0x08003090   0x08003090   0x00000068   Code   RO          308    i.HAL_UART_MspInit  usart.o
    0x080030f8   0x080030f8   0x00000052   Code   RO         1402    i.HAL_UART_Receive_IT  stm32f1xx_hal_uart.o
    0x0800314a   0x0800314a   0x00000002   PAD
    0x0800314c   0x0800314c   0x000000d8   Code   RO         3963    i.HAL_UART_RxCpltCallback  global.o
    0x08003224   0x08003224   0x00000002   Code   RO         3964    i.HAL_UART_TxCpltCallback  global.o
    0x08003226   0x08003226   0x00000002   Code   RO          368    i.HardFault_Handler  stm32f1xx_it.o
    0x08003228   0x08003228   0x0000005c   Code   RO         2709    i.Jog_Execute       jog.o
    0x08003284   0x08003284   0x00000040   Code   RO         2724    i.Limit_PinChangeISR  limits.o
    0x080032c4   0x080032c4   0x00000014   Code   RO         2725    i.Limits_Disable    limits.o
    0x080032d8   0x080032d8   0x00000044   Code   RO         2726    i.Limits_GetState   limits.o
    0x0800331c   0x0800331c   0x0000026c   Code   RO         2727    i.Limits_GoHome     limits.o
    0x08003588   0x08003588   0x0000002c   Code   RO         2728    i.Limits_Init       limits.o
    0x080035b4   0x080035b4   0x00000044   Code   RO         2729    i.Limits_SoftCheck  limits.o
    0x080035f8   0x080035f8   0x00000318   Code   RO         2782    i.MC_Arc            motioncontrol.o
    0x08003910   0x08003910   0x00000024   Code   RO         2783    i.MC_Dwell          motioncontrol.o
    0x08003934   0x08003934   0x00000034   Code   RO         2784    i.MC_HomigCycle     motioncontrol.o
    0x08003968   0x08003968   0x00000070   Code   RO         2785    i.MC_Line           motioncontrol.o
    0x080039d8   0x080039d8   0x000000d0   Code   RO         2786    i.MC_ProbeCycle     motioncontrol.o
    0x08003aa8   0x08003aa8   0x00000054   Code   RO         2787    i.MC_Reset          motioncontrol.o
    0x08003afc   0x08003afc   0x00000158   Code   RO          229    i.MX_GPIO_Init      gpio.o
    0x08003c54   0x08003c54   0x000000a8   Code   RO          256    i.MX_TIM3_Init      tim.o
    0x08003cfc   0x08003cfc   0x000000a8   Code   RO          257    i.MX_TIM4_Init      tim.o
    0x08003da4   0x08003da4   0x0000004c   Code   RO          309    i.MX_USART1_UART_Init  usart.o
    0x08003df0   0x08003df0   0x00000002   Code   RO          369    i.MemManage_Handler  stm32f1xx_it.o
    0x08003df2   0x08003df2   0x00000016   Code   RO         4011    i.Motor_Setting_init  motor_setting.o
    0x08003e08   0x08003e08   0x00000054   Code   RO         4012    i.Motor_set         motor_setting.o
    0x08003e5c   0x08003e5c   0x00000002   Code   RO          370    i.NMI_Handler       stm32f1xx_it.o
    0x08003e5e   0x08003e5e   0x00000020   Code   RO         2171    i.NVIC_SetPriority  stm32f1xx_hal_cortex.o
    0x08003e7e   0x08003e7e   0x00000002   Code   RO          371    i.PendSV_Handler    stm32f1xx_it.o
    0x08003e80   0x08003e80   0x00000268   Code   RO         2824    i.Planner_BufferLine  planner.o
    0x080040e8   0x080040e8   0x00000018   Code   RO         2825    i.Planner_CheckBufferFull  planner.o
    0x08004100   0x08004100   0x0000008c   Code   RO         2826    i.Planner_ComputeProfileNominalSpeed  planner.o
    0x0800418c   0x0800418c   0x0000002e   Code   RO         2827    i.Planner_ComputeProfileParams  planner.o
    0x080041ba   0x080041ba   0x00000002   PAD
    0x080041bc   0x080041bc   0x00000018   Code   RO         2828    i.Planner_CycleReinitialize  planner.o
    0x080041d4   0x080041d4   0x00000024   Code   RO         2829    i.Planner_DiscardCurrentBlock  planner.o
    0x080041f8   0x080041f8   0x00000020   Code   RO         2830    i.Planner_GetBlockBufferAvailable  planner.o
    0x08004218   0x08004218   0x00000024   Code   RO         2832    i.Planner_GetCurrentBlock  planner.o
    0x0800423c   0x0800423c   0x0000002c   Code   RO         2833    i.Planner_GetExecBlockExitSpeedSqr  planner.o
    0x08004268   0x08004268   0x00000018   Code   RO         2834    i.Planner_GetSystemMotionBlock  planner.o
    0x08004280   0x08004280   0x00000004   Code   RO         2835    i.Planner_Init      planner.o
    0x08004284   0x08004284   0x0000000c   Code   RO         2836    i.Planner_NextBlockIndex  planner.o
    0x08004290   0x08004290   0x0000000a   Code   RO         2837    i.Planner_PrevBlockIndex  planner.o
    0x0800429a   0x0800429a   0x00000002   PAD
    0x0800429c   0x0800429c   0x00000128   Code   RO         2838    i.Planner_Recalculate  planner.o
    0x080043c4   0x080043c4   0x00000018   Code   RO         2839    i.Planner_Reset     planner.o
    0x080043dc   0x080043dc   0x00000014   Code   RO         2840    i.Planner_ResetBuffer  planner.o
    0x080043f0   0x080043f0   0x00000024   Code   RO         2841    i.Planner_SyncPosition  planner.o
    0x08004414   0x08004414   0x00000050   Code   RO         2842    i.Planner_UpdateVelocityProfileParams  planner.o
    0x08004464   0x08004464   0x000000a8   Code   RO         3749    i.PrintFloat        print.o
    0x0800450c   0x0800450c   0x00000038   Code   RO         3750    i.PrintFloat_CoordValue  print.o
    0x08004544   0x08004544   0x00000034   Code   RO         3751    i.PrintFloat_RateValue  print.o
    0x08004578   0x08004578   0x00000010   Code   RO         3752    i.Print_Init        print.o
    0x08004588   0x08004588   0x00000038   Code   RO         3753    i.Printf_MSG        print.o
    0x080045c0   0x080045c0   0x0000002c   Code   RO         2951    i.Probe_ConfigureInvertMask  probe.o
    0x080045ec   0x080045ec   0x0000001c   Code   RO         2952    i.Probe_GetState    probe.o
    0x08004608   0x08004608   0x00000012   Code   RO         2953    i.Probe_Init        probe.o
    0x0800461a   0x0800461a   0x00000002   PAD
    0x0800461c   0x0800461c   0x00000010   Code   RO         2954    i.Probe_Reset       probe.o
    0x0800462c   0x0800462c   0x00000038   Code   RO         2955    i.Probe_StateMonitor  probe.o
    0x08004664   0x08004664   0x00000016   Code   RO         3001    i.Protocol_AutoCycleStart  protocol.o
    0x0800467a   0x0800467a   0x00000002   PAD
    0x0800467c   0x0800467c   0x00000028   Code   RO         3002    i.Protocol_BufferSynchronize  protocol.o
    0x080046a4   0x080046a4   0x000001a8   Code   RO         3003    i.Protocol_ExecRtSuspend  protocol.o
    0x0800484c   0x0800484c   0x00000328   Code   RO         3004    i.Protocol_ExecRtSystem  protocol.o
    0x08004b74   0x08004b74   0x0000001c   Code   RO         3005    i.Protocol_ExecuteRealtime  protocol.o
    0x08004b90   0x08004b90   0x00000138   Code   RO         3006    i.Protocol_MainLoop  protocol.o
    0x08004cc8   0x08004cc8   0x00000014   Code   RO         3754    i.Putc              print.o
    0x08004cdc   0x08004cdc   0x00000028   Code   RO         3194    i.ReadGlobalSettings  settings.o
    0x08004d04   0x08004d04   0x000000f4   Code   RO         3590    i.Read_Float        util.o
    0x08004df8   0x08004df8   0x00000030   Code   RO         3055    i.Report_AlarmMessage  report.o
    0x08004e28   0x08004e28   0x00000024   Code   RO         3056    i.Report_AxisValue  report.o
    0x08004e4c   0x08004e4c   0x0000007c   Code   RO         3057    i.Report_BuildInfo  report.o
    0x08004ec8   0x08004ec8   0x00000104   Code   RO         3060    i.Report_FeedbackMessage  report.o
    0x08004fcc   0x08004fcc   0x00000130   Code   RO         3061    i.Report_GCodeModes  report.o
    0x080050fc   0x080050fc   0x0000000c   Code   RO         3062    i.Report_GrblHelp   report.o
    0x08005108   0x08005108   0x00000154   Code   RO         3063    i.Report_GrblSettings  report.o
    0x0800525c   0x0800525c   0x00000028   Code   RO         3064    i.Report_InitMessage  report.o
    0x08005284   0x08005284   0x00000012   Code   RO         3065    i.Report_LineFeed   report.o
    0x08005296   0x08005296   0x00000002   PAD
    0x08005298   0x08005298   0x000000a0   Code   RO         3066    i.Report_NgcParams  report.o
    0x08005338   0x08005338   0x00000040   Code   RO         3067    i.Report_ProbeParams  report.o
    0x08005378   0x08005378   0x00000348   Code   RO         3068    i.Report_RealtimeStatus  report.o
    0x080056c0   0x080056c0   0x00000020   Code   RO         3069    i.Report_SettingPrefix  report.o
    0x080056e0   0x080056e0   0x0000003c   Code   RO         3071    i.Report_StatusMessage  report.o
    0x0800571c   0x0800571c   0x00000002   Code   RO          372    i.SVC_Handler       stm32f1xx_it.o
    0x0800571e   0x0800571e   0x00000012   Code   RO         3195    i.Settings_GetDirectionPinMask  settings.o
    0x08005730   0x08005730   0x00000012   Code   RO         3197    i.Settings_GetStepPinMask  settings.o
    0x08005742   0x08005742   0x00000024   Code   RO         3198    i.Settings_Init     settings.o
    0x08005766   0x08005766   0x00000022   Code   RO         3199    i.Settings_ReadBuildInfo  settings.o
    0x08005788   0x08005788   0x0000002c   Code   RO         3200    i.Settings_ReadCoordData  settings.o
    0x080057b4   0x080057b4   0x000000e0   Code   RO         3202    i.Settings_Restore  settings.o
    0x08005894   0x08005894   0x00000016   Code   RO         3203    i.Settings_StoreBuildInfo  settings.o
    0x080058aa   0x080058aa   0x00000002   PAD
    0x080058ac   0x080058ac   0x000001e0   Code   RO         3204    i.Settings_StoreGlobalSetting  settings.o
    0x08005a8c   0x08005a8c   0x00000026   Code   RO         3206    i.Settings_WriteCoordData  settings.o
    0x08005ab2   0x08005ab2   0x00000002   PAD
    0x08005ab4   0x08005ab4   0x000000ac   Code   RO         3304    i.Spindle_ComputePwmValue  spindlecontrol.o
    0x08005b60   0x08005b60   0x00000014   Code   RO         3305    i.Spindle_GetState  spindlecontrol.o
    0x08005b74   0x08005b74   0x00000038   Code   RO         3306    i.Spindle_Init      spindlecontrol.o
    0x08005bac   0x08005bac   0x00000038   Code   RO         3307    i.Spindle_SetSpeed  spindlecontrol.o
    0x08005be4   0x08005be4   0x0000005c   Code   RO         3308    i.Spindle_SetState  spindlecontrol.o
    0x08005c40   0x08005c40   0x0000001c   Code   RO         3309    i.Spindle_Stop      spindlecontrol.o
    0x08005c5c   0x08005c5c   0x00000024   Code   RO         3310    i.Spindle_Sync      spindlecontrol.o
    0x08005c80   0x08005c80   0x00000002   Code   RO         3920    i.Spindle_Timer_init  hw_tim.o
    0x08005c82   0x08005c82   0x00000002   PAD
    0x08005c84   0x08005c84   0x00000088   Code   RO         3369    i.Stepper_Disable   stepper.o
    0x08005d0c   0x08005d0c   0x00000054   Code   RO         3370    i.Stepper_GenerateStepDirInvertMasks  stepper.o
    0x08005d60   0x08005d60   0x00000018   Code   RO         3371    i.Stepper_GetRealtimeRate  stepper.o
    0x08005d78   0x08005d78   0x00000010   Code   RO         3372    i.Stepper_Init      stepper.o
    0x08005d88   0x08005d88   0x00000244   Code   RO         3373    i.Stepper_MainISR   stepper.o
    0x08005fcc   0x08005fcc   0x00000058   Code   RO         3374    i.Stepper_PortResetISR  stepper.o
    0x08006024   0x08006024   0x0000077c   Code   RO         3375    i.Stepper_PrepareBuffer  stepper.o
    0x080067a0   0x080067a0   0x00000090   Code   RO         3376    i.Stepper_Reset     stepper.o
    0x08006830   0x08006830   0x00000038   Code   RO         3921    i.Stepper_Timer_init  hw_tim.o
    0x08006868   0x08006868   0x0000002c   Code   RO         3377    i.Stepper_UpdatePlannerBlockParams  stepper.o
    0x08006894   0x08006894   0x00000040   Code   RO         3378    i.Stepper_WakeUp    stepper.o
    0x080068d4   0x080068d4   0x0000000e   Code   RO          373    i.SysTick_Handler   stm32f1xx_it.o
    0x080068e2   0x080068e2   0x00000068   Code   RO           15    i.SystemClock_Config  main.o
    0x0800694a   0x0800694a   0x00000002   PAD
    0x0800694c   0x0800694c   0x00000048   Code   RO         2587    i.SystemInit        system_stm32f1xx.o
    0x08006994   0x08006994   0x0000000c   Code   RO         3450    i.System_CheckSafetyDoorAjar  system.o
    0x080069a0   0x080069a0   0x0000003c   Code   RO         3451    i.System_CheckTravelLimits  system.o
    0x080069dc   0x080069dc   0x0000001c   Code   RO         3452    i.System_Clear      system.o
    0x080069f8   0x080069f8   0x00000018   Code   RO         3453    i.System_ClearExecAccessoryOverrides  system.o
    0x08006a10   0x08006a10   0x00000018   Code   RO         3454    i.System_ClearExecAlarm  system.o
    0x08006a28   0x08006a28   0x00000018   Code   RO         3455    i.System_ClearExecMotionOverride  system.o
    0x08006a40   0x08006a40   0x00000018   Code   RO         3456    i.System_ClearExecStateFlag  system.o
    0x08006a58   0x08006a58   0x0000001e   Code   RO         3457    i.System_ConvertArraySteps2Mpos  system.o
    0x08006a76   0x08006a76   0x00000002   PAD
    0x08006a78   0x08006a78   0x00000020   Code   RO         3458    i.System_ConvertAxisSteps2Mpos  system.o
    0x08006a98   0x08006a98   0x00000200   Code   RO         3459    i.System_ExecuteLine  system.o
    0x08006c98   0x08006c98   0x00000002   Code   RO         3460    i.System_ExecuteStartup  system.o
    0x08006c9a   0x08006c9a   0x00000002   PAD
    0x08006c9c   0x08006c9c   0x00000014   Code   RO         3461    i.System_FlagWcoChange  system.o
    0x08006cb0   0x08006cb0   0x0000006c   Code   RO         3462    i.System_GetControlState  system.o
    0x08006d1c   0x08006d1c   0x00000006   Code   RO         3463    i.System_Init       system.o
    0x08006d22   0x08006d22   0x00000002   PAD
    0x08006d24   0x08006d24   0x00000044   Code   RO         3464    i.System_PinChangeISR  system.o
    0x08006d68   0x08006d68   0x00000010   Code   RO         3465    i.System_ResetPosition  system.o
    0x08006d78   0x08006d78   0x00000018   Code   RO         3466    i.System_SetExecAccessoryOverrideFlag  system.o
    0x08006d90   0x08006d90   0x00000014   Code   RO         3467    i.System_SetExecAlarm  system.o
    0x08006da4   0x08006da4   0x00000018   Code   RO         3468    i.System_SetExecMotionOverrideFlag  system.o
    0x08006dbc   0x08006dbc   0x00000018   Code   RO         3469    i.System_SetExecStateFlag  system.o
    0x08006dd4   0x08006dd4   0x00000048   Code   RO         3965    i.TIM4_IRQHandler   global.o
    0x08006e1c   0x08006e1c   0x0000006c   Code   RO          594    i.TIM_Base_SetConfig  stm32f1xx_hal_tim.o
    0x08006e88   0x08006e88   0x00000016   Code   RO          595    i.TIM_CCxChannelCmd  stm32f1xx_hal_tim.o
    0x08006e9e   0x08006e9e   0x00000014   Code   RO          601    i.TIM_ETR_SetConfig  stm32f1xx_hal_tim.o
    0x08006eb2   0x08006eb2   0x00000010   Code   RO          602    i.TIM_ITRx_SetConfig  stm32f1xx_hal_tim.o
    0x08006ec2   0x08006ec2   0x00000002   PAD
    0x08006ec4   0x08006ec4   0x00000050   Code   RO          603    i.TIM_OC1_SetConfig  stm32f1xx_hal_tim.o
    0x08006f14   0x08006f14   0x00000058   Code   RO          604    i.TIM_OC2_SetConfig  stm32f1xx_hal_tim.o
    0x08006f6c   0x08006f6c   0x00000058   Code   RO          605    i.TIM_OC3_SetConfig  stm32f1xx_hal_tim.o
    0x08006fc4   0x08006fc4   0x00000044   Code   RO          606    i.TIM_OC4_SetConfig  stm32f1xx_hal_tim.o
    0x08007008   0x08007008   0x00000022   Code   RO          608    i.TIM_TI1_ConfigInputStage  stm32f1xx_hal_tim.o
    0x0800702a   0x0800702a   0x00000024   Code   RO          610    i.TIM_TI2_ConfigInputStage  stm32f1xx_hal_tim.o
    0x0800704e   0x0800704e   0x00000010   Code   RO         1410    i.UART_DMAAbortOnError  stm32f1xx_hal_uart.o
    0x0800705e   0x0800705e   0x0000001c   Code   RO         1420    i.UART_EndRxTransfer  stm32f1xx_hal_uart.o
    0x0800707a   0x0800707a   0x00000096   Code   RO         1422    i.UART_Receive_IT   stm32f1xx_hal_uart.o
    0x08007110   0x08007110   0x00000170   Code   RO         1423    i.UART_SetConfig    stm32f1xx_hal_uart.o
    0x08007280   0x08007280   0x00000062   Code   RO         1424    i.UART_Transmit_IT  stm32f1xx_hal_uart.o
    0x080072e2   0x080072e2   0x00000002   PAD
    0x080072e4   0x080072e4   0x0000000c   Code   RO          374    i.USART1_IRQHandler  stm32f1xx_it.o
    0x080072f0   0x080072f0   0x00000002   Code   RO          375    i.UsageFault_Handler  stm32f1xx_it.o
    0x080072f2   0x080072f2   0x00000002   PAD
    0x080072f4   0x080072f4   0x00000028   Code   RO         3815    i.Usart_Init        hw_usart.o
    0x0800731c   0x0800731c   0x00000020   Code   RO         3207    i.WriteGlobalSettings  settings.o
    0x0800733c   0x0800733c   0x00000002   Code   RO           16    i._Error_Handler    main.o
    0x0800733e   0x0800733e   0x00000002   PAD
    0x08007340   0x08007340   0x0000002c   Code   RO         4104    i.__0vsnprintf      mc_w.l(printfa.o)
    0x0800736c   0x0800736c   0x00000028   Code   RO         4249    i.__ARM_fpclassify  m_ws.l(fpclassify.o)
    0x08007394   0x08007394   0x00000388   Code   RO         4196    i.__ieee754_rem_pio2  m_ws.l(rred.o)
    0x0800771c   0x0800771c   0x000000fc   Code   RO         4178    i.__kernel_cos      m_ws.l(cos_i.o)
    0x08007818   0x08007818   0x000000aa   Code   RO         4251    i.__kernel_poly     m_ws.l(poly.o)
    0x080078c2   0x080078c2   0x00000002   PAD
    0x080078c4   0x080078c4   0x000000ec   Code   RO         4201    i.__kernel_sin      m_ws.l(sin_i.o)
    0x080079b0   0x080079b0   0x00000006   Code   RO         4182    i.__mathlib_dbl_infnan  m_ws.l(dunder.o)
    0x080079b6   0x080079b6   0x00000004   Code   RO         4183    i.__mathlib_dbl_infnan2  m_ws.l(dunder.o)
    0x080079ba   0x080079ba   0x0000000c   Code   RO         4184    i.__mathlib_dbl_invalid  m_ws.l(dunder.o)
    0x080079c6   0x080079c6   0x00000002   PAD
    0x080079c8   0x080079c8   0x00000010   Code   RO         4187    i.__mathlib_dbl_underflow  m_ws.l(dunder.o)
    0x080079d8   0x080079d8   0x0000000e   Code   RO         4259    i.__scatterload_copy  mc_w.l(handlers.o)
    0x080079e6   0x080079e6   0x00000002   Code   RO         4260    i.__scatterload_null  mc_w.l(handlers.o)
    0x080079e8   0x080079e8   0x0000000e   Code   RO         4261    i.__scatterload_zeroinit  mc_w.l(handlers.o)
    0x080079f6   0x080079f6   0x00000002   PAD
    0x080079f8   0x080079f8   0x0000000c   Code   RO         4231    i.__set_errno       mc_w.l(errno.o)
    0x08007a04   0x08007a04   0x00000184   Code   RO         4106    i._fp_digits        mc_w.l(printfa.o)
    0x08007b88   0x08007b88   0x000006dc   Code   RO         4107    i._printf_core      mc_w.l(printfa.o)
    0x08008264   0x08008264   0x00000024   Code   RO         4108    i._printf_post_padding  mc_w.l(printfa.o)
    0x08008288   0x08008288   0x0000002e   Code   RO         4109    i._printf_pre_padding  mc_w.l(printfa.o)
    0x080082b6   0x080082b6   0x00000016   Code   RO         4110    i._snputc           mc_w.l(printfa.o)
    0x080082cc   0x080082cc   0x00000220   Code   RO         4169    i.atan              m_ws.l(atan.o)
    0x080084ec   0x080084ec   0x00000180   Code   RO         4038    i.atan2             m_ws.l(atan2.o)
    0x0800866c   0x0800866c   0x000000dc   Code   RO         4046    i.ceil              m_ws.l(ceil.o)
    0x08008748   0x08008748   0x00000068   Code   RO         3591    i.convert_delta_vector_to_unit_vector  util.o
    0x080087b0   0x080087b0   0x0000009c   Code   RO         4050    i.cos               m_ws.l(cos.o)
    0x0800884c   0x0800884c   0x000000dc   Code   RO         4058    i.floor             m_ws.l(floor.o)
    0x08008928   0x08008928   0x0000002a   Code   RO         3592    i.hypot_f           util.o
    0x08008952   0x08008952   0x00000002   PAD
    0x08008954   0x08008954   0x0000005c   Code   RO         3594    i.limit_value_by_axis_maximum  util.o
    0x080089b0   0x080089b0   0x000000c4   Code   RO         4081    i.lround            m_ws.l(lround.o)
    0x08008a74   0x08008a74   0x00000026   Code   RO           17    i.main              main.o
    0x08008a9a   0x08008a9a   0x00000010   Code   RO         3072    i.report_util_feedback_line_feed  report.o
    0x08008aaa   0x08008aaa   0x0000001a   Code   RO         3073    i.report_util_float_setting  report.o
    0x08008ac4   0x08008ac4   0x0000001c   Code   RO         3074    i.report_util_uint8_setting  report.o
    0x08008ae0   0x08008ae0   0x00000094   Code   RO         4061    i.round             m_ws.l(round.o)
    0x08008b74   0x08008b74   0x000000a0   Code   RO         4064    i.sin               m_ws.l(sin.o)
    0x08008c14   0x08008c14   0x0000004c   Code   RO         4072    i.sqrt              m_ws.l(sqrt.o)
    0x08008c60   0x08008c60   0x00000064   Code   RO         4079    i.trunc             m_ws.l(trunc.o)
    0x08008cc4   0x08008cc4   0x00000010   Data   RO         2588    .constdata          system_stm32f1xx.o
    0x08008cd4   0x08008cd4   0x00000008   Data   RO         2589    .constdata          system_stm32f1xx.o
    0x08008cdc   0x08008cdc   0x00000004   PAD
    0x08008ce0   0x08008ce0   0x00000098   Data   RO         4170    .constdata          m_ws.l(atan.o)
    0x08008d78   0x08008d78   0x00000030   Data   RO         4179    .constdata          m_ws.l(cos_i.o)
    0x08008da8   0x08008da8   0x00000008   Data   RO         4195    .constdata          m_ws.l(qnan.o)
    0x08008db0   0x08008db0   0x000000c8   Data   RO         4198    .constdata          m_ws.l(rred.o)
    0x08008e78   0x08008e78   0x00000028   Data   RO         4202    .constdata          m_ws.l(sin_i.o)
    0x08008ea0   0x08008ea0   0x0000004a   Data   RO         3075    .conststring        report.o
    0x08008eea   0x08008eea   0x00000002   PAD
    0x08008eec   0x08008eec   0x00000020   Data   RO         4257    Region$$Table       anon$$obj.o


    Execution Region RW_IRAM1 (Exec base: 0x20000000, Load base: 0x08008f0c, Size: 0x00002480, Max: 0x00005000, ABSOLUTE)

    Exec Addr    Load Addr    Size         Type   Attr      Idx    E Section Name        Object

    0x20000000   0x08008f0c   0x00000005   Data   RW           21    .data               main.o
    0x20000005   0x08008f11   0x00000003   PAD
    0x20000008   0x08008f14   0x0000000c   Data   RW         1721    .data               stm32f1xx_hal.o
    0x20000014   0x08008f20   0x00000004   Data   RW         2590    .data               system_stm32f1xx.o
    0x20000018   0x08008f24   0x00000004   Data   RW         2844    .data               planner.o
    0x2000001c   0x08008f28   0x00000001   Data   RW         2956    .data               probe.o
    0x2000001d   0x08008f29   0x00000003   PAD
    0x20000020   0x08008f2c   0x00000004   Data   RW         3311    .data               spindlecontrol.o
    0x20000024   0x08008f30   0x00000010   Data   RW         3380    .data               stepper.o
    0x20000034   0x08008f40   0x0000000c   Data   RW         3708    .data               fifo_usart.o
    0x20000040   0x08008f4c   0x00000002   Data   RW         3820    .data               hw_usart.o
    0x20000042   0x08008f4e   0x00000002   Data   RW         3966    .data               global.o
    0x20000044   0x08008f50   0x00000004   Data   RW         4232    .data               mc_w.l(errno.o)
    0x20000048        -       0x00000014   Zero   RW           18    .bss                main.o
    0x2000005c        -       0x0000000c   Zero   RW           19    .bss                main.o
    0x20000068        -       0x0000000c   Zero   RW           20    .bss                main.o
    0x20000074        -       0x00000080   Zero   RW          258    .bss                tim.o
    0x200000f4        -       0x00000040   Zero   RW          312    .bss                usart.o
    0x20000134   0x08008f54   0x00000004   PAD
    0x20000138        -       0x00000020   Zero   RW         2412    .bss                stm32f1xx_hal_flash.o
    0x20000158        -       0x00000084   Zero   RW         2679    .bss                gcode.o
    0x200001dc        -       0x00000e1c   Zero   RW         2843    .bss                planner.o
    0x20000ff8        -       0x000000c8   Zero   RW         3007    .bss                protocol.o
    0x200010c0        -       0x0000005c   Zero   RW         3208    .bss                settings.o
    0x2000111c        -       0x000003cc   Zero   RW         3379    .bss                stepper.o
    0x200014e8        -       0x00000400   Zero   RW         3650    .bss                eeprom.o
    0x200018e8        -       0x00000792   Zero   RW         3707    .bss                fifo_usart.o
    0x2000207a   0x08008f54   0x00000006   PAD
    0x20002080        -       0x00000400   Zero   RW            1    STACK               startup_stm32f103xb.o


==============================================================================

Image component sizes


      Code (inc. data)   RO Data    RW Data    ZI Data      Debug   Object Name

       136         22          0          0          0       2915   coolantcontrol.o
       264         46          0          0       1024       4558   eeprom.o
       292         30          0         12       1938       3102   fifo_usart.o
      3672        104          0          0        132      11913   gcode.o
       386         58          0          2          0       3276   global.o
       344         18          0          0          0        991   gpio.o
         2          0          0          0          0        436   hw_gpio.o
        58          4          0          0          0        890   hw_tim.o
        40          6          0          2          0       1283   hw_usart.o
        92         10          0          0          0       1022   jog.o
       884         68          0          0          0       4745   limits.o
       284         18          0          5         44     449622   main.o
      1284         86          0          0          0       6009   motioncontrol.o
       106         10          0          0          0       1025   motor_setting.o
      1504        138          0          4       3612      11343   planner.o
       390         46          0          0          0       5128   print.o
       162         42          0          1          0       2889   probe.o
      1634         72          0          0        200       5824   protocol.o
      2408        582         74          0          0      11058   report.o
       986         94          0          0         92       9874   settings.o
       460         74          0          4          0       4512   spindlecontrol.o
        36          8        236          0       1024        788   startup_stm32f103xb.o
      3096        186          0         16        972      10369   stepper.o
       164         28          0         12          0       3729   stm32f1xx_hal.o
       226         14          0          0          0      26754   stm32f1xx_hal_cortex.o
       152          4          0          0          0       1071   stm32f1xx_hal_dma.o
       392         46          0          0         32       4598   stm32f1xx_hal_flash.o
       240         26          0          0          0       3181   stm32f1xx_hal_flash_ex.o
       472         36          0          0          0       4008   stm32f1xx_hal_gpio.o
       144         10          0          0          0        874   stm32f1xx_hal_msp.o
      1296        104          0          0          0       5528   stm32f1xx_hal_rcc.o
      1358         38          0          0          0      13622   stm32f1xx_hal_tim.o
        80          0          0          0          0       1244   stm32f1xx_hal_tim_ex.o
      1114         10          0          0          0       6617   stm32f1xx_hal_uart.o
        42          6          0          0          0       4094   stm32f1xx_it.o
      1082         94          0          0          0      15189   system.o
        36          0          0          0          0       1306   system32.o
        72         16         24          4          0       1115   system_stm32f1xx.o
       456         70          0          0        128       2805   tim.o
       180         36          0          0         64       2826   usart.o
       558         38          0          0          0       4163   util.o

    ----------------------------------------------------------------------
     26634       2298        372         68       9272     656296   Object Totals
         0          0         32          0          0          0   (incl. Generated)
        50          0          6          6         10          0   (incl. Padding)

    ----------------------------------------------------------------------

      Code (inc. data)   RO Data    RW Data    ZI Data      Debug   Library Member Name

       544         70        152          0          0        124   atan.o
       384         38          0          0          0        144   atan2.o
       220         16          0          0          0         84   ceil.o
       156          8          0          0          0        104   cos.o
       252         22         48          0          0        124   cos_i.o
        38          6          0          0          0        272   dunder.o
       220         16          0          0          0         84   floor.o
        40          0          0          0          0         68   fpclassify.o
       196         26          0          0          0        100   lround.o
       170          0          0          0          0         96   poly.o
         0          0          8          0          0          0   qnan.o
       148         12          0          0          0         88   round.o
       904         76        200          0          0        140   rred.o
       160         10          0          0          0        108   sin.o
       236         12         40          0          0        128   sin_i.o
        76          0          0          0          0         84   sqrt.o
       100          4          0          0          0         84   trunc.o
         0          0          0          0          0          0   entry.o
         0          0          0          0          0          0   entry10a.o
         0          0          0          0          0          0   entry11a.o
         8          4          0          0          0          0   entry2.o
         4          0          0          0          0          0   entry5.o
         0          0          0          0          0          0   entry7b.o
         0          0          0          0          0          0   entry8b.o
         8          4          0          0          0          0   entry9a.o
        12          6          0          4          0         68   errno.o
        30          0          0          0          0          0   handlers.o
        36          8          0          0          0         68   init.o
         0          0          0          0          0          0   iusefp.o
        30          0          0          0          0         68   llshl.o
        36          0          0          0          0         68   llsshr.o
        32          0          0          0          0         68   llushr.o
        26          0          0          0          0         80   memcmp.o
        36          0          0          0          0         68   memcpya.o
        36          0          0          0          0        108   memseta.o
      2292         84          0          0          0        516   printfa.o
        44          0          0          0          0         80   uidiv.o
        98          0          0          0          0         92   uldiv.o
        48          0          0          0          0         68   cdcmple.o
        48          0          0          0          0         68   cdrcmple.o
        20          0          0          0          0         68   cfcmple.o
        20          0          0          0          0         68   cfrcmple.o
        56          0          0          0          0         88   d2f.o
       334          0          0          0          0        148   dadd.o
       222          0          0          0          0        100   ddiv.o
       186          0          0          0          0        176   depilogue.o
        62          0          0          0          0         80   dfixi.o
       168          0          0          0          0         88   dfixir.o
        50          0          0          0          0         76   dfixui.o
        48          0          0          0          0         68   dfixul.o
        34          0          0          0          0         76   dflti.o
        26          0          0          0          0         76   dfltui.o
       228          0          0          0          0         96   dmul.o
       136          4          0          0          0         92   drnd.o
        46          0          0          0          0         80   dscalb.o
       162          0          0          0          0        100   dsqrt.o
        38          0          0          0          0         68   f2d.o
       176          0          0          0          0        140   fadd.o
       124          0          0          0          0         88   fdiv.o
       110          0          0          0          0        168   fepilogue.o
        50          0          0          0          0         68   ffixi.o
        40          0          0          0          0         68   ffixui.o
        18          0          0          0          0         68   fflti.o
        10          0          0          0          0         68   ffltui.o
       100          0          0          0          0         76   fmul.o
        24          0          0          0          0         68   fscalb.o

    ----------------------------------------------------------------------
      9166        426        448          4          0       5612   Library Totals
        10          0          0          0          0          0   (incl. Padding)

    ----------------------------------------------------------------------

      Code (inc. data)   RO Data    RW Data    ZI Data      Debug   Library Name

      3844        316        448          0          0       1832   m_ws.l
      2728        106          0          4          0       1284   mc_w.l
      2584          4          0          0          0       2496   mf_w.l

    ----------------------------------------------------------------------
      9166        426        448          4          0       5612   Library Totals

    ----------------------------------------------------------------------

==============================================================================


      Code (inc. data)   RO Data    RW Data    ZI Data      Debug   

     35800       2724        820         72       9272     646876   Grand Totals
     35800       2724        820         72       9272     646876   ELF Image Totals
     35800       2724        820         72          0          0   ROM Totals

==============================================================================

    Total RO  Size (Code + RO Data)                36620 (  35.76kB)
    Total RW  Size (RW Data + ZI Data)              9344 (   9.13kB)
    Total ROM Size (Code + RO Data + RW Data)      36692 (  35.83kB)

==============================================================================

