Component: ARM Compiler 5.06 update 6 (build 750) Tool: armlink [4d35ed]

==============================================================================

Section Cross References

    startup_stm32f103xb.o(RESET) refers to startup_stm32f103xb.o(STACK) for __initial_sp
    startup_stm32f103xb.o(RESET) refers to startup_stm32f103xb.o(.text) for Reset_Handler
    startup_stm32f103xb.o(RESET) refers to stm32f1xx_it.o(i.NMI_Handler) for NMI_Handler
    startup_stm32f103xb.o(RESET) refers to stm32f1xx_it.o(i.HardFault_Handler) for HardFault_Handler
    startup_stm32f103xb.o(RESET) refers to stm32f1xx_it.o(i.MemManage_Handler) for MemManage_Handler
    startup_stm32f103xb.o(RESET) refers to stm32f1xx_it.o(i.BusFault_Handler) for BusFault_Handler
    startup_stm32f103xb.o(RESET) refers to stm32f1xx_it.o(i.UsageFault_Handler) for UsageFault_Handler
    startup_stm32f103xb.o(RESET) refers to stm32f1xx_it.o(i.SVC_Handler) for SVC_Handler
    startup_stm32f103xb.o(RESET) refers to stm32f1xx_it.o(i.DebugMon_Handler) for DebugMon_Handler
    startup_stm32f103xb.o(RESET) refers to stm32f1xx_it.o(i.PendSV_Handler) for PendSV_Handler
    startup_stm32f103xb.o(RESET) refers to stm32f1xx_it.o(i.SysTick_Handler) for SysTick_Handler
    startup_stm32f103xb.o(RESET) refers to global.o(i.TIM4_IRQHandler) for TIM4_IRQHandler
    startup_stm32f103xb.o(RESET) refers to stm32f1xx_it.o(i.USART1_IRQHandler) for USART1_IRQHandler
    startup_stm32f103xb.o(.text) refers to system_stm32f1xx.o(i.SystemInit) for SystemInit
    startup_stm32f103xb.o(.text) refers to entry.o(.ARM.Collect$$$$00000000) for __main
    main.o(i.Grbl_loop) refers to system.o(i.System_Clear) for System_Clear
    main.o(i.Grbl_loop) refers to probe.o(i.Probe_Reset) for Probe_Reset
    main.o(i.Grbl_loop) refers to gcode.o(i.GC_Init) for GC_Init
    main.o(i.Grbl_loop) refers to planner.o(i.Planner_Init) for Planner_Init
    main.o(i.Grbl_loop) refers to coolantcontrol.o(i.Coolant_Init) for Coolant_Init
    main.o(i.Grbl_loop) refers to limits.o(i.Limits_Init) for Limits_Init
    main.o(i.Grbl_loop) refers to probe.o(i.Probe_Init) for Probe_Init
    main.o(i.Grbl_loop) refers to spindlecontrol.o(i.Spindle_Init) for Spindle_Init
    main.o(i.Grbl_loop) refers to stepper.o(i.Stepper_Reset) for Stepper_Reset
    main.o(i.Grbl_loop) refers to planner.o(i.Planner_SyncPosition) for Planner_SyncPosition
    main.o(i.Grbl_loop) refers to gcode.o(i.GC_SyncPosition) for GC_SyncPosition
    main.o(i.Grbl_loop) refers to report.o(i.Report_InitMessage) for Report_InitMessage
    main.o(i.Grbl_loop) refers to protocol.o(i.Protocol_MainLoop) for Protocol_MainLoop
    main.o(i.Grbl_loop) refers to main.o(.bss) for .bss
    main.o(i.Grbl_loop) refers to main.o(.data) for .data
    main.o(i.Grbl_setup) refers to print.o(i.Print_Init) for Print_Init
    main.o(i.Grbl_setup) refers to system.o(i.System_Init) for System_Init
    main.o(i.Grbl_setup) refers to stepper.o(i.Stepper_Init) for Stepper_Init
    main.o(i.Grbl_setup) refers to settings.o(i.Settings_Init) for Settings_Init
    main.o(i.Grbl_setup) refers to system.o(i.System_ResetPosition) for System_ResetPosition
    main.o(i.Grbl_setup) refers to arm_motion.o(i.Arm_motion_reset) for Arm_motion_reset
    main.o(i.Grbl_setup) refers to settings.o(.bss) for settings
    main.o(i.Grbl_setup) refers to main.o(.bss) for .bss
    main.o(i.SystemClock_Config) refers to stm32f1xx_hal_rcc.o(i.HAL_RCC_OscConfig) for HAL_RCC_OscConfig
    main.o(i.SystemClock_Config) refers to stm32f1xx_hal_rcc.o(i.HAL_RCC_ClockConfig) for HAL_RCC_ClockConfig
    main.o(i.SystemClock_Config) refers to stm32f1xx_hal_rcc.o(i.HAL_RCC_GetHCLKFreq) for HAL_RCC_GetHCLKFreq
    main.o(i.SystemClock_Config) refers to stm32f1xx_hal_cortex.o(i.HAL_SYSTICK_Config) for HAL_SYSTICK_Config
    main.o(i.SystemClock_Config) refers to stm32f1xx_hal_cortex.o(i.HAL_SYSTICK_CLKSourceConfig) for HAL_SYSTICK_CLKSourceConfig
    main.o(i.SystemClock_Config) refers to stm32f1xx_hal_cortex.o(i.HAL_NVIC_SetPriority) for HAL_NVIC_SetPriority
    main.o(i.main) refers to stm32f1xx_hal.o(i.HAL_Init) for HAL_Init
    main.o(i.main) refers to main.o(i.SystemClock_Config) for SystemClock_Config
    main.o(i.main) refers to gpio.o(i.MX_GPIO_Init) for MX_GPIO_Init
    main.o(i.main) refers to usart.o(i.MX_USART1_UART_Init) for MX_USART1_UART_Init
    main.o(i.main) refers to tim.o(i.MX_TIM3_Init) for MX_TIM3_Init
    main.o(i.main) refers to tim.o(i.MX_TIM4_Init) for MX_TIM4_Init
    main.o(i.main) refers to motor_setting.o(i.Motor_Setting_init) for Motor_Setting_init
    main.o(i.main) refers to main.o(i.Grbl_setup) for Grbl_setup
    main.o(i.main) refers to main.o(i.Grbl_loop) for Grbl_loop
    gpio.o(i.MX_GPIO_Init) refers to stm32f1xx_hal_gpio.o(i.HAL_GPIO_WritePin) for HAL_GPIO_WritePin
    gpio.o(i.MX_GPIO_Init) refers to stm32f1xx_hal_gpio.o(i.HAL_GPIO_Init) for HAL_GPIO_Init
[...]
    line                                     0x20001010   Data         200  protocol.o(.bss)
    .bss                                     0x200010d8   Section       92  settings.o(.bss)
    .bss                                     0x20001134   Section      972  stepper.o(.bss)
    st_block_buffer                          0x20001134   Data         620  stepper.o(.bss)
    segment_buffer                           0x200013a0   Data         256  stepper.o(.bss)
    st                                       0x200014a0   Data          40  stepper.o(.bss)
    prep                                     0x200014c8   Data          56  stepper.o(.bss)
    .bss                                     0x20001500   Section     1024  eeprom.o(.bss)
    EepromData                               0x20001500   Data        1024  eeprom.o(.bss)
    .bss                                     0x20001900   Section     1938  fifo_usart.o(.bss)
    Count                                    0x20001900   Data          12  fifo_usart.o(.bss)
    FifoQueue                                0x2000190c   Data        1926  fifo_usart.o(.bss)
    .bss                                     0x20002094   Section       16  arm_motion.o(.bss)
    STACK                                    0x200020a8   Section     1024  startup_stm32f103xb.o(STACK)

    Global Symbols

    Symbol Name                              Value     Ov Type        Size  Object(Section)

    BuildAttributes$$THM_ISAv4$P$D$K$B$S$PE$A:L22UL41UL21$X:L11$S22US41US21$IEEE1$IW$USESV6$~STKCKD$USESV7$~SHL$OTIME$ROPI$IEEEX$EBA8$MICROLIB$REQ8$PRES8$EABIv2 0x00000000   Number         0  anon$$obj.o ABSOLUTE
    __ARM_use_no_argv                        0x00000000   Number         0  main.o ABSOLUTE
    __use_no_errno                           0x00000000   Number         0  useno.o ABSOLUTE
    __use_no_exception_handling              0x00000000   Number         0  useno.o ABSOLUTE
    __use_no_fp                              0x00000000   Number         0  useno.o ABSOLUTE
    __use_no_heap                            0x00000000   Number         0  useno.o ABSOLUTE
    __use_no_heap_region                     0x00000000   Number         0  useno.o ABSOLUTE
    __use_no_semihosting                     0x00000000   Number         0  useno.o ABSOLUTE
    __use_no_semihosting_swi                 0x00000000   Number         0  useno.o ABSOLUTE
    __use_no_signal_handling                 0x00000000   Number         0  useno.o ABSOLUTE
    __cpp_initialize__aeabi_                  - Undefined Weak Reference
    __cxa_finalize                            - Undefined Weak Reference
    __decompress                              - Undefined Weak Reference
    _clock_init                               - Undefined Weak Reference
    _microlib_exit                            - Undefined Weak Reference
    __Vectors_Size                           0x000000ec   Number         0  startup_stm32f103xb.o ABSOLUTE
    __Vectors                                0x08000000   Data           4  startup_stm32f103xb.o(RESET)
    __Vectors_End                            0x080000ec   Data           0  startup_stm32f103xb.o(RESET)
    __main                                   0x080000ed   Thumb Code     0  entry.o(.ARM.Collect$$$$00000000)
    _main_stk                                0x080000ed   Thumb Code     0  entry2.o(.ARM.Collect$$$$00000001)
    _main_scatterload                        0x080000f1   Thumb Code     0  entry5.o(.ARM.Collect$$$$00000004)
    __main_after_scatterload                 0x080000f5   Thumb Code     0  entry5.o(.ARM.Collect$$$$00000004)
    _main_clock                              0x080000f5   Thumb Code     0  entry7b.o(.ARM.Collect$$$$00000008)
    _main_cpp_init                           0x080000f5   Thumb Code     0  entry8b.o(.ARM.Collect$$$$0000000A)
    _main_init                               0x080000f5   Thumb Code     0  entry9a.o(.ARM.Collect$$$$0000000B)
    __rt_final_cpp                           0x080000fd   Thumb Code     0  entry10a.o(.ARM.Collect$$$$0000000D)
    __rt_final_exit                          0x080000fd   Thumb Code     0  entry11a.o(.ARM.Collect$$$$0000000F)
    Reset_Handler                            0x08000101   Thumb Code     8  startup_stm32f103xb.o(.text)
    ADC1_2_IRQHandler                        0x0800011b   Thumb Code     0  startup_stm32f103xb.o(.text)
    CAN1_RX1_IRQHandler                      0x0800011b   Thumb Code     0  startup_stm32f103xb.o(.text)
    CAN1_SCE_IRQHandler                      0x0800011b   Thumb Code     0  startup_stm32f103xb.o(.text)
    DMA1_Channel1_IRQHandler                 0x0800011b   Thumb Code     0  startup_stm32f103xb.o(.text)
    DMA1_Channel2_IRQHandler                 0x0800011b   Thumb Code     0  startup_stm32f103xb.o(.text)
    DMA1_Channel3_IRQHandler                 0x0800011b   Thumb Code     0  startup_stm32f103xb.o(.text)
    DMA1_Channel4_IRQHandler                 0x0800011b   Thumb Code     0  startup_stm32f103xb.o(.text)
    DMA1_Channel5_IRQHandler                 0x0800011b   Thumb Code     0  startup_stm32f103xb.o(.text)
    DMA1_Channel6_IRQHandler                 0x0800011b   Thumb Code     0  startup_stm32f103xb.o(.text)
    DMA1_Channel7_IRQHandler                 0x0800011b   Thumb Code     0  startup_stm32f103xb.o(.text)
    EXTI0_IRQHandler                         0x0800011b   Thumb Code     0  startup_stm32f103xb.o(.text)
    EXTI15_10_IRQHandler                     0x0800011b   Thumb Code     0  startup_stm32f103xb.o(.text)
    EXTI1_IRQHandler                         0x0800011b   Thumb Code     0  startup_stm32f103xb.o(.text)
    EXTI2_IRQHandler                         0x0800011b   Thumb Code     0  startup_stm32f103xb.o(.text)
    EXTI3_IRQHandler                         0x0800011b   Thumb Code     0  startup_stm32f103xb.o(.text)
    EXTI4_IRQHandler                         0x0800011b   Thumb Code     0  startup_stm32f103xb.o(.text)
    EXTI9_5_IRQHandler                       0x0800011b   Thumb Code     0  startup_stm32f103xb.o(.text)
    FLASH_IRQHandler                         0x0800011b   Thumb Code     0  startup_stm32f103xb.o(.text)
    I2C1_ER_IRQHandler                       0x0800011b   Thumb Code     0  startup_stm32f103xb.o(.text)
    I2C1_EV_IRQHandler                       0x0800011b   Thumb Code     0  startup_stm32f103xb.o(.text)
    I2C2_ER_IRQHandler                       0x0800011b   Thumb Code     0  startup_stm32f103xb.o(.text)
    I2C2_EV_IRQHandler                       0x0800011b   Thumb Code     0  startup_stm32f103xb.o(.text)
    PVD_IRQHandler                           0x0800011b   Thumb Code     0  startup_stm32f103xb.o(.text)
    RCC_IRQHandler                           0x0800011b   Thumb Code     0  startup_stm32f103xb.o(.text)
    RTC_Alarm_IRQHandler                     0x0800011b   Thumb Code     0  startup_stm32f103xb.o(.text)
    RTC_IRQHandler                           0x0800011b   Thumb Code     0  startup_stm32f103xb.o(.text)
    SPI1_IRQHandler                          0x0800011b   Thumb Code     0  startup_stm32f103xb.o(.text)
    SPI2_IRQHandler                          0x0800011b   Thumb Code     0  startup_stm32f103xb.o(.text)
    TAMPER_IRQHandler                        0x0800011b   Thumb Code     0  startup_stm32f103xb.o(.text)
    TIM1_BRK_IRQHandler                      0x0800011b   Thumb Code     0  startup_stm32f103xb.o(.text)
    TIM1_CC_IRQHandler                       0x0800011b   Thumb Code     0  startup_stm32f103xb.o(.text)
    TIM1_TRG_COM_IRQHandler                  0x0800011b   Thumb Code     0  startup_stm32f103xb.o(.text)
    TIM1_UP_IRQHandler                       0x0800011b   Thumb Code     0  startup_stm32f103xb.o(.text)
    TIM2_IRQHandler                          0x0800011b   Thumb Code     0  startup_stm32f103xb.o(.text)
    TIM3_IRQHandler                          0x0800011b   Thumb Code     0  startup_stm32f103xb.o(.text)
    USART2_IRQHandler                        0x0800011b   Thumb Code     0  startup_stm32f103xb.o(.text)
    USART3_IRQHandler                        0x0800011b   Thumb Code     0  startup_stm32f103xb.o(.text)
    USBWakeUp_IRQHandler                     0x0800011b   Thumb Code     0  startup_stm32f103xb.o(.text)
    USB_HP_CAN1_TX_IRQHandler                0x0800011b   Thumb Code     0  startup_stm32f103xb.o(.text)
    USB_LP_CAN1_RX0_IRQHandler               0x0800011b   Thumb Code     0  startup_stm32f103xb.o(.text)
    WWDG_IRQHandler                          0x0800011b   Thumb Code     0  startup_stm32f103xb.o(.text)
    __aeabi_llsr                             0x08000125   Thumb Code    32  llushr.o(.text)
    _ll_ushift_r                             0x08000125   Thumb Code     0  llushr.o(.text)
    __aeabi_memcpy                           0x08000145   Thumb Code    36  memcpya.o(.text)
    __aeabi_memcpy4                          0x08000145   Thumb Code     0  memcpya.o(.text)
    __aeabi_memcpy8                          0x08000145   Thumb Code     0  memcpya.o(.text)
    __aeabi_memset                           0x08000169   Thumb Code    14  memseta.o(.text)
    __aeabi_memset4                          0x08000169   Thumb Code     0  memseta.o(.text)
    __aeabi_memset8                          0x08000169   Thumb Code     0  memseta.o(.text)
    __aeabi_memclr                           0x08000177   Thumb Code     4  memseta.o(.text)
    __aeabi_memclr4                          0x08000177   Thumb Code     0  memseta.o(.text)
    __aeabi_memclr8                          0x08000177   Thumb Code     0  memseta.o(.text)
    _memset$wrapper                          0x0800017b   Thumb Code    18  memseta.o(.text)
    memcmp                                   0x0800018d   Thumb Code    26  memcmp.o(.text)
    __aeabi_fadd                             0x080001a7   Thumb Code   164  fadd.o(.text)
    __aeabi_fsub                             0x0800024b   Thumb Code     6  fadd.o(.text)
    __aeabi_frsub                            0x08000251   Thumb Code     6  fadd.o(.text)
    __aeabi_fmul                             0x08000257   Thumb Code   100  fmul.o(.text)
    __aeabi_fdiv                             0x080002bb   Thumb Code   124  fdiv.o(.text)
    __ARM_scalbnf                            0x08000337   Thumb Code    24  fscalb.o(.text)
    scalbnf                                  0x08000337   Thumb Code     0  fscalb.o(.text)
    __aeabi_dadd                             0x0800034f   Thumb Code   322  dadd.o(.text)
    __aeabi_dsub                             0x08000491   Thumb Code     6  dadd.o(.text)
    __aeabi_drsub                            0x08000497   Thumb Code     6  dadd.o(.text)
    __aeabi_dmul                             0x0800049d   Thumb Code   228  dmul.o(.text)
    __aeabi_ddiv                             0x08000581   Thumb Code   222  ddiv.o(.text)
    __ARM_scalbn                             0x0800065f   Thumb Code    46  dscalb.o(.text)
    scalbn                                   0x0800065f   Thumb Code     0  dscalb.o(.text)
    __aeabi_i2f                              0x0800068d   Thumb Code    18  fflti.o(.text)
    __aeabi_ui2f                             0x0800069f   Thumb Code    10  ffltui.o(.text)
    __aeabi_ui2d                             0x080006a9   Thumb Code    26  dfltui.o(.text)
    __aeabi_f2iz                             0x080006c3   Thumb Code    50  ffixi.o(.text)
    __aeabi_f2uiz                            0x080006f5   Thumb Code    40  ffixui.o(.text)
    __aeabi_d2iz                             0x0800071d   Thumb Code    62  dfixi.o(.text)
    __aeabi_d2uiz                            0x0800075b   Thumb Code    50  dfixui.o(.text)
    __aeabi_f2d                              0x0800078d   Thumb Code    38  f2d.o(.text)
    __aeabi_cdcmpeq                          0x080007b5   Thumb Code     0  cdcmple.o(.text)
    __aeabi_cdcmple                          0x080007b5   Thumb Code    48  cdcmple.o(.text)
    __aeabi_cdrcmple                         0x080007e5   Thumb Code    48  cdrcmple.o(.text)
    __aeabi_d2f                              0x08000815   Thumb Code    56  d2f.o(.text)
    __aeabi_cfcmpeq                          0x0800084d   Thumb Code     0  cfcmple.o(.text)
    __aeabi_cfcmple                          0x0800084d   Thumb Code    20  cfcmple.o(.text)
    __aeabi_cfrcmple                         0x08000861   Thumb Code    20  cfrcmple.o(.text)
    __aeabi_uidiv                            0x08000875   Thumb Code     0  uidiv.o(.text)
    __aeabi_uidivmod                         0x08000875   Thumb Code    44  uidiv.o(.text)
    __aeabi_uldivmod                         0x080008a1   Thumb Code    98  uldiv.o(.text)
    __aeabi_llsl                             0x08000903   Thumb Code    30  llshl.o(.text)
    _ll_shift_l                              0x08000903   Thumb Code     0  llshl.o(.text)
    __aeabi_lasr                             0x08000921   Thumb Code    36  llsshr.o(.text)
    _ll_sshift_r                             0x08000921   Thumb Code     0  llsshr.o(.text)
    __I$use$fp                               0x08000945   Thumb Code     0  iusefp.o(.text)
    _float_round                             0x08000945   Thumb Code    18  fepilogue.o(.text)
    _float_epilogue                          0x08000957   Thumb Code    92  fepilogue.o(.text)
    _double_round                            0x080009b3   Thumb Code    30  depilogue.o(.text)
    _double_epilogue                         0x080009d1   Thumb Code   156  depilogue.o(.text)
    _dsqrt                                   0x08000a6d   Thumb Code   162  dsqrt.o(.text)
    _drnd                                    0x08000b11   Thumb Code   132  drnd.o(.text)
    __aeabi_d2ulz                            0x08000b99   Thumb Code    48  dfixul.o(.text)
    _dfix_r                                  0x08000bc9   Thumb Code   168  dfixir.o(.text)
    __scatterload                            0x08000c71   Thumb Code    28  init.o(.text)
    __scatterload_rt2                        0x08000c71   Thumb Code     0  init.o(.text)
    __aeabi_i2d                              0x08000c95   Thumb Code    34  dflti.o(.text)
    Arm_motion_reset                         0x08000cb9   Thumb Code    58  arm_motion.o(i.Arm_motion_reset)
    BusFault_Handler                         0x08000d09   Thumb Code     2  stm32f1xx_it.o(i.BusFault_Handler)
    Coolant_GetState                         0x08000d0d   Thumb Code    22  coolantcontrol.o(i.Coolant_GetState)
    Coolant_Init                             0x08000d29   Thumb Code    16  coolantcontrol.o(i.Coolant_Init)
    Coolant_SetState                         0x08000d39   Thumb Code    36  coolantcontrol.o(i.Coolant_SetState)
    Coolant_Stop                             0x08000d65   Thumb Code    12  coolantcontrol.o(i.Coolant_Stop)
    Coolant_Sync                             0x08000d75   Thumb Code    28  coolantcontrol.o(i.Coolant_Sync)
    DebugMon_Handler                         0x08000d95   Thumb Code     2  stm32f1xx_it.o(i.DebugMon_Handler)
    Delay_ms                                 0x08000d97   Thumb Code    24  system32.o(i.Delay_ms)
    Delay_sec                                0x08000db1   Thumb Code    66  util.o(i.Delay_sec)
    Delay_us                                 0x08000dfd   Thumb Code    12  system32.o(i.Delay_us)
    EE_Erase                                 0x08000e09   Thumb Code    38  eeprom.o(i.EE_Erase)
    EE_Init                                  0x08000e35   Thumb Code    12  eeprom.o(i.EE_Init)
    EE_Program                               0x08000e49   Thumb Code    54  eeprom.o(i.EE_Program)
    EE_ReadByte                              0x08000e89   Thumb Code     6  eeprom.o(i.EE_ReadByte)
    EE_ReadByteArray                         0x08000e95   Thumb Code    56  eeprom.o(i.EE_ReadByteArray)
    EE_WriteByte                             0x08000ed1   Thumb Code     6  eeprom.o(i.EE_WriteByte)
    EE_WriteByteArray                        0x08000edd   Thumb Code    46  eeprom.o(i.EE_WriteByteArray)
    FLASH_PageErase                          0x08000f35   Thumb Code    28  stm32f1xx_hal_flash_ex.o(i.FLASH_PageErase)
    FLASH_WaitForLastOperation               0x08000fd1   Thumb Code    80  stm32f1xx_hal_flash.o(i.FLASH_WaitForLastOperation)
    FifoUsart_Available                      0x08001025   Thumb Code    22  fifo_usart.o(i.FifoUsart_Available)
    FifoUsart_Get                            0x08001041   Thumb Code   104  fifo_usart.o(i.FifoUsart_Get)
    FifoUsart_Init                           0x080010b1   Thumb Code    24  fifo_usart.o(i.FifoUsart_Init)
    FifoUsart_Insert                         0x080010d1   Thumb Code   112  fifo_usart.o(i.FifoUsart_Insert)
    GC_ExecuteLine                           0x08001149   Thumb Code  3602  gcode.o(i.GC_ExecuteLine)
    GC_Init                                  0x08001f65   Thumb Code    38  gcode.o(i.GC_Init)
    GC_SyncPosition                          0x08001f91   Thumb Code     8  gcode.o(i.GC_SyncPosition)
    GPIO_InitGPIO                            0x08001fa1   Thumb Code     2  hw_gpio.o(i.GPIO_InitGPIO)
    Getc                                     0x08001fa3   Thumb Code    22  print.o(i.Getc)
    Grbl_loop                                0x08001fb9   Thumb Code    78  main.o(i.Grbl_loop)
    Grbl_setup                               0x08002011   Thumb Code    48  main.o(i.Grbl_setup)
    HAL_DMA_Abort_IT                         0x08002049   Thumb Code   148  stm32f1xx_hal_dma.o(i.HAL_DMA_Abort_IT)
    HAL_Delay                                0x080020e1   Thumb Code    32  stm32f1xx_hal.o(i.HAL_Delay)
    HAL_FLASHEx_Erase                        0x08002105   Thumb Code   160  stm32f1xx_hal_flash_ex.o(i.HAL_FLASHEx_Erase)
    HAL_FLASH_Lock                           0x080021ad   Thumb Code    14  stm32f1xx_hal_flash.o(i.HAL_FLASH_Lock)
    HAL_FLASH_Program                        0x080021c1   Thumb Code   120  stm32f1xx_hal_flash.o(i.HAL_FLASH_Program)
    HAL_FLASH_Unlock                         0x08002241   Thumb Code    28  stm32f1xx_hal_flash.o(i.HAL_FLASH_Unlock)
    HAL_GPIO_Init                            0x08002269   Thumb Code   408  stm32f1xx_hal_gpio.o(i.HAL_GPIO_Init)
    HAL_GPIO_ReadPin                         0x08002425   Thumb Code    10  stm32f1xx_hal_gpio.o(i.HAL_GPIO_ReadPin)
    HAL_GPIO_TogglePin                       0x0800242f   Thumb Code     8  stm32f1xx_hal_gpio.o(i.HAL_GPIO_TogglePin)
    HAL_GPIO_WritePin                        0x08002437   Thumb Code    10  stm32f1xx_hal_gpio.o(i.HAL_GPIO_WritePin)
    HAL_GetTick                              0x08002441   Thumb Code     6  stm32f1xx_hal.o(i.HAL_GetTick)
    HAL_IncTick                              0x0800244d   Thumb Code    12  stm32f1xx_hal.o(i.HAL_IncTick)
    HAL_Init                                 0x0800245d   Thumb Code    32  stm32f1xx_hal.o(i.HAL_Init)
    HAL_InitTick                             0x08002481   Thumb Code    54  stm32f1xx_hal.o(i.HAL_InitTick)
    HAL_MspInit                              0x080024c1   Thumb Code   134  stm32f1xx_hal_msp.o(i.HAL_MspInit)
    HAL_NVIC_EnableIRQ                       0x08002551   Thumb Code    22  stm32f1xx_hal_cortex.o(i.HAL_NVIC_EnableIRQ)
    HAL_NVIC_SetPriority                     0x08002569   Thumb Code    60  stm32f1xx_hal_cortex.o(i.HAL_NVIC_SetPriority)
    HAL_NVIC_SetPriorityGrouping             0x080025a9   Thumb Code    26  stm32f1xx_hal_cortex.o(i.HAL_NVIC_SetPriorityGrouping)
    HAL_RCC_ClockConfig                      0x080025cd   Thumb Code   322  stm32f1xx_hal_rcc.o(i.HAL_RCC_ClockConfig)
    HAL_RCC_GetHCLKFreq                      0x08002721   Thumb Code     6  stm32f1xx_hal_rcc.o(i.HAL_RCC_GetHCLKFreq)
    HAL_RCC_GetPCLK1Freq                     0x0800272d   Thumb Code    20  stm32f1xx_hal_rcc.o(i.HAL_RCC_GetPCLK1Freq)
    HAL_RCC_GetPCLK2Freq                     0x0800274d   Thumb Code    20  stm32f1xx_hal_rcc.o(i.HAL_RCC_GetPCLK2Freq)
    HAL_RCC_GetSysClockFreq                  0x0800276d   Thumb Code    74  stm32f1xx_hal_rcc.o(i.HAL_RCC_GetSysClockFreq)
    HAL_RCC_OscConfig                        0x080027d9   Thumb Code   750  stm32f1xx_hal_rcc.o(i.HAL_RCC_OscConfig)
    HAL_SYSTICK_CLKSourceConfig              0x08002add   Thumb Code    24  stm32f1xx_hal_cortex.o(i.HAL_SYSTICK_CLKSourceConfig)
    HAL_SYSTICK_Callback                     0x08002af5   Thumb Code    88  global.o(i.HAL_SYSTICK_Callback)
    HAL_SYSTICK_Config                       0x08002b55   Thumb Code    40  stm32f1xx_hal_cortex.o(i.HAL_SYSTICK_Config)
    HAL_SYSTICK_IRQHandler                   0x08002b7d   Thumb Code     8  stm32f1xx_hal_cortex.o(i.HAL_SYSTICK_IRQHandler)
    HAL_TIMEx_MasterConfigSynchronization    0x08002b85   Thumb Code    80  stm32f1xx_hal_tim_ex.o(i.HAL_TIMEx_MasterConfigSynchronization)
    HAL_TIM_Base_Init                        0x08002bd5   Thumb Code    54  stm32f1xx_hal_tim.o(i.HAL_TIM_Base_Init)
    HAL_TIM_Base_MspInit                     0x08002c0d   Thumb Code    72  tim.o(i.HAL_TIM_Base_MspInit)
    HAL_TIM_ConfigClockSource                0x08002c61   Thumb Code   242  stm32f1xx_hal_tim.o(i.HAL_TIM_ConfigClockSource)
    HAL_TIM_MspPostInit                      0x08002d55   Thumb Code    28  tim.o(i.HAL_TIM_MspPostInit)
    HAL_TIM_OC_ConfigChannel                 0x08002d79   Thumb Code    86  stm32f1xx_hal_tim.o(i.HAL_TIM_OC_ConfigChannel)
    HAL_TIM_OC_Init                          0x08002dcf   Thumb Code    54  stm32f1xx_hal_tim.o(i.HAL_TIM_OC_Init)
    HAL_TIM_OC_MspInit                       0x08002e05   Thumb Code     2  stm32f1xx_hal_tim.o(i.HAL_TIM_OC_MspInit)
    HAL_TIM_OC_Start_IT                      0x08002e09   Thumb Code    92  stm32f1xx_hal_tim.o(i.HAL_TIM_OC_Start_IT)
    HAL_TIM_PWM_ConfigChannel                0x08002e69   Thumb Code   208  stm32f1xx_hal_tim.o(i.HAL_TIM_PWM_ConfigChannel)
    HAL_TIM_PWM_Init                         0x08002f39   Thumb Code    54  stm32f1xx_hal_tim.o(i.HAL_TIM_PWM_Init)
    HAL_TIM_PWM_MspInit                      0x08002f6f   Thumb Code     2  stm32f1xx_hal_tim.o(i.HAL_TIM_PWM_MspInit)
    HAL_UART_ErrorCallback                   0x08002f71   Thumb Code     2  stm32f1xx_hal_uart.o(i.HAL_UART_ErrorCallback)
    HAL_UART_IRQHandler                      0x08002f75   Thumb Code   266  stm32f1xx_hal_uart.o(i.HAL_UART_IRQHandler)
    HAL_UART_Init                            0x08003085   Thumb Code    98  stm32f1xx_hal_uart.o(i.HAL_UART_Init)
    HAL_UART_MspInit                         0x080030e9   Thumb Code    92  usart.o(i.HAL_UART_MspInit)
    HAL_UART_Receive_IT                      0x08003151   Thumb Code    82  stm32f1xx_hal_uart.o(i.HAL_UART_Receive_IT)
    HAL_UART_RxCpltCallback                  0x080031a5   Thumb Code   202  global.o(i.HAL_UART_RxCpltCallback)
    HAL_UART_TxCpltCallback                  0x0800327d   Thumb Code     2  global.o(i.HAL_UART_TxCpltCallback)
    HardFault_Handler                        0x0800327f   Thumb Code     2  stm32f1xx_it.o(i.HardFault_Handler)
    Jog_Execute                              0x08003281   Thumb Code    82  jog.o(i.Jog_Execute)
    Limit_PinChangeISR                       0x080032dd   Thumb Code    52  limits.o(i.Limit_PinChangeISR)
    Limits_Disable                           0x0800331d   Thumb Code    14  limits.o(i.Limits_Disable)
    Limits_GetState                          0x08003331   Thumb Code    58  limits.o(i.Limits_GetState)
    Limits_GoHome                            0x08003375   Thumb Code   590  limits.o(i.Limits_GoHome)
    Limits_Init                              0x080035e1   Thumb Code    38  limits.o(i.Limits_Init)
    Limits_SoftCheck                         0x0800360d   Thumb Code    64  limits.o(i.Limits_SoftCheck)
    MC_Arc                                   0x08003651   Thumb Code   756  motioncontrol.o(i.MC_Arc)
    MC_Dwell                                 0x08003969   Thumb Code    30  motioncontrol.o(i.MC_Dwell)
    MC_HomigCycle                            0x0800398d   Thumb Code    48  motioncontrol.o(i.MC_HomigCycle)
    MC_Line                                  0x080039c1   Thumb Code   102  motioncontrol.o(i.MC_Line)
    MC_ProbeCycle                            0x08003a31   Thumb Code   190  motioncontrol.o(i.MC_ProbeCycle)
    MC_Reset                                 0x08003b01   Thumb Code    72  motioncontrol.o(i.MC_Reset)
    MX_GPIO_Init                             0x08003b55   Thumb Code   326  gpio.o(i.MX_GPIO_Init)
    MX_TIM3_Init                             0x08003cad   Thumb Code   142  tim.o(i.MX_TIM3_Init)
    MX_TIM4_Init                             0x08003d55   Thumb Code   146  tim.o(i.MX_TIM4_Init)
    MX_USART1_UART_Init                      0x08003e01   Thumb Code    52  usart.o(i.MX_USART1_UART_Init)
    MemManage_Handler                        0x08003e4d   Thumb Code     2  stm32f1xx_it.o(i.MemManage_Handler)
    Motor_Setting_init                       0x08003e4f   Thumb Code    22  motor_setting.o(i.Motor_Setting_init)
    NMI_Handler                              0x08003eb9   Thumb Code     2  stm32f1xx_it.o(i.NMI_Handler)
    PendSV_Handler                           0x08003edb   Thumb Code     2  stm32f1xx_it.o(i.PendSV_Handler)
    Planner_BufferLine                       0x08003edd   Thumb Code   624  planner.o(i.Planner_BufferLine)
    Planner_CheckBufferFull                  0x0800416d   Thumb Code    18  planner.o(i.Planner_CheckBufferFull)
    Planner_ComputeProfileNominalSpeed       0x08004185   Thumb Code   128  planner.o(i.Planner_ComputeProfileNominalSpeed)
    Planner_CycleReinitialize                0x08004241   Thumb Code    20  planner.o(i.Planner_CycleReinitialize)
    Planner_DiscardCurrentBlock              0x08004259   Thumb Code    30  planner.o(i.Planner_DiscardCurrentBlock)
    Planner_GetBlockBufferAvailable          0x0800427d   Thumb Code    26  planner.o(i.Planner_GetBlockBufferAvailable)
    Planner_GetCurrentBlock                  0x0800429d   Thumb Code    26  planner.o(i.Planner_GetCurrentBlock)
    Planner_GetExecBlockExitSpeedSqr         0x080042c1   Thumb Code    34  planner.o(i.Planner_GetExecBlockExitSpeedSqr)
    Planner_GetSystemMotionBlock             0x080042ed   Thumb Code    16  planner.o(i.Planner_GetSystemMotionBlock)
    Planner_Init                             0x08004305   Thumb Code     4  planner.o(i.Planner_Init)
    Planner_NextBlockIndex                   0x08004309   Thumb Code    12  planner.o(i.Planner_NextBlockIndex)
    Planner_Reset                            0x08004449   Thumb Code    18  planner.o(i.Planner_Reset)
    Planner_ResetBuffer                      0x08004461   Thumb Code    16  planner.o(i.Planner_ResetBuffer)
    Planner_SyncPosition                     0x08004475   Thumb Code    26  planner.o(i.Planner_SyncPosition)
    Planner_UpdateVelocityProfileParams      0x08004499   Thumb Code    68  planner.o(i.Planner_UpdateVelocityProfileParams)
    PrintFloat                               0x080044e9   Thumb Code   160  print.o(i.PrintFloat)
    PrintFloat_CoordValue                    0x08004591   Thumb Code    42  print.o(i.PrintFloat_CoordValue)
    PrintFloat_RateValue                     0x080045c9   Thumb Code    38  print.o(i.PrintFloat_RateValue)
    Print_Init                               0x080045fd   Thumb Code    10  print.o(i.Print_Init)
    Printf_MSG                               0x0800460d   Thumb Code    56  print.o(i.Printf_MSG)
    Probe_ConfigureInvertMask                0x08004645   Thumb Code    34  probe.o(i.Probe_ConfigureInvertMask)
    Probe_GetState                           0x08004671   Thumb Code    18  probe.o(i.Probe_GetState)
    Probe_Init                               0x0800468d   Thumb Code    18  probe.o(i.Probe_Init)
    Probe_Reset                              0x080046a1   Thumb Code    12  probe.o(i.Probe_Reset)
    Probe_StateMonitor                       0x080046b1   Thumb Code    38  probe.o(i.Probe_StateMonitor)
    Protocol_AutoCycleStart                  0x080046e9   Thumb Code    22  protocol.o(i.Protocol_AutoCycleStart)
    Protocol_BufferSynchronize               0x08004701   Thumb Code    34  protocol.o(i.Protocol_BufferSynchronize)
    Protocol_ExecRtSystem                    0x080048d1   Thumb Code   782  protocol.o(i.Protocol_ExecRtSystem)
    Protocol_ExecuteRealtime                 0x08004bf9   Thumb Code    24  protocol.o(i.Protocol_ExecuteRealtime)
    Protocol_MainLoop                        0x08004c15   Thumb Code   290  protocol.o(i.Protocol_MainLoop)
    Putc                                     0x08004d4d   Thumb Code    16  print.o(i.Putc)
    ReadGlobalSettings                       0x08004d61   Thumb Code    34  settings.o(i.ReadGlobalSettings)
    Read_Float                               0x08004d89   Thumb Code   222  util.o(i.Read_Float)
    Report_AlarmMessage                      0x08004e7d   Thumb Code    34  report.o(i.Report_AlarmMessage)
    Report_BuildInfo                         0x08004ed1   Thumb Code    74  report.o(i.Report_BuildInfo)
    Report_ExecuteStartupMessage             0x08004f4d   Thumb Code    36  report.o(i.Report_ExecuteStartupMessage)
    Report_FeedbackMessage                   0x08004f75   Thumb Code    84  report.o(i.Report_FeedbackMessage)
    Report_GCodeModes                        0x08005079   Thumb Code   262  report.o(i.Report_GCodeModes)
    Report_GrblHelp                          0x080051a9   Thumb Code     6  report.o(i.Report_GrblHelp)
    Report_GrblSettings                      0x080051b5   Thumb Code   332  report.o(i.Report_GrblSettings)
    Report_InitMessage                       0x08005309   Thumb Code     6  report.o(i.Report_InitMessage)
    Report_NgcParams                         0x08005345   Thumb Code   124  report.o(i.Report_NgcParams)
    Report_ProbeParams                       0x080053e5   Thumb Code    44  report.o(i.Report_ProbeParams)
    Report_RealtimeStatus                    0x08005425   Thumb Code   706  report.o(i.Report_RealtimeStatus)
    Report_StatusMessage                     0x080057a1   Thumb Code    38  report.o(i.Report_StatusMessage)
    SVC_Handler                              0x080057dd   Thumb Code     2  stm32f1xx_it.o(i.SVC_Handler)
    Settings_GetDirectionPinMask             0x080057df   Thumb Code    18  settings.o(i.Settings_GetDirectionPinMask)
    Settings_GetStepPinMask                  0x080057f1   Thumb Code    18  settings.o(i.Settings_GetStepPinMask)
    Settings_Init                            0x08005803   Thumb Code    36  settings.o(i.Settings_Init)
    Settings_ReadBuildInfo                   0x08005827   Thumb Code    34  settings.o(i.Settings_ReadBuildInfo)
    Settings_ReadCoordData                   0x08005849   Thumb Code    44  settings.o(i.Settings_ReadCoordData)
    Settings_Restore                         0x08005875   Thumb Code   188  settings.o(i.Settings_Restore)
    Settings_StoreBuildInfo                  0x08005955   Thumb Code    22  settings.o(i.Settings_StoreBuildInfo)
    Settings_StoreGlobalSetting              0x0800596d   Thumb Code   466  settings.o(i.Settings_StoreGlobalSetting)
    Settings_WriteCoordData                  0x08005b4d   Thumb Code    38  settings.o(i.Settings_WriteCoordData)
    Spindle_ComputePwmValue                  0x08005b75   Thumb Code   148  spindlecontrol.o(i.Spindle_ComputePwmValue)
    Spindle_GetState                         0x08005c21   Thumb Code    16  spindlecontrol.o(i.Spindle_GetState)
    Spindle_Init                             0x08005c35   Thumb Code    42  spindlecontrol.o(i.Spindle_Init)
    Spindle_SetSpeed                         0x08005c6d   Thumb Code    50  spindlecontrol.o(i.Spindle_SetSpeed)
    Spindle_SetState                         0x08005ca5   Thumb Code    80  spindlecontrol.o(i.Spindle_SetState)
    Spindle_Stop                             0x08005d01   Thumb Code    18  spindlecontrol.o(i.Spindle_Stop)
    Spindle_Sync                             0x08005d1d   Thumb Code    32  spindlecontrol.o(i.Spindle_Sync)
    Spindle_Timer_init                       0x08005d41   Thumb Code     2  hw_tim.o(i.Spindle_Timer_init)
    Stepper_Disable                          0x08005d45   Thumb Code   114  stepper.o(i.Stepper_Disable)
    Stepper_GenerateStepDirInvertMasks       0x08005dcd   Thumb Code    76  stepper.o(i.Stepper_GenerateStepDirInvertMasks)
    Stepper_GetRealtimeRate                  0x08005e21   Thumb Code    16  stepper.o(i.Stepper_GetRealtimeRate)
    Stepper_Init                             0x08005e39   Thumb Code    16  stepper.o(i.Stepper_Init)
    Stepper_MainISR                          0x08005e49   Thumb Code   536  stepper.o(i.Stepper_MainISR)
    Stepper_PortResetISR                     0x0800608d   Thumb Code    74  stepper.o(i.Stepper_PortResetISR)
    Stepper_PrepareBuffer                    0x080060e5   Thumb Code  1902  stepper.o(i.Stepper_PrepareBuffer)
    Stepper_Reset                            0x08006861   Thumb Code   126  stepper.o(i.Stepper_Reset)
    Stepper_Timer_init                       0x080068f1   Thumb Code    52  hw_tim.o(i.Stepper_Timer_init)
    Stepper_UpdatePlannerBlockParams         0x08006929   Thumb Code    36  stepper.o(i.Stepper_UpdatePlannerBlockParams)
    Stepper_WakeUp                           0x08006955   Thumb Code    46  stepper.o(i.Stepper_WakeUp)
    SysTick_Handler                          0x08006995   Thumb Code    14  stm32f1xx_it.o(i.SysTick_Handler)
    SystemClock_Config                       0x080069a3   Thumb Code   104  main.o(i.SystemClock_Config)
    SystemInit                               0x08006a0d   Thumb Code    56  system_stm32f1xx.o(i.SystemInit)
    System_CheckSafetyDoorAjar               0x08006a55   Thumb Code    12  system.o(i.System_CheckSafetyDoorAjar)
    System_CheckTravelLimits                 0x08006a61   Thumb Code    54  system.o(i.System_CheckTravelLimits)
    System_Clear                             0x08006a9d   Thumb Code    22  system.o(i.System_Clear)
    System_ClearExecAccessoryOverrides       0x08006ab9   Thumb Code    18  system.o(i.System_ClearExecAccessoryOverrides)
    System_ClearExecAlarm                    0x08006ad1   Thumb Code    18  system.o(i.System_ClearExecAlarm)
    System_ClearExecMotionOverride           0x08006ae9   Thumb Code    18  system.o(i.System_ClearExecMotionOverride)
    System_ClearExecStateFlag                0x08006b01   Thumb Code    20  system.o(i.System_ClearExecStateFlag)
    System_ConvertArraySteps2Mpos            0x08006b19   Thumb Code    30  system.o(i.System_ConvertArraySteps2Mpos)
    System_ConvertAxisSteps2Mpos             0x08006b39   Thumb Code    26  system.o(i.System_ConvertAxisSteps2Mpos)
    System_ExecuteLine                       0x08006b59   Thumb Code   510  system.o(i.System_ExecuteLine)
    System_ExecuteStartup                    0x08006d65   Thumb Code    20  system.o(i.System_ExecuteStartup)
    System_FlagWcoChange                     0x08006d7d   Thumb Code    14  system.o(i.System_FlagWcoChange)
    System_GetControlState                   0x08006d91   Thumb Code    98  system.o(i.System_GetControlState)
    System_Init                              0x08006dfd   Thumb Code     6  system.o(i.System_Init)
    System_PinChangeISR                      0x08006e05   Thumb Code    62  system.o(i.System_PinChangeISR)
    System_ResetPosition                     0x08006e49   Thumb Code    12  system.o(i.System_ResetPosition)
    System_SetExecAccessoryOverrideFlag      0x08006e59   Thumb Code    20  system.o(i.System_SetExecAccessoryOverrideFlag)
    System_SetExecAlarm                      0x08006e71   Thumb Code    16  system.o(i.System_SetExecAlarm)
    System_SetExecMotionOverrideFlag         0x08006e85   Thumb Code    20  system.o(i.System_SetExecMotionOverrideFlag)
    System_SetExecStateFlag                  0x08006e9d   Thumb Code    20  system.o(i.System_SetExecStateFlag)
    TIM4_IRQHandler                          0x08006eb5   Thumb Code    66  global.o(i.TIM4_IRQHandler)
    TIM_Base_SetConfig                       0x08006efd   Thumb Code    94  stm32f1xx_hal_tim.o(i.TIM_Base_SetConfig)
    TIM_CCxChannelCmd                        0x08006f69   Thumb Code    22  stm32f1xx_hal_tim.o(i.TIM_CCxChannelCmd)
    TIM_OC2_SetConfig                        0x08006ff5   Thumb Code    84  stm32f1xx_hal_tim.o(i.TIM_OC2_SetConfig)
    USART1_IRQHandler                        0x080073c5   Thumb Code     6  stm32f1xx_it.o(i.USART1_IRQHandler)
    UsageFault_Handler                       0x080073d1   Thumb Code     2  stm32f1xx_it.o(i.UsageFault_Handler)
    Usart_Init                               0x080073d5   Thumb Code    34  hw_usart.o(i.Usart_Init)
    WriteGlobalSettings                      0x080073fd   Thumb Code    28  settings.o(i.WriteGlobalSettings)
    _Error_Handler                           0x0800741d   Thumb Code     2  main.o(i._Error_Handler)
    __0vsnprintf                             0x08007421   Thumb Code    40  printfa.o(i.__0vsnprintf)
    __1vsnprintf                             0x08007421   Thumb Code     0  printfa.o(i.__0vsnprintf)
    __2vsnprintf                             0x08007421   Thumb Code     0  printfa.o(i.__0vsnprintf)
    __c89vsnprintf                           0x08007421   Thumb Code     0  printfa.o(i.__0vsnprintf)
    vsnprintf                                0x08007421   Thumb Code     0  printfa.o(i.__0vsnprintf)
    __ARM_fpclassify                         0x0800744d   Thumb Code    40  fpclassify.o(i.__ARM_fpclassify)
    __ieee754_rem_pio2                       0x08007475   Thumb Code   828  rred.o(i.__ieee754_rem_pio2)
    __kernel_cos                             0x080077fd   Thumb Code   230  cos_i.o(i.__kernel_cos)
    __kernel_poly                            0x080078f9   Thumb Code   170  poly.o(i.__kernel_poly)
    __kernel_sin                             0x080079a5   Thumb Code   224  sin_i.o(i.__kernel_sin)
    __mathlib_dbl_infnan                     0x08007a91   Thumb Code     6  dunder.o(i.__mathlib_dbl_infnan)
    __mathlib_dbl_infnan2                    0x08007a97   Thumb Code     4  dunder.o(i.__mathlib_dbl_infnan2)
    __mathlib_dbl_invalid                    0x08007a9b   Thumb Code    12  dunder.o(i.__mathlib_dbl_invalid)
    __mathlib_dbl_underflow                  0x08007aa9   Thumb Code    10  dunder.o(i.__mathlib_dbl_underflow)
    __scatterload_copy                       0x08007ab9   Thumb Code    14  handlers.o(i.__scatterload_copy)
    __scatterload_null                       0x08007ac7   Thumb Code     2  handlers.o(i.__scatterload_null)
    __scatterload_zeroinit                   0x08007ac9   Thumb Code    14  handlers.o(i.__scatterload_zeroinit)
    __set_errno                              0x08007ad9   Thumb Code     6  errno.o(i.__set_errno)
    acos                                     0x080083ad   Thumb Code   574  acos.o(i.acos)
    asin                                     0x08008629   Thumb Code   572  asin.o(i.asin)
    atan                                     0x08008899   Thumb Code   474  atan.o(i.atan)
    atan2                                    0x08008ab9   Thumb Code   346  atan2.o(i.atan2)
    calculate_arm                            0x08008c39   Thumb Code   312  arm_motion.o(i.calculate_arm)
    calculate_forward                        0x08008d89   Thumb Code   268  arm_motion.o(i.calculate_forward)
    ceil                                     0x08008ea9   Thumb Code   204  ceil.o(i.ceil)
    check_angle                              0x08008f85   Thumb Code    86  arm_motion.o(i.check_angle)
    convert_delta_vector_to_unit_vector      0x08008fdd   Thumb Code   104  util.o(i.convert_delta_vector_to_unit_vector)
    cos                                      0x08009045   Thumb Code   148  cos.o(i.cos)
    floor                                    0x080090e1   Thumb Code   204  floor.o(i.floor)
    hypot_f                                  0x080091bd   Thumb Code    42  util.o(i.hypot_f)
    limit_value_by_axis_maximum              0x080091e9   Thumb Code    86  util.o(i.limit_value_by_axis_maximum)
    lround                                   0x08009245   Thumb Code   170  lround.o(i.lround)
    main                                     0x08009309   Thumb Code    38  main.o(i.main)
    return_angle                             0x08009375   Thumb Code    86  arm_motion.o(i.return_angle)
    round                                    0x080093cd   Thumb Code   136  round.o(i.round)
    sin                                      0x08009461   Thumb Code   150  sin.o(i.sin)
    sqrt                                     0x08009501   Thumb Code    76  sqrt.o(i.sqrt)
    trunc                                    0x0800954d   Thumb Code    96  trunc.o(i.trunc)
    AHBPrescTable                            0x080095b0   Data          16  system_stm32f1xx.o(.constdata)
    APBPrescTable                            0x080095c0   Data           8  system_stm32f1xx.o(.constdata)
    __mathlib_zero                           0x08009730   Data           8  qnan.o(.constdata)
    Region$$Table$$Base                      0x08009874   Number         0  anon$$obj.o(Region$$Table)
    Region$$Table$$Limit                     0x08009894   Number         0  anon$$obj.o(Region$$Table)
    sys_probe_state                          0x20000000   Data           1  main.o(.data)
    sys_rt_exec_state                        0x20000001   Data           1  main.o(.data)
    sys_rt_exec_alarm                        0x20000002   Data           1  main.o(.data)
    sys_rt_exec_motion_override              0x20000003   Data           1  main.o(.data)
    sys_rt_exec_accessory_override           0x20000004   Data           1  main.o(.data)
    uwTickFreq                               0x20000008   Data           1  stm32f1xx_hal.o(.data)
    uwTickPrio                               0x2000000c   Data           4  stm32f1xx_hal.o(.data)
    uwTick                                   0x20000010   Data           4  stm32f1xx_hal.o(.data)
    SystemCoreClock                          0x20000014   Data           4  system_stm32f1xx.o(.data)
    Uart_data_rsv                            0x20000041   Data           1  hw_usart.o(.data)
    DebounceCounterControl                   0x20000042   Data           1  global.o(.data)
    DebounceCounterLimits                    0x20000043   Data           1  global.o(.data)
    ARM_init_script                          0x20000044   Data          23  arm_motion.o(.data)
    sys                                      0x20000060   Data          20  main.o(.bss)
    sys_position                             0x20000074   Data          12  main.o(.bss)
    sys_probe_position                       0x20000080   Data          12  main.o(.bss)
    htim3                                    0x2000008c   Data          64  tim.o(.bss)
    htim4                                    0x200000cc   Data          64  tim.o(.bss)
    huart1                                   0x2000010c   Data          64  usart.o(.bss)
    pFlash                                   0x20000150   Data          32  stm32f1xx_hal_flash.o(.bss)
    gc_state                                 0x20000170   Data          68  gcode.o(.bss)
    gc_block                                 0x200001b4   Data          64  gcode.o(.bss)
    settings                                 0x200010d8   Data          92  settings.o(.bss)
    arm_position_init                        0x20002094   Data          16  arm_motion.o(.bss)
    __initial_sp                             0x200024a8   Data           0  startup_stm32f103xb.o(STACK)



==============================================================================

Memory Map of the image

  Image Entry point : 0x080000ed

  Load Region LR_IROM1 (Base: 0x08000000, Size: 0x000098f4, Max: 0x00010000, ABSOLUTE)

    Execution Region ER_IROM1 (Exec base: 0x08000000, Load base: 0x08000000, Size: 0x00009894, Max: 0x00010000, ABSOLUTE)

    Exec Addr    Load Addr    Size         Type   Attr      Idx    E Section Name        Object

    0x08000000   0x08000000   0x000000ec   Data   RO            3    RESET               startup_stm32f103xb.o
    0x080000ec   0x080000ec   0x00000000   Code   RO         4161  * .ARM.Collect$$$$00000000  mc_w.l(entry.o)
    0x080000ec   0x080000ec   0x00000004   Code   RO         4277    .ARM.Collect$$$$00000001  mc_w.l(entry2.o)
    0x080000f0   0x080000f0   0x00000004   Code   RO         4280    .ARM.Collect$$$$00000004  mc_w.l(entry5.o)
    0x080000f4   0x080000f4   0x00000000   Code   RO         4282    .ARM.Collect$$$$00000008  mc_w.l(entry7b.o)
    0x080000f4   0x080000f4   0x00000000   Code   RO         4284    .ARM.Collect$$$$0000000A  mc_w.l(entry8b.o)
    0x080000f4   0x080000f4   0x00000008   Code   RO         4285    .ARM.Collect$$$$0000000B  mc_w.l(entry9a.o)
    0x080000fc   0x080000fc   0x00000000   Code   RO         4287    .ARM.Collect$$$$0000000D  mc_w.l(entry10a.o)
    0x080000fc   0x080000fc   0x00000000   Code   RO         4289    .ARM.Collect$$$$0000000F  mc_w.l(entry11a.o)
    0x080000fc   0x080000fc   0x00000004   Code   RO         4278    .ARM.Collect$$$$00002712  mc_w.l(entry2.o)
    0x08000100   0x08000100   0x00000024   Code   RO            4    .text               startup_stm32f103xb.o
    0x08000124   0x08000124   0x00000020   Code   RO         4164    .text               mc_w.l(llushr.o)
    0x08000144   0x08000144   0x00000024   Code   RO         4166    .text               mc_w.l(memcpya.o)
    0x08000168   0x08000168   0x00000024   Code   RO         4168    .text               mc_w.l(memseta.o)
    0x0800018c   0x0800018c   0x0000001a   Code   RO         4170    .text               mc_w.l(memcmp.o)
    0x080001a6   0x080001a6   0x000000b0   Code   RO         4202    .text               mf_w.l(fadd.o)
    0x08000256   0x08000256   0x00000064   Code   RO         4204    .text               mf_w.l(fmul.o)
    0x080002ba   0x080002ba   0x0000007c   Code   RO         4206    .text               mf_w.l(fdiv.o)
    0x08000336   0x08000336   0x00000018   Code   RO         4208    .text               mf_w.l(fscalb.o)
    0x0800034e   0x0800034e   0x0000014e   Code   RO         4210    .text               mf_w.l(dadd.o)
    0x0800049c   0x0800049c   0x000000e4   Code   RO         4212    .text               mf_w.l(dmul.o)
    0x08000580   0x08000580   0x000000de   Code   RO         4214    .text               mf_w.l(ddiv.o)
    0x0800065e   0x0800065e   0x0000002e   Code   RO         4216    .text               mf_w.l(dscalb.o)
    0x0800068c   0x0800068c   0x00000012   Code   RO         4218    .text               mf_w.l(fflti.o)
    0x0800069e   0x0800069e   0x0000000a   Code   RO         4220    .text               mf_w.l(ffltui.o)
    0x080006a8   0x080006a8   0x0000001a   Code   RO         4222    .text               mf_w.l(dfltui.o)
    0x080006c2   0x080006c2   0x00000032   Code   RO         4224    .text               mf_w.l(ffixi.o)
    0x080006f4   0x080006f4   0x00000028   Code   RO         4226    .text               mf_w.l(ffixui.o)
    0x0800071c   0x0800071c   0x0000003e   Code   RO         4228    .text               mf_w.l(dfixi.o)
    0x0800075a   0x0800075a   0x00000032   Code   RO         4230    .text               mf_w.l(dfixui.o)
    0x0800078c   0x0800078c   0x00000026   Code   RO         4232    .text               mf_w.l(f2d.o)
    0x080007b2   0x080007b2   0x00000002   PAD
    0x080007b4   0x080007b4   0x00000030   Code   RO         4234    .text               mf_w.l(cdcmple.o)
    0x080007e4   0x080007e4   0x00000030   Code   RO         4236    .text               mf_w.l(cdrcmple.o)
    0x08000814   0x08000814   0x00000038   Code   RO         4238    .text               mf_w.l(d2f.o)
    0x0800084c   0x0800084c   0x00000014   Code   RO         4240    .text               mf_w.l(cfcmple.o)
    0x08000860   0x08000860   0x00000014   Code   RO         4242    .text               mf_w.l(cfrcmple.o)
    0x08000874   0x08000874   0x0000002c   Code   RO         4291    .text               mc_w.l(uidiv.o)
    0x080008a0   0x080008a0   0x00000062   Code   RO         4293    .text               mc_w.l(uldiv.o)
    0x08000902   0x08000902   0x0000001e   Code   RO         4295    .text               mc_w.l(llshl.o)
    0x08000920   0x08000920   0x00000024   Code   RO         4297    .text               mc_w.l(llsshr.o)
    0x08000944   0x08000944   0x00000000   Code   RO         4306    .text               mc_w.l(iusefp.o)
    0x08000944   0x08000944   0x0000006e   Code   RO         4307    .text               mf_w.l(fepilogue.o)
    0x080009b2   0x080009b2   0x000000ba   Code   RO         4309    .text               mf_w.l(depilogue.o)
    0x08000a6c   0x08000a6c   0x000000a2   Code   RO         4311    .text               mf_w.l(dsqrt.o)
    0x08000b0e   0x08000b0e   0x00000002   PAD
    0x08000b10   0x08000b10   0x00000088   Code   RO         4313    .text               mf_w.l(drnd.o)
    0x08000b98   0x08000b98   0x00000030   Code   RO         4315    .text               mf_w.l(dfixul.o)
    0x08000bc8   0x08000bc8   0x000000a8   Code   RO         4317    .text               mf_w.l(dfixir.o)
    0x08000c70   0x08000c70   0x00000024   Code   RO         4319    .text               mc_w.l(init.o)
    0x08000c94   0x08000c94   0x00000022   Code   RO         4321    .text               mf_w.l(dflti.o)
    0x08000cb6   0x08000cb6   0x00000002   PAD
    0x08000cb8   0x08000cb8   0x00000050   Code   RO         4040    i.Arm_motion_reset  arm_motion.o
    0x08000d08   0x08000d08   0x00000002   Code   RO          370    i.BusFault_Handler  stm32f1xx_it.o
    0x08000d0a   0x08000d0a   0x00000002   PAD
    0x08000d0c   0x08000d0c   0x0000001c   Code   RO         2628    i.Coolant_GetState  coolantcontrol.o
    0x08000d28   0x08000d28   0x00000010   Code   RO         2629    i.Coolant_Init      coolantcontrol.o
    0x08000d38   0x08000d38   0x0000002c   Code   RO         2630    i.Coolant_SetState  coolantcontrol.o
    0x08000d64   0x08000d64   0x00000010   Code   RO         2631    i.Coolant_Stop      coolantcontrol.o
    0x08000d74   0x08000d74   0x00000020   Code   RO         2632    i.Coolant_Sync      coolantcontrol.o
    0x08000d94   0x08000d94   0x00000002   Code   RO          371    i.DebugMon_Handler  stm32f1xx_it.o
    0x08000d96   0x08000d96   0x00000018   Code   RO         3869    i.Delay_ms          system32.o
    0x08000dae   0x08000dae   0x00000002   PAD
    0x08000db0   0x08000db0   0x0000004c   Code   RO         3592    i.Delay_sec         util.o
    0x08000dfc   0x08000dfc   0x0000000c   Code   RO         3870    i.Delay_us          system32.o
    0x08000e08   0x08000e08   0x0000002c   Code   RO         3646    i.EE_Erase          eeprom.o
    0x08000e34   0x08000e34   0x00000014   Code   RO         3647    i.EE_Init           eeprom.o
    0x08000e48   0x08000e48   0x00000040   Code   RO         3648    i.EE_Program        eeprom.o
    0x08000e88   0x08000e88   0x0000000c   Code   RO         3649    i.EE_ReadByte       eeprom.o
    0x08000e94   0x08000e94   0x0000003c   Code   RO         3650    i.EE_ReadByteArray  eeprom.o
    0x08000ed0   0x08000ed0   0x0000000c   Code   RO         3651    i.EE_WriteByte      eeprom.o
    0x08000edc   0x08000edc   0x00000034   Code   RO         3652    i.EE_WriteByteArray  eeprom.o
    0x08000f10   0x08000f10   0x00000024   Code   RO         2505    i.FLASH_MassErase   stm32f1xx_hal_flash_ex.o
    0x08000f34   0x08000f34   0x00000024   Code   RO         2510    i.FLASH_PageErase   stm32f1xx_hal_flash_ex.o
    0x08000f58   0x08000f58   0x0000001c   Code   RO         2402    i.FLASH_Program_HalfWord  stm32f1xx_hal_flash.o
    0x08000f74   0x08000f74   0x0000005c   Code   RO         2403    i.FLASH_SetErrorCode  stm32f1xx_hal_flash.o
    0x08000fd0   0x08000fd0   0x00000054   Code   RO         2404    i.FLASH_WaitForLastOperation  stm32f1xx_hal_flash.o
    0x08001024   0x08001024   0x0000001c   Code   RO         3706    i.FifoUsart_Available  fifo_usart.o
    0x08001040   0x08001040   0x00000070   Code   RO         3707    i.FifoUsart_Get     fifo_usart.o
    0x080010b0   0x080010b0   0x00000020   Code   RO         3708    i.FifoUsart_Init    fifo_usart.o
    0x080010d0   0x080010d0   0x00000078   Code   RO         3709    i.FifoUsart_Insert  fifo_usart.o
    0x08001148   0x08001148   0x00000e1c   Code   RO         2680    i.GC_ExecuteLine    gcode.o
    0x08001f64   0x08001f64   0x0000002c   Code   RO         2681    i.GC_Init           gcode.o
    0x08001f90   0x08001f90   0x00000010   Code   RO         2682    i.GC_SyncPosition   gcode.o
    0x08001fa0   0x08001fa0   0x00000002   Code   RO         3899    i.GPIO_InitGPIO     hw_gpio.o
    0x08001fa2   0x08001fa2   0x00000016   Code   RO         3751    i.Getc              print.o
    0x08001fb8   0x08001fb8   0x00000058   Code   RO           13    i.Grbl_loop         main.o
    0x08002010   0x08002010   0x00000038   Code   RO           14    i.Grbl_setup        main.o
    0x08002048   0x08002048   0x00000098   Code   RO         2067    i.HAL_DMA_Abort_IT  stm32f1xx_hal_dma.o
    0x080020e0   0x080020e0   0x00000024   Code   RO         1709    i.HAL_Delay         stm32f1xx_hal.o
    0x08002104   0x08002104   0x000000a8   Code   RO         2511    i.HAL_FLASHEx_Erase  stm32f1xx_hal_flash_ex.o
    0x080021ac   0x080021ac   0x00000014   Code   RO         2408    i.HAL_FLASH_Lock    stm32f1xx_hal_flash.o
    0x080021c0   0x080021c0   0x00000080   Code   RO         2413    i.HAL_FLASH_Program  stm32f1xx_hal_flash.o
    0x08002240   0x08002240   0x00000028   Code   RO         2415    i.HAL_FLASH_Unlock  stm32f1xx_hal_flash.o
    0x08002268   0x08002268   0x000001bc   Code   RO         2002    i.HAL_GPIO_Init     stm32f1xx_hal_gpio.o
    0x08002424   0x08002424   0x0000000a   Code   RO         2004    i.HAL_GPIO_ReadPin  stm32f1xx_hal_gpio.o
    0x0800242e   0x0800242e   0x00000008   Code   RO         2005    i.HAL_GPIO_TogglePin  stm32f1xx_hal_gpio.o
    0x08002436   0x08002436   0x0000000a   Code   RO         2006    i.HAL_GPIO_WritePin  stm32f1xx_hal_gpio.o
    0x08002440   0x08002440   0x0000000c   Code   RO         1713    i.HAL_GetTick       stm32f1xx_hal.o
    0x0800244c   0x0800244c   0x00000010   Code   RO         1717    i.HAL_IncTick       stm32f1xx_hal.o
    0x0800245c   0x0800245c   0x00000024   Code   RO         1718    i.HAL_Init          stm32f1xx_hal.o
    0x08002480   0x08002480   0x00000040   Code   RO         1719    i.HAL_InitTick      stm32f1xx_hal.o
    0x080024c0   0x080024c0   0x00000090   Code   RO          452    i.HAL_MspInit       stm32f1xx_hal_msp.o
    0x08002550   0x08002550   0x00000016   Code   RO         2162    i.HAL_NVIC_EnableIRQ  stm32f1xx_hal_cortex.o
    0x08002566   0x08002566   0x00000002   PAD
    0x08002568   0x08002568   0x00000040   Code   RO         2168    i.HAL_NVIC_SetPriority  stm32f1xx_hal_cortex.o
    0x080025a8   0x080025a8   0x00000024   Code   RO         2169    i.HAL_NVIC_SetPriorityGrouping  stm32f1xx_hal_cortex.o
    0x080025cc   0x080025cc   0x00000154   Code   RO         1862    i.HAL_RCC_ClockConfig  stm32f1xx_hal_rcc.o
    0x08002720   0x08002720   0x0000000c   Code   RO         1867    i.HAL_RCC_GetHCLKFreq  stm32f1xx_hal_rcc.o
    0x0800272c   0x0800272c   0x00000020   Code   RO         1869    i.HAL_RCC_GetPCLK1Freq  stm32f1xx_hal_rcc.o
    0x0800274c   0x0800274c   0x00000020   Code   RO         1870    i.HAL_RCC_GetPCLK2Freq  stm32f1xx_hal_rcc.o
    0x0800276c   0x0800276c   0x0000006c   Code   RO         1871    i.HAL_RCC_GetSysClockFreq  stm32f1xx_hal_rcc.o
    0x080027d8   0x080027d8   0x00000304   Code   RO         1874    i.HAL_RCC_OscConfig  stm32f1xx_hal_rcc.o
    0x08002adc   0x08002adc   0x00000018   Code   RO         2171    i.HAL_SYSTICK_CLKSourceConfig  stm32f1xx_hal_cortex.o
    0x08002af4   0x08002af4   0x00000060   Code   RO         3965    i.HAL_SYSTICK_Callback  global.o
    0x08002b54   0x08002b54   0x00000028   Code   RO         2173    i.HAL_SYSTICK_Config  stm32f1xx_hal_cortex.o
    0x08002b7c   0x08002b7c   0x00000008   Code   RO         2174    i.HAL_SYSTICK_IRQHandler  stm32f1xx_hal_cortex.o
    0x08002b84   0x08002b84   0x00000050   Code   RO         1160    i.HAL_TIMEx_MasterConfigSynchronization  stm32f1xx_hal_tim_ex.o
    0x08002bd4   0x08002bd4   0x00000036   Code   RO          514    i.HAL_TIM_Base_Init  stm32f1xx_hal_tim.o
    0x08002c0a   0x08002c0a   0x00000002   PAD
    0x08002c0c   0x08002c0c   0x00000054   Code   RO          258    i.HAL_TIM_Base_MspInit  tim.o
    0x08002c60   0x08002c60   0x000000f2   Code   RO          523    i.HAL_TIM_ConfigClockSource  stm32f1xx_hal_tim.o
    0x08002d52   0x08002d52   0x00000002   PAD
    0x08002d54   0x08002d54   0x00000024   Code   RO          259    i.HAL_TIM_MspPostInit  tim.o
    0x08002d78   0x08002d78   0x00000056   Code   RO          557    i.HAL_TIM_OC_ConfigChannel  stm32f1xx_hal_tim.o
    0x08002dce   0x08002dce   0x00000036   Code   RO          561    i.HAL_TIM_OC_Init   stm32f1xx_hal_tim.o
    0x08002e04   0x08002e04   0x00000002   Code   RO          563    i.HAL_TIM_OC_MspInit  stm32f1xx_hal_tim.o
    0x08002e06   0x08002e06   0x00000002   PAD
    0x08002e08   0x08002e08   0x00000060   Code   RO          566    i.HAL_TIM_OC_Start_IT  stm32f1xx_hal_tim.o
    0x08002e68   0x08002e68   0x000000d0   Code   RO          580    i.HAL_TIM_PWM_ConfigChannel  stm32f1xx_hal_tim.o
    0x08002f38   0x08002f38   0x00000036   Code   RO          583    i.HAL_TIM_PWM_Init  stm32f1xx_hal_tim.o
    0x08002f6e   0x08002f6e   0x00000002   Code   RO          585    i.HAL_TIM_PWM_MspInit  stm32f1xx_hal_tim.o
    0x08002f70   0x08002f70   0x00000002   Code   RO         1397    i.HAL_UART_ErrorCallback  stm32f1xx_hal_uart.o
    0x08002f72   0x08002f72   0x00000002   PAD
    0x08002f74   0x08002f74   0x00000110   Code   RO         1400    i.HAL_UART_IRQHandler  stm32f1xx_hal_uart.o
    0x08003084   0x08003084   0x00000062   Code   RO         1401    i.HAL_UART_Init     stm32f1xx_hal_uart.o
    0x080030e6   0x080030e6   0x00000002   PAD
    0x080030e8   0x080030e8   0x00000068   Code   RO          312    i.HAL_UART_MspInit  usart.o
    0x08003150   0x08003150   0x00000052   Code   RO         1406    i.HAL_UART_Receive_IT  stm32f1xx_hal_uart.o
    0x080031a2   0x080031a2   0x00000002   PAD
    0x080031a4   0x080031a4   0x000000d8   Code   RO         3966    i.HAL_UART_RxCpltCallback  global.o
    0x0800327c   0x0800327c   0x00000002   Code   RO         3967    i.HAL_UART_TxCpltCallback  global.o
    0x0800327e   0x0800327e   0x00000002   Code   RO          372    i.HardFault_Handler  stm32f1xx_it.o
    0x08003280   0x08003280   0x0000005c   Code   RO         2713    i.Jog_Execute       jog.o
    0x080032dc   0x080032dc   0x00000040   Code   RO         2728    i.Limit_PinChangeISR  limits.o
    0x0800331c   0x0800331c   0x00000014   Code   RO         2729    i.Limits_Disable    limits.o
    0x08003330   0x08003330   0x00000044   Code   RO         2730    i.Limits_GetState   limits.o
    0x08003374   0x08003374   0x0000026c   Code   RO         2731    i.Limits_GoHome     limits.o
    0x080035e0   0x080035e0   0x0000002c   Code   RO         2732    i.Limits_Init       limits.o
    0x0800360c   0x0800360c   0x00000044   Code   RO         2733    i.Limits_SoftCheck  limits.o
    0x08003650   0x08003650   0x00000318   Code   RO         2786    i.MC_Arc            motioncontrol.o
    0x08003968   0x08003968   0x00000024   Code   RO         2787    i.MC_Dwell          motioncontrol.o
    0x0800398c   0x0800398c   0x00000034   Code   RO         2788    i.MC_HomigCycle     motioncontrol.o
    0x080039c0   0x080039c0   0x00000070   Code   RO         2789    i.MC_Line           motioncontrol.o
    0x08003a30   0x08003a30   0x000000d0   Code   RO         2790    i.MC_ProbeCycle     motioncontrol.o
    0x08003b00   0x08003b00   0x00000054   Code   RO         2791    i.MC_Reset          motioncontrol.o
    0x08003b54   0x08003b54   0x00000158   Code   RO          233    i.MX_GPIO_Init      gpio.o
    0x08003cac   0x08003cac   0x000000a8   Code   RO          260    i.MX_TIM3_Init      tim.o
    0x08003d54   0x08003d54   0x000000ac   Code   RO          261    i.MX_TIM4_Init      tim.o
    0x08003e00   0x08003e00   0x0000004c   Code   RO          313    i.MX_USART1_UART_Init  usart.o
    0x08003e4c   0x08003e4c   0x00000002   Code   RO          373    i.MemManage_Handler  stm32f1xx_it.o
    0x08003e4e   0x08003e4e   0x00000016   Code   RO         4014    i.Motor_Setting_init  motor_setting.o
    0x08003e64   0x08003e64   0x00000054   Code   RO         4015    i.Motor_set         motor_setting.o
    0x08003eb8   0x08003eb8   0x00000002   Code   RO          374    i.NMI_Handler       stm32f1xx_it.o
    0x08003eba   0x08003eba   0x00000020   Code   RO         2175    i.NVIC_SetPriority  stm32f1xx_hal_cortex.o
    0x08003eda   0x08003eda   0x00000002   Code   RO          375    i.PendSV_Handler    stm32f1xx_it.o
    0x08003edc   0x08003edc   0x00000290   Code   RO         2828    i.Planner_BufferLine  planner.o
    0x0800416c   0x0800416c   0x00000018   Code   RO         2829    i.Planner_CheckBufferFull  planner.o
    0x08004184   0x08004184   0x0000008c   Code   RO         2830    i.Planner_ComputeProfileNominalSpeed  planner.o
    0x08004210   0x08004210   0x0000002e   Code   RO         2831    i.Planner_ComputeProfileParams  planner.o
    0x0800423e   0x0800423e   0x00000002   PAD
    0x08004240   0x08004240   0x00000018   Code   RO         2832    i.Planner_CycleReinitialize  planner.o
    0x08004258   0x08004258   0x00000024   Code   RO         2833    i.Planner_DiscardCurrentBlock  planner.o
    0x0800427c   0x0800427c   0x00000020   Code   RO         2834    i.Planner_GetBlockBufferAvailable  planner.o
    0x0800429c   0x0800429c   0x00000024   Code   RO         2836    i.Planner_GetCurrentBlock  planner.o
    0x080042c0   0x080042c0   0x0000002c   Code   RO         2837    i.Planner_GetExecBlockExitSpeedSqr  planner.o
    0x080042ec   0x080042ec   0x00000018   Code   RO         2838    i.Planner_GetSystemMotionBlock  planner.o
    0x08004304   0x08004304   0x00000004   Code   RO         2839    i.Planner_Init      planner.o
    0x08004308   0x08004308   0x0000000c   Code   RO         2840    i.Planner_NextBlockIndex  planner.o
    0x08004314   0x08004314   0x0000000a   Code   RO         2841    i.Planner_PrevBlockIndex  planner.o
    0x0800431e   0x0800431e   0x00000002   PAD
    0x08004320   0x08004320   0x00000128   Code   RO         2842    i.Planner_Recalculate  planner.o
    0x08004448   0x08004448   0x00000018   Code   RO         2843    i.Planner_Reset     planner.o
    0x08004460   0x08004460   0x00000014   Code   RO         2844    i.Planner_ResetBuffer  planner.o
    0x08004474   0x08004474   0x00000024   Code   RO         2845    i.Planner_SyncPosition  planner.o
    0x08004498   0x08004498   0x00000050   Code   RO         2846    i.Planner_UpdateVelocityProfileParams  planner.o
    0x080044e8   0x080044e8   0x000000a8   Code   RO         3752    i.PrintFloat        print.o
    0x08004590   0x08004590   0x00000038   Code   RO         3753    i.PrintFloat_CoordValue  print.o
    0x080045c8   0x080045c8   0x00000034   Code   RO         3754    i.PrintFloat_RateValue  print.o
    0x080045fc   0x080045fc   0x00000010   Code   RO         3755    i.Print_Init        print.o
    0x0800460c   0x0800460c   0x00000038   Code   RO         3756    i.Printf_MSG        print.o
    0x08004644   0x08004644   0x0000002c   Code   RO         2955    i.Probe_ConfigureInvertMask  probe.o
    0x08004670   0x08004670   0x0000001c   Code   RO         2956    i.Probe_GetState    probe.o
    0x0800468c   0x0800468c   0x00000012   Code   RO         2957    i.Probe_Init        probe.o
    0x0800469e   0x0800469e   0x00000002   PAD
    0x080046a0   0x080046a0   0x00000010   Code   RO         2958    i.Probe_Reset       probe.o
    0x080046b0   0x080046b0   0x00000038   Code   RO         2959    i.Probe_StateMonitor  probe.o
    0x080046e8   0x080046e8   0x00000016   Code   RO         3005    i.Protocol_AutoCycleStart  protocol.o
    0x080046fe   0x080046fe   0x00000002   PAD
    0x08004700   0x08004700   0x00000028   Code   RO         3006    i.Protocol_BufferSynchronize  protocol.o
    0x08004728   0x08004728   0x000001a8   Code   RO         3007    i.Protocol_ExecRtSuspend  protocol.o
    0x080048d0   0x080048d0   0x00000328   Code   RO         3008    i.Protocol_ExecRtSystem  protocol.o
    0x08004bf8   0x08004bf8   0x0000001c   Code   RO         3009    i.Protocol_ExecuteRealtime  protocol.o
    0x08004c14   0x08004c14   0x00000138   Code   RO         3010    i.Protocol_MainLoop  protocol.o
    0x08004d4c   0x08004d4c   0x00000014   Code   RO         3757    i.Putc              print.o
    0x08004d60   0x08004d60   0x00000028   Code   RO         3198    i.ReadGlobalSettings  settings.o
    0x08004d88   0x08004d88   0x000000f4   Code   RO         3593    i.Read_Float        util.o
    0x08004e7c   0x08004e7c   0x00000030   Code   RO         3059    i.Report_AlarmMessage  report.o
    0x08004eac   0x08004eac   0x00000024   Code   RO         3060    i.Report_AxisValue  report.o
    0x08004ed0   0x08004ed0   0x0000007c   Code   RO         3061    i.Report_BuildInfo  report.o
    0x08004f4c   0x08004f4c   0x00000028   Code   RO         3063    i.Report_ExecuteStartupMessage  report.o
    0x08004f74   0x08004f74   0x00000104   Code   RO         3064    i.Report_FeedbackMessage  report.o
    0x08005078   0x08005078   0x00000130   Code   RO         3065    i.Report_GCodeModes  report.o
    0x080051a8   0x080051a8   0x0000000c   Code   RO         3066    i.Report_GrblHelp   report.o
    0x080051b4   0x080051b4   0x00000154   Code   RO         3067    i.Report_GrblSettings  report.o
    0x08005308   0x08005308   0x00000028   Code   RO         3068    i.Report_InitMessage  report.o
    0x08005330   0x08005330   0x00000012   Code   RO         3069    i.Report_LineFeed   report.o
    0x08005342   0x08005342   0x00000002   PAD
    0x08005344   0x08005344   0x000000a0   Code   RO         3070    i.Report_NgcParams  report.o
    0x080053e4   0x080053e4   0x00000040   Code   RO         3071    i.Report_ProbeParams  report.o
    0x08005424   0x08005424   0x0000035c   Code   RO         3072    i.Report_RealtimeStatus  report.o
    0x08005780   0x08005780   0x00000020   Code   RO         3073    i.Report_SettingPrefix  report.o
    0x080057a0   0x080057a0   0x0000003c   Code   RO         3075    i.Report_StatusMessage  report.o
    0x080057dc   0x080057dc   0x00000002   Code   RO          376    i.SVC_Handler       stm32f1xx_it.o
    0x080057de   0x080057de   0x00000012   Code   RO         3199    i.Settings_GetDirectionPinMask  settings.o
    0x080057f0   0x080057f0   0x00000012   Code   RO         3201    i.Settings_GetStepPinMask  settings.o
    0x08005802   0x08005802   0x00000024   Code   RO         3202    i.Settings_Init     settings.o
    0x08005826   0x08005826   0x00000022   Code   RO         3203    i.Settings_ReadBuildInfo  settings.o
    0x08005848   0x08005848   0x0000002c   Code   RO         3204    i.Settings_ReadCoordData  settings.o
    0x08005874   0x08005874   0x000000e0   Code   RO         3206    i.Settings_Restore  settings.o
    0x08005954   0x08005954   0x00000016   Code   RO         3207    i.Settings_StoreBuildInfo  settings.o
    0x0800596a   0x0800596a   0x00000002   PAD
    0x0800596c   0x0800596c   0x000001e0   Code   RO         3208    i.Settings_StoreGlobalSetting  settings.o
    0x08005b4c   0x08005b4c   0x00000026   Code   RO         3210    i.Settings_WriteCoordData  settings.o
    0x08005b72   0x08005b72   0x00000002   PAD
    0x08005b74   0x08005b74   0x000000ac   Code   RO         3308    i.Spindle_ComputePwmValue  spindlecontrol.o
    0x08005c20   0x08005c20   0x00000014   Code   RO         3309    i.Spindle_GetState  spindlecontrol.o
    0x08005c34   0x08005c34   0x00000038   Code   RO         3310    i.Spindle_Init      spindlecontrol.o
    0x08005c6c   0x08005c6c   0x00000038   Code   RO         3311    i.Spindle_SetSpeed  spindlecontrol.o
    0x08005ca4   0x08005ca4   0x0000005c   Code   RO         3312    i.Spindle_SetState  spindlecontrol.o
    0x08005d00   0x08005d00   0x0000001c   Code   RO         3313    i.Spindle_Stop      spindlecontrol.o
    0x08005d1c   0x08005d1c   0x00000024   Code   RO         3314    i.Spindle_Sync      spindlecontrol.o
    0x08005d40   0x08005d40   0x00000002   Code   RO         3923    i.Spindle_Timer_init  hw_tim.o
    0x08005d42   0x08005d42   0x00000002   PAD
    0x08005d44   0x08005d44   0x00000088   Code   RO         3373    i.Stepper_Disable   stepper.o
    0x08005dcc   0x08005dcc   0x00000054   Code   RO         3374    i.Stepper_GenerateStepDirInvertMasks  stepper.o
    0x08005e20   0x08005e20   0x00000018   Code   RO         3375    i.Stepper_GetRealtimeRate  stepper.o
    0x08005e38   0x08005e38   0x00000010   Code   RO         3376    i.Stepper_Init      stepper.o
    0x08005e48   0x08005e48   0x00000244   Code   RO         3377    i.Stepper_MainISR   stepper.o
    0x0800608c   0x0800608c   0x00000058   Code   RO         3378    i.Stepper_PortResetISR  stepper.o
    0x080060e4   0x080060e4   0x0000077c   Code   RO         3379    i.Stepper_PrepareBuffer  stepper.o
    0x08006860   0x08006860   0x00000090   Code   RO         3380    i.Stepper_Reset     stepper.o
    0x080068f0   0x080068f0   0x00000038   Code   RO         3924    i.Stepper_Timer_init  hw_tim.o
    0x08006928   0x08006928   0x0000002c   Code   RO         3381    i.Stepper_UpdatePlannerBlockParams  stepper.o
    0x08006954   0x08006954   0x00000040   Code   RO         3382    i.Stepper_WakeUp    stepper.o
    0x08006994   0x08006994   0x0000000e   Code   RO          377    i.SysTick_Handler   stm32f1xx_it.o
    0x080069a2   0x080069a2   0x00000068   Code   RO           15    i.SystemClock_Config  main.o
    0x08006a0a   0x08006a0a   0x00000002   PAD
    0x08006a0c   0x08006a0c   0x00000048   Code   RO         2591    i.SystemInit        system_stm32f1xx.o
    0x08006a54   0x08006a54   0x0000000c   Code   RO         3454    i.System_CheckSafetyDoorAjar  system.o
    0x08006a60   0x08006a60   0x0000003c   Code   RO         3455    i.System_CheckTravelLimits  system.o
    0x08006a9c   0x08006a9c   0x0000001c   Code   RO         3456    i.System_Clear      system.o
    0x08006ab8   0x08006ab8   0x00000018   Code   RO         3457    i.System_ClearExecAccessoryOverrides  system.o
    0x08006ad0   0x08006ad0   0x00000018   Code   RO         3458    i.System_ClearExecAlarm  system.o
    0x08006ae8   0x08006ae8   0x00000018   Code   RO         3459    i.System_ClearExecMotionOverride  system.o
    0x08006b00   0x08006b00   0x00000018   Code   RO         3460    i.System_ClearExecStateFlag  system.o
    0x08006b18   0x08006b18   0x0000001e   Code   RO         3461    i.System_ConvertArraySteps2Mpos  system.o
    0x08006b36   0x08006b36   0x00000002   PAD
    0x08006b38   0x08006b38   0x00000020   Code   RO         3462    i.System_ConvertAxisSteps2Mpos  system.o
    0x08006b58   0x08006b58   0x0000020c   Code   RO         3463    i.System_ExecuteLine  system.o
    0x08006d64   0x08006d64   0x00000018   Code   RO         3464    i.System_ExecuteStartup  system.o
    0x08006d7c   0x08006d7c   0x00000014   Code   RO         3465    i.System_FlagWcoChange  system.o
    0x08006d90   0x08006d90   0x0000006c   Code   RO         3466    i.System_GetControlState  system.o
    0x08006dfc   0x08006dfc   0x00000006   Code   RO         3467    i.System_Init       system.o
    0x08006e02   0x08006e02   0x00000002   PAD
    0x08006e04   0x08006e04   0x00000044   Code   RO         3468    i.System_PinChangeISR  system.o
    0x08006e48   0x08006e48   0x00000010   Code   RO         3469    i.System_ResetPosition  system.o
    0x08006e58   0x08006e58   0x00000018   Code   RO         3470    i.System_SetExecAccessoryOverrideFlag  system.o
    0x08006e70   0x08006e70   0x00000014   Code   RO         3471    i.System_SetExecAlarm  system.o
    0x08006e84   0x08006e84   0x00000018   Code   RO         3472    i.System_SetExecMotionOverrideFlag  system.o
    0x08006e9c   0x08006e9c   0x00000018   Code   RO         3473    i.System_SetExecStateFlag  system.o
    0x08006eb4   0x08006eb4   0x00000048   Code   RO         3968    i.TIM4_IRQHandler   global.o
    0x08006efc   0x08006efc   0x0000006c   Code   RO          598    i.TIM_Base_SetConfig  stm32f1xx_hal_tim.o
    0x08006f68   0x08006f68   0x00000016   Code   RO          599    i.TIM_CCxChannelCmd  stm32f1xx_hal_tim.o
    0x08006f7e   0x08006f7e   0x00000014   Code   RO          605    i.TIM_ETR_SetConfig  stm32f1xx_hal_tim.o
    0x08006f92   0x08006f92   0x00000010   Code   RO          606    i.TIM_ITRx_SetConfig  stm32f1xx_hal_tim.o
    0x08006fa2   0x08006fa2   0x00000002   PAD
    0x08006fa4   0x08006fa4   0x00000050   Code   RO          607    i.TIM_OC1_SetConfig  stm32f1xx_hal_tim.o
    0x08006ff4   0x08006ff4   0x00000058   Code   RO          608    i.TIM_OC2_SetConfig  stm32f1xx_hal_tim.o
    0x0800704c   0x0800704c   0x00000058   Code   RO          609    i.TIM_OC3_SetConfig  stm32f1xx_hal_tim.o
    0x080070a4   0x080070a4   0x00000044   Code   RO          610    i.TIM_OC4_SetConfig  stm32f1xx_hal_tim.o
    0x080070e8   0x080070e8   0x00000022   Code   RO          612    i.TIM_TI1_ConfigInputStage  stm32f1xx_hal_tim.o
    0x0800710a   0x0800710a   0x00000024   Code   RO          614    i.TIM_TI2_ConfigInputStage  stm32f1xx_hal_tim.o
    0x0800712e   0x0800712e   0x00000010   Code   RO         1414    i.UART_DMAAbortOnError  stm32f1xx_hal_uart.o
    0x0800713e   0x0800713e   0x0000001c   Code   RO         1424    i.UART_EndRxTransfer  stm32f1xx_hal_uart.o
    0x0800715a   0x0800715a   0x00000096   Code   RO         1426    i.UART_Receive_IT   stm32f1xx_hal_uart.o
    0x080071f0   0x080071f0   0x00000170   Code   RO         1427    i.UART_SetConfig    stm32f1xx_hal_uart.o
    0x08007360   0x08007360   0x00000062   Code   RO         1428    i.UART_Transmit_IT  stm32f1xx_hal_uart.o
    0x080073c2   0x080073c2   0x00000002   PAD
    0x080073c4   0x080073c4   0x0000000c   Code   RO          378    i.USART1_IRQHandler  stm32f1xx_it.o
    0x080073d0   0x080073d0   0x00000002   Code   RO          379    i.UsageFault_Handler  stm32f1xx_it.o
    0x080073d2   0x080073d2   0x00000002   PAD
    0x080073d4   0x080073d4   0x00000028   Code   RO         3818    i.Usart_Init        hw_usart.o
    0x080073fc   0x080073fc   0x00000020   Code   RO         3211    i.WriteGlobalSettings  settings.o
    0x0800741c   0x0800741c   0x00000002   Code   RO           16    i._Error_Handler    main.o
    0x0800741e   0x0800741e   0x00000002   PAD
    0x08007420   0x08007420   0x0000002c   Code   RO         4180    i.__0vsnprintf      mc_w.l(printfa.o)
    0x0800744c   0x0800744c   0x00000028   Code   RO         4261    i.__ARM_fpclassify  m_ws.l(fpclassify.o)
    0x08007474   0x08007474   0x00000388   Code   RO         4266    i.__ieee754_rem_pio2  m_ws.l(rred.o)
    0x080077fc   0x080077fc   0x000000fc   Code   RO         4244    i.__kernel_cos      m_ws.l(cos_i.o)
    0x080078f8   0x080078f8   0x000000aa   Code   RO         4263    i.__kernel_poly     m_ws.l(poly.o)
    0x080079a2   0x080079a2   0x00000002   PAD
    0x080079a4   0x080079a4   0x000000ec   Code   RO         4271    i.__kernel_sin      m_ws.l(sin_i.o)
    0x08007a90   0x08007a90   0x00000006   Code   RO         4248    i.__mathlib_dbl_infnan  m_ws.l(dunder.o)
    0x08007a96   0x08007a96   0x00000004   Code   RO         4249    i.__mathlib_dbl_infnan2  m_ws.l(dunder.o)
    0x08007a9a   0x08007a9a   0x0000000c   Code   RO         4250    i.__mathlib_dbl_invalid  m_ws.l(dunder.o)
    0x08007aa6   0x08007aa6   0x00000002   PAD
    0x08007aa8   0x08007aa8   0x00000010   Code   RO         4253    i.__mathlib_dbl_underflow  m_ws.l(dunder.o)
    0x08007ab8   0x08007ab8   0x0000000e   Code   RO         4325    i.__scatterload_copy  mc_w.l(handlers.o)
    0x08007ac6   0x08007ac6   0x00000002   Code   RO         4326    i.__scatterload_null  mc_w.l(handlers.o)
    0x08007ac8   0x08007ac8   0x0000000e   Code   RO         4327    i.__scatterload_zeroinit  mc_w.l(handlers.o)
    0x08007ad6   0x08007ad6   0x00000002   PAD
    0x08007ad8   0x08007ad8   0x0000000c   Code   RO         4301    i.__set_errno       mc_w.l(errno.o)
    0x08007ae4   0x08007ae4   0x00000184   Code   RO         4182    i._fp_digits        mc_w.l(printfa.o)
    0x08007c68   0x08007c68   0x000006dc   Code   RO         4183    i._printf_core      mc_w.l(printfa.o)
    0x08008344   0x08008344   0x00000024   Code   RO         4184    i._printf_post_padding  mc_w.l(printfa.o)
    0x08008368   0x08008368   0x0000002e   Code   RO         4185    i._printf_pre_padding  mc_w.l(printfa.o)
    0x08008396   0x08008396   0x00000016   Code   RO         4186    i._snputc           mc_w.l(printfa.o)
    0x080083ac   0x080083ac   0x0000027c   Code   RO         4084    i.acos              m_ws.l(acos.o)
    0x08008628   0x08008628   0x00000270   Code   RO         4094    i.asin              m_ws.l(asin.o)
    0x08008898   0x08008898   0x00000220   Code   RO         4104    i.atan              m_ws.l(atan.o)
    0x08008ab8   0x08008ab8   0x00000180   Code   RO         4114    i.atan2             m_ws.l(atan2.o)
    0x08008c38   0x08008c38   0x00000150   Code   RO         4041    i.calculate_arm     arm_motion.o
    0x08008d88   0x08008d88   0x00000120   Code   RO         4042    i.calculate_forward  arm_motion.o
    0x08008ea8   0x08008ea8   0x000000dc   Code   RO         4122    i.ceil              m_ws.l(ceil.o)
    0x08008f84   0x08008f84   0x00000056   Code   RO         4043    i.check_angle       arm_motion.o
    0x08008fda   0x08008fda   0x00000002   PAD
    0x08008fdc   0x08008fdc   0x00000068   Code   RO         3594    i.convert_delta_vector_to_unit_vector  util.o
    0x08009044   0x08009044   0x0000009c   Code   RO         4126    i.cos               m_ws.l(cos.o)
    0x080090e0   0x080090e0   0x000000dc   Code   RO         4134    i.floor             m_ws.l(floor.o)
    0x080091bc   0x080091bc   0x0000002a   Code   RO         3595    i.hypot_f           util.o
    0x080091e6   0x080091e6   0x00000002   PAD
    0x080091e8   0x080091e8   0x0000005c   Code   RO         3597    i.limit_value_by_axis_maximum  util.o
    0x08009244   0x08009244   0x000000c4   Code   RO         4157    i.lround            m_ws.l(lround.o)
    0x08009308   0x08009308   0x00000026   Code   RO           17    i.main              main.o
    0x0800932e   0x0800932e   0x00000010   Code   RO         3076    i.report_util_feedback_line_feed  report.o
    0x0800933e   0x0800933e   0x0000001a   Code   RO         3077    i.report_util_float_setting  report.o
    0x08009358   0x08009358   0x0000001c   Code   RO         3078    i.report_util_uint8_setting  report.o
    0x08009374   0x08009374   0x00000056   Code   RO         4044    i.return_angle      arm_motion.o
    0x080093ca   0x080093ca   0x00000002   PAD
    0x080093cc   0x080093cc   0x00000094   Code   RO         4137    i.round             m_ws.l(round.o)
    0x08009460   0x08009460   0x000000a0   Code   RO         4140    i.sin               m_ws.l(sin.o)
    0x08009500   0x08009500   0x0000004c   Code   RO         4148    i.sqrt              m_ws.l(sqrt.o)
    0x0800954c   0x0800954c   0x00000064   Code   RO         4155    i.trunc             m_ws.l(trunc.o)
    0x080095b0   0x080095b0   0x00000010   Data   RO         2592    .constdata          system_stm32f1xx.o
    0x080095c0   0x080095c0   0x00000008   Data   RO         2593    .constdata          system_stm32f1xx.o
    0x080095c8   0x080095c8   0x00000050   Data   RO         4085    .constdata          m_ws.l(acos.o)
    0x08009618   0x08009618   0x00000050   Data   RO         4095    .constdata          m_ws.l(asin.o)
    0x08009668   0x08009668   0x00000098   Data   RO         4105    .constdata          m_ws.l(atan.o)
    0x08009700   0x08009700   0x00000030   Data   RO         4245    .constdata          m_ws.l(cos_i.o)
    0x08009730   0x08009730   0x00000008   Data   RO         4265    .constdata          m_ws.l(qnan.o)
    0x08009738   0x08009738   0x000000c8   Data   RO         4268    .constdata          m_ws.l(rred.o)
    0x08009800   0x08009800   0x00000028   Data   RO         4272    .constdata          m_ws.l(sin_i.o)
    0x08009828   0x08009828   0x0000004a   Data   RO         3079    .conststring        report.o
    0x08009872   0x08009872   0x00000002   PAD
    0x08009874   0x08009874   0x00000020   Data   RO         4323    Region$$Table       anon$$obj.o


    Execution Region RW_IRAM1 (Exec base: 0x20000000, Load base: 0x08009894, Size: 0x000024a8, Max: 0x00005000, ABSOLUTE)

    Exec Addr    Load Addr    Size         Type   Attr      Idx    E Section Name        Object

    0x20000000   0x08009894   0x00000005   Data   RW           21    .data               main.o
    0x20000005   0x08009899   0x00000003   PAD
    0x20000008   0x0800989c   0x0000000c   Data   RW         1725    .data               stm32f1xx_hal.o
    0x20000014   0x080098a8   0x00000004   Data   RW         2594    .data               system_stm32f1xx.o
    0x20000018   0x080098ac   0x00000004   Data   RW         2848    .data               planner.o
    0x2000001c   0x080098b0   0x00000001   Data   RW         2960    .data               probe.o
    0x2000001d   0x080098b1   0x00000003   PAD
    0x20000020   0x080098b4   0x00000004   Data   RW         3315    .data               spindlecontrol.o
    0x20000024   0x080098b8   0x00000010   Data   RW         3384    .data               stepper.o
    0x20000034   0x080098c8   0x0000000c   Data   RW         3711    .data               fifo_usart.o
    0x20000040   0x080098d4   0x00000002   Data   RW         3823    .data               hw_usart.o
    0x20000042   0x080098d6   0x00000002   Data   RW         3969    .data               global.o
    0x20000044   0x080098d8   0x00000017   Data   RW         4046    .data               arm_motion.o
    0x2000005b   0x080098ef   0x00000001   PAD
    0x2000005c   0x080098f0   0x00000004   Data   RW         4302    .data               mc_w.l(errno.o)
    0x20000060        -       0x00000014   Zero   RW           18    .bss                main.o
    0x20000074        -       0x0000000c   Zero   RW           19    .bss                main.o
    0x20000080        -       0x0000000c   Zero   RW           20    .bss                main.o
    0x2000008c        -       0x00000080   Zero   RW          262    .bss                tim.o
    0x2000010c        -       0x00000040   Zero   RW          316    .bss                usart.o
    0x2000014c   0x080098f4   0x00000004   PAD
    0x20000150        -       0x00000020   Zero   RW         2416    .bss                stm32f1xx_hal_flash.o
    0x20000170        -       0x00000084   Zero   RW         2683    .bss                gcode.o
    0x200001f4        -       0x00000e1c   Zero   RW         2847    .bss                planner.o
    0x20001010        -       0x000000c8   Zero   RW         3011    .bss                protocol.o
    0x200010d8        -       0x0000005c   Zero   RW         3212    .bss                settings.o
    0x20001134        -       0x000003cc   Zero   RW         3383    .bss                stepper.o
    0x20001500        -       0x00000400   Zero   RW         3653    .bss                eeprom.o
    0x20001900        -       0x00000792   Zero   RW         3710    .bss                fifo_usart.o
    0x20002092   0x080098f4   0x00000002   PAD
    0x20002094        -       0x00000010   Zero   RW         4045    .bss                arm_motion.o
    0x200020a4   0x080098f4   0x00000004   PAD
    0x200020a8        -       0x00000400   Zero   RW            1    STACK               startup_stm32f103xb.o


==============================================================================

Image component sizes


      Code (inc. data)   RO Data    RW Data    ZI Data      Debug   Object Name

       876         66          0         23         16       4612   arm_motion.o
       136         22          0          0          0       2915   coolantcontrol.o
       264         46          0          0       1024       4558   eeprom.o
       292         30          0         12       1938       3102   fifo_usart.o
      3672        104          0          0        132      11913   gcode.o
       386         58          0          2          0       3280   global.o
       344         18          0          0          0        991   gpio.o
         2          0          0          0          0        436   hw_gpio.o
        58          4          0          0          0        890   hw_tim.o
        40          6          0          2          0       1283   hw_usart.o
        92         10          0          0          0       1022   jog.o
       884         68          0          0          0       4745   limits.o
       288         18          0          5         44     450108   main.o
      1284         86          0          0          0       6009   motioncontrol.o
       106         10          0          0          0       1025   motor_setting.o
      1544        136          0          4       3612      11447   planner.o
       390         46          0          0          0       5128   print.o
       162         42          0          1          0       2889   probe.o
      1634         72          0          0        200       5824   protocol.o
      2468        586         74          0          0      11757   report.o
       986         94          0          0         92       9874   settings.o
       460         74          0          4          0       4512   spindlecontrol.o
        36          8        236          0       1024        788   startup_stm32f103xb.o
      3096        186          0         16        972      10369   stepper.o
       164         28          0         12          0       3729   stm32f1xx_hal.o
       226         14          0          0          0      26754   stm32f1xx_hal_cortex.o
       152          4          0          0          0       1071   stm32f1xx_hal_dma.o
       392         46          0          0         32       4598   stm32f1xx_hal_flash.o
       240         26          0          0          0       3181   stm32f1xx_hal_flash_ex.o
       472         36          0          0          0       4008   stm32f1xx_hal_gpio.o
       144         10          0          0          0        874   stm32f1xx_hal_msp.o
      1296        104          0          0          0       5528   stm32f1xx_hal_rcc.o
      1358         38          0          0          0      13622   stm32f1xx_hal_tim.o
        80          0          0          0          0       1244   stm32f1xx_hal_tim_ex.o
      1114         10          0          0          0       6617   stm32f1xx_hal_uart.o
        42          6          0          0          0       4094   stm32f1xx_it.o
      1116        100          0          0          0      15299   system.o
        36          0          0          0          0       1306   system32.o
        72         16         24          4          0       1115   system_stm32f1xx.o
       460         72          0          0        128       2809   tim.o
       180         36          0          0         64       2826   usart.o
       558         38          0          0          0       4163   util.o

    ----------------------------------------------------------------------
     27656       2374        368         92       9288     662315   Object Totals
         0          0         32          0          0          0   (incl. Generated)
        54          0          2          7         10          0   (incl. Padding)

    ----------------------------------------------------------------------

      Code (inc. data)   RO Data    RW Data    ZI Data      Debug   Library Member Name

       636         62         80          0          0        188   acos.o
       624         52         80          0          0        168   asin.o
       544         70        152          0          0        124   atan.o
       384         38          0          0          0        144   atan2.o
       220         16          0          0          0         84   ceil.o
       156          8          0          0          0        104   cos.o
       252         22         48          0          0        124   cos_i.o
        38          6          0          0          0        272   dunder.o
       220         16          0          0          0         84   floor.o
        40          0          0          0          0         68   fpclassify.o
       196         26          0          0          0        100   lround.o
       170          0          0          0          0         96   poly.o
         0          0          8          0          0          0   qnan.o
       148         12          0          0          0         88   round.o
       904         76        200          0          0        140   rred.o
       160         10          0          0          0        108   sin.o
       236         12         40          0          0        128   sin_i.o
        76          0          0          0          0         84   sqrt.o
       100          4          0          0          0         84   trunc.o
         0          0          0          0          0          0   entry.o
         0          0          0          0          0          0   entry10a.o
         0          0          0          0          0          0   entry11a.o
         8          4          0          0          0          0   entry2.o
         4          0          0          0          0          0   entry5.o
         0          0          0          0          0          0   entry7b.o
         0          0          0          0          0          0   entry8b.o
         8          4          0          0          0          0   entry9a.o
        12          6          0          4          0         68   errno.o
        30          0          0          0          0          0   handlers.o
        36          8          0          0          0         68   init.o
         0          0          0          0          0          0   iusefp.o
        30          0          0          0          0         68   llshl.o
        36          0          0          0          0         68   llsshr.o
        32          0          0          0          0         68   llushr.o
        26          0          0          0          0         80   memcmp.o
        36          0          0          0          0         68   memcpya.o
        36          0          0          0          0        108   memseta.o
      2292         84          0          0          0        516   printfa.o
        44          0          0          0          0         80   uidiv.o
        98          0          0          0          0         92   uldiv.o
        48          0          0          0          0         68   cdcmple.o
        48          0          0          0          0         68   cdrcmple.o
        20          0          0          0          0         68   cfcmple.o
        20          0          0          0          0         68   cfrcmple.o
        56          0          0          0          0         88   d2f.o
       334          0          0          0          0        148   dadd.o
       222          0          0          0          0        100   ddiv.o
       186          0          0          0          0        176   depilogue.o
        62          0          0          0          0         80   dfixi.o
       168          0          0          0          0         88   dfixir.o
        50          0          0          0          0         76   dfixui.o
        48          0          0          0          0         68   dfixul.o
        34          0          0          0          0         76   dflti.o
        26          0          0          0          0         76   dfltui.o
       228          0          0          0          0         96   dmul.o
       136          4          0          0          0         92   drnd.o
        46          0          0          0          0         80   dscalb.o
       162          0          0          0          0        100   dsqrt.o
        38          0          0          0          0         68   f2d.o
       176          0          0          0          0        140   fadd.o
       124          0          0          0          0         88   fdiv.o
       110          0          0          0          0        168   fepilogue.o
        50          0          0          0          0         68   ffixi.o
        40          0          0          0          0         68   ffixui.o
        18          0          0          0          0         68   fflti.o
        10          0          0          0          0         68   ffltui.o
       100          0          0          0          0         76   fmul.o
        24          0          0          0          0         68   fscalb.o

    ----------------------------------------------------------------------
     10428        540        608          4          0       5968   Library Totals
        12          0          0          0          0          0   (incl. Padding)

    ----------------------------------------------------------------------

      Code (inc. data)   RO Data    RW Data    ZI Data      Debug   Library Name

      5104        430        608          0          0       2188   m_ws.l
      2728        106          0          4          0       1284   mc_w.l
      2584          4          0          0          0       2496   mf_w.l

    ----------------------------------------------------------------------
     10428        540        608          4          0       5968   Library Totals

    ----------------------------------------------------------------------

==============================================================================


      Code (inc. data)   RO Data    RW Data    ZI Data      Debug   

     38084       2914        976         96       9288     652835   Grand Totals
     38084       2914        976         96       9288     652835   ELF Image Totals
     38084       2914        976         96          0          0   ROM Totals

==============================================================================

    Total RO  Size (Code + RO Data)                39060 (  38.14kB)
    Total RW  Size (RW Data + ZI Data)              9384 (   9.16kB)
    Total ROM Size (Code + RO Data + RW Data)      39156 (  38.24kB)

==============================================================================

